Restler Information: 0 : Starting task Test...
    DateTime=2026-06-15T09:41:43.1844524Z
Restler Information: 0 : Launching 'python.exe --version'
    DateTime=2026-06-15T09:41:44.5473689Z
Restler Information: 0 : Process execution terminated in 00:00:00.0390236 with exit code 0x0: 'python.exe --version'
    DateTime=2026-06-15T09:41:44.7743733Z
Restler Information: 0 : (380) python.exe --version exited with code: 0
    DateTime=2026-06-15T09:41:44.7793520Z
Restler Information: 0 : Launching 'python.exe -B "C:\Users\RLJ\Desktop\study\restler_bin\restler\../engine/restler.py" --restler_grammar "C:\Users\RLJ\Desktop\study\restler_bin\parallel_runs\parallel-20260615-174130\batch_2\task_5\grammar.py" --custom_mutations "C:\Users\RLJ\Desktop\study\restler_bin\parallel_runs\parallel-20260615-174130\batch_2\task_5\dict.json" --set_version 9.3.1    --no_ssl   --settings "C:\Users\RLJ\Desktop\study\restler_bin\engine_settings.json"     --include_user_agent --no_tokens_in_logs t --garbage_collection_interval 30 --fuzzing_mode directed-smoke-test'
    DateTime=2026-06-15T09:41:44.7907241Z
Restler Information: 0 : Process execution terminated in 00:00:02.2417091 with exit code 0x0: 'python.exe -B "C:\Users\RLJ\Desktop\study\restler_bin\restler\../engine/restler.py" --restler_grammar "C:\Users\RLJ\Desktop\study\restler_bin\parallel_runs\parallel-20260615-174130\batch_2\task_5\grammar.py" --custom_mutations "C:\Users\RLJ\Desktop\study\restler_bin\parallel_runs\parallel-20260615-174130\batch_2\task_5\dict.json" --set_version 9.3.1    --no_ssl   --settings "C:\Users\RLJ\Desktop\study\restler_bin\engine_settings.json"     --include_user_agent --no_tokens_in_logs t --garbage_collection_interval 30 --fuzzing_mode directed-smoke-test'
    DateTime=2026-06-15T09:41:47.0326315Z
Restler Information: 0 : (18868) python.exe -B "C:\Users\RLJ\Desktop\study\restler_bin\restler\../engine/restler.py" --restler_grammar "C:\Users\RLJ\Desktop\study\restler_bin\parallel_runs\parallel-20260615-174130\batch_2\task_5\grammar.py" --custom_mutations "C:\Users\RLJ\Desktop\study\restler_bin\parallel_runs\parallel-20260615-174130\batch_2\task_5\dict.json" --set_version 9.3.1    --no_ssl   --settings "C:\Users\RLJ\Desktop\study\restler_bin\engine_settings.json"     --include_user_agent --no_tokens_in_logs t --garbage_collection_interval 30 --fuzzing_mode directed-smoke-test exited with code: 0
    DateTime=2026-06-15T09:41:47.0327404Z
Restler Information: 0 : Launching 'dotnet "C:\Users\RLJ\Desktop\study\restler_bin\restler\../resultsAnalyzer/Restler.ResultsAnalyzer.dll" analyze "C:\Users\RLJ\Desktop\study\restler_bin\parallel_runs\parallel-20260615-174130\batch_2\task_5\Test" --output_dir "C:\Users\RLJ\Desktop\study\restler_bin\parallel_runs\parallel-20260615-174130\batch_2\task_5\Test\ResponseBuckets" --dictionary_file "C:\Users\RLJ\Desktop\study\restler_bin\parallel_runs\parallel-20260615-174130\batch_2\task_5\dict.json" --max_instances_per_bucket 10'
    DateTime=2026-06-15T09:41:47.0472033Z
Restler Information: 0 : Process execution terminated in 00:00:00.2757141 with exit code 0x1: 'dotnet "C:\Users\RLJ\Desktop\study\restler_bin\restler\../resultsAnalyzer/Restler.ResultsAnalyzer.dll" analyze "C:\Users\RLJ\Desktop\study\restler_bin\parallel_runs\parallel-20260615-174130\batch_2\task_5\Test" --output_dir "C:\Users\RLJ\Desktop\study\restler_bin\parallel_runs\parallel-20260615-174130\batch_2\task_5\Test\ResponseBuckets" --dictionary_file "C:\Users\RLJ\Desktop\study\restler_bin\parallel_runs\parallel-20260615-174130\batch_2\task_5\dict.json" --max_instances_per_bucket 10'
    DateTime=2026-06-15T09:41:47.3231075Z
Restler Information: 0 : (23980) dotnet "C:\Users\RLJ\Desktop\study\restler_bin\restler\../resultsAnalyzer/Restler.ResultsAnalyzer.dll" analyze "C:\Users\RLJ\Desktop\study\restler_bin\parallel_runs\parallel-20260615-174130\batch_2\task_5\Test" --output_dir "C:\Users\RLJ\Desktop\study\restler_bin\parallel_runs\parallel-20260615-174130\batch_2\task_5\Test\ResponseBuckets" --dictionary_file "C:\Users\RLJ\Desktop\study\restler_bin\parallel_runs\parallel-20260615-174130\batch_2\task_5\dict.json" --max_instances_per_bucket 10 exited with code: 1
    DateTime=2026-06-15T09:41:47.3232898Z
Restler Error: 0 : Results analyzer for logs in C:\Users\RLJ\Desktop\study\restler_bin\parallel_runs\parallel-20260615-174130\batch_2\task_5\Test failed.
    DateTime=2026-06-15T09:41:47.3294587Z
Restler Information: 0 : Request coverage (successful / total): 3 / 5
    DateTime=2026-06-15T09:41:47.4361005Z
Restler Information: 0 : Attempted requests: 5 / 5
    DateTime=2026-06-15T09:41:47.4361630Z
Restler Information: 0 : No bugs were found.
    DateTime=2026-06-15T09:41:47.4381005Z
Restler Information: 0 : See 'coverage_failures_to_investigate.txt' to investigate API coverage.
    DateTime=2026-06-15T09:41:47.5144992Z
Restler Information: 0 : Task Test succeeded.
    DateTime=2026-06-15T09:41:47.5170210Z
Restler Information: 0 : Collecting logs...
    DateTime=2026-06-15T09:41:48.0244295Z
