Restler Information: 0 : Starting task Test...
    DateTime=2026-06-15T09:41:30.6586781Z
Restler Information: 0 : Launching 'python.exe --version'
    DateTime=2026-06-15T09:41:31.9851155Z
Restler Information: 0 : Process execution terminated in 00:00:00.0482517 with exit code 0x0: 'python.exe --version'
    DateTime=2026-06-15T09:41:32.2517561Z
Restler Information: 0 : (22916) python.exe --version exited with code: 0
    DateTime=2026-06-15T09:41:32.2583898Z
Restler Information: 0 : Launching 'python.exe -B "C:\Users\RLJ\Desktop\study\restler_bin\restler\../engine/restler.py" --restler_grammar "C:\Users\RLJ\Desktop\study\restler_bin\parallel_runs\parallel-20260615-174130\batch_0\task_1\grammar.py" --custom_mutations "C:\Users\RLJ\Desktop\study\restler_bin\parallel_runs\parallel-20260615-174130\batch_0\task_1\dict.json" --set_version 9.3.1    --no_ssl   --settings "C:\Users\RLJ\Desktop\study\restler_bin\engine_settings.json"     --include_user_agent --no_tokens_in_logs t --garbage_collection_interval 30 --fuzzing_mode directed-smoke-test'
    DateTime=2026-06-15T09:41:32.2722209Z
Restler Information: 0 : Process execution terminated in 00:00:04.5797909 with exit code 0x0: 'python.exe -B "C:\Users\RLJ\Desktop\study\restler_bin\restler\../engine/restler.py" --restler_grammar "C:\Users\RLJ\Desktop\study\restler_bin\parallel_runs\parallel-20260615-174130\batch_0\task_1\grammar.py" --custom_mutations "C:\Users\RLJ\Desktop\study\restler_bin\parallel_runs\parallel-20260615-174130\batch_0\task_1\dict.json" --set_version 9.3.1    --no_ssl   --settings "C:\Users\RLJ\Desktop\study\restler_bin\engine_settings.json"     --include_user_agent --no_tokens_in_logs t --garbage_collection_interval 30 --fuzzing_mode directed-smoke-test'
    DateTime=2026-06-15T09:41:36.8521975Z
Restler Information: 0 : (21532) python.exe -B "C:\Users\RLJ\Desktop\study\restler_bin\restler\../engine/restler.py" --restler_grammar "C:\Users\RLJ\Desktop\study\restler_bin\parallel_runs\parallel-20260615-174130\batch_0\task_1\grammar.py" --custom_mutations "C:\Users\RLJ\Desktop\study\restler_bin\parallel_runs\parallel-20260615-174130\batch_0\task_1\dict.json" --set_version 9.3.1    --no_ssl   --settings "C:\Users\RLJ\Desktop\study\restler_bin\engine_settings.json"     --include_user_agent --no_tokens_in_logs t --garbage_collection_interval 30 --fuzzing_mode directed-smoke-test exited with code: 0
    DateTime=2026-06-15T09:41:36.8522937Z
Restler Information: 0 : Launching 'dotnet "C:\Users\RLJ\Desktop\study\restler_bin\restler\../resultsAnalyzer/Restler.ResultsAnalyzer.dll" analyze "C:\Users\RLJ\Desktop\study\restler_bin\parallel_runs\parallel-20260615-174130\batch_0\task_1\Test" --output_dir "C:\Users\RLJ\Desktop\study\restler_bin\parallel_runs\parallel-20260615-174130\batch_0\task_1\Test\ResponseBuckets" --dictionary_file "C:\Users\RLJ\Desktop\study\restler_bin\parallel_runs\parallel-20260615-174130\batch_0\task_1\dict.json" --max_instances_per_bucket 10'
    DateTime=2026-06-15T09:41:36.8652767Z
Restler Information: 0 : Process execution terminated in 00:00:00.2287175 with exit code 0x1: 'dotnet "C:\Users\RLJ\Desktop\study\restler_bin\restler\../resultsAnalyzer/Restler.ResultsAnalyzer.dll" analyze "C:\Users\RLJ\Desktop\study\restler_bin\parallel_runs\parallel-20260615-174130\batch_0\task_1\Test" --output_dir "C:\Users\RLJ\Desktop\study\restler_bin\parallel_runs\parallel-20260615-174130\batch_0\task_1\Test\ResponseBuckets" --dictionary_file "C:\Users\RLJ\Desktop\study\restler_bin\parallel_runs\parallel-20260615-174130\batch_0\task_1\dict.json" --max_instances_per_bucket 10'
    DateTime=2026-06-15T09:41:37.0941193Z
Restler Information: 0 : (17568) dotnet "C:\Users\RLJ\Desktop\study\restler_bin\restler\../resultsAnalyzer/Restler.ResultsAnalyzer.dll" analyze "C:\Users\RLJ\Desktop\study\restler_bin\parallel_runs\parallel-20260615-174130\batch_0\task_1\Test" --output_dir "C:\Users\RLJ\Desktop\study\restler_bin\parallel_runs\parallel-20260615-174130\batch_0\task_1\Test\ResponseBuckets" --dictionary_file "C:\Users\RLJ\Desktop\study\restler_bin\parallel_runs\parallel-20260615-174130\batch_0\task_1\dict.json" --max_instances_per_bucket 10 exited with code: 1
    DateTime=2026-06-15T09:41:37.0942205Z
Restler Error: 0 : Results analyzer for logs in C:\Users\RLJ\Desktop\study\restler_bin\parallel_runs\parallel-20260615-174130\batch_0\task_1\Test failed.
    DateTime=2026-06-15T09:41:37.0985813Z
Restler Information: 0 : Request coverage (successful / total): 2 / 5
    DateTime=2026-06-15T09:41:37.1884762Z
Restler Information: 0 : Attempted requests: 5 / 5
    DateTime=2026-06-15T09:41:37.1885575Z
Restler Information: 0 : No bugs were found.
    DateTime=2026-06-15T09:41:37.1917915Z
Restler Information: 0 : See 'coverage_failures_to_investigate.txt' to investigate API coverage.
    DateTime=2026-06-15T09:41:37.2677324Z
Restler Information: 0 : Task Test succeeded.
    DateTime=2026-06-15T09:41:37.2707469Z
Restler Information: 0 : Collecting logs...
    DateTime=2026-06-15T09:41:37.7441101Z
