Restler Information: 0 : Starting task Test...
    DateTime=2026-06-15T09:52:29.7045845Z
Restler Information: 0 : Launching 'python.exe --version'
    DateTime=2026-06-15T09:52:31.0322119Z
Restler Information: 0 : Process execution terminated in 00:00:00.0426964 with exit code 0x0: 'python.exe --version'
    DateTime=2026-06-15T09:52:31.2722972Z
Restler Information: 0 : (1852) python.exe --version exited with code: 0
    DateTime=2026-06-15T09:52:31.2783598Z
Restler Information: 0 : Launching 'python.exe -B "C:\Users\RLJ\Desktop\study\restler_bin\restler\../engine/restler.py" --restler_grammar "C:\Users\RLJ\Desktop\study\restler_bin\parallel_runs\parallel-20260615-175223\batch_1\task_3\grammar.py" --custom_mutations "C:\Users\RLJ\Desktop\study\restler_bin\parallel_runs\parallel-20260615-175223\batch_1\task_3\dict.json" --set_version 9.3.1    --no_ssl   --settings "C:\Users\RLJ\Desktop\study\restler_bin\engine_settings.json"     --include_user_agent --no_tokens_in_logs t --garbage_collection_interval 30 --fuzzing_mode directed-smoke-test'
    DateTime=2026-06-15T09:52:31.2917342Z
Restler Information: 0 : Process execution terminated in 00:00:02.3061232 with exit code 0x0: 'python.exe -B "C:\Users\RLJ\Desktop\study\restler_bin\restler\../engine/restler.py" --restler_grammar "C:\Users\RLJ\Desktop\study\restler_bin\parallel_runs\parallel-20260615-175223\batch_1\task_3\grammar.py" --custom_mutations "C:\Users\RLJ\Desktop\study\restler_bin\parallel_runs\parallel-20260615-175223\batch_1\task_3\dict.json" --set_version 9.3.1    --no_ssl   --settings "C:\Users\RLJ\Desktop\study\restler_bin\engine_settings.json"     --include_user_agent --no_tokens_in_logs t --garbage_collection_interval 30 --fuzzing_mode directed-smoke-test'
    DateTime=2026-06-15T09:52:33.5982182Z
Restler Information: 0 : (396) python.exe -B "C:\Users\RLJ\Desktop\study\restler_bin\restler\../engine/restler.py" --restler_grammar "C:\Users\RLJ\Desktop\study\restler_bin\parallel_runs\parallel-20260615-175223\batch_1\task_3\grammar.py" --custom_mutations "C:\Users\RLJ\Desktop\study\restler_bin\parallel_runs\parallel-20260615-175223\batch_1\task_3\dict.json" --set_version 9.3.1    --no_ssl   --settings "C:\Users\RLJ\Desktop\study\restler_bin\engine_settings.json"     --include_user_agent --no_tokens_in_logs t --garbage_collection_interval 30 --fuzzing_mode directed-smoke-test exited with code: 0
    DateTime=2026-06-15T09:52:33.5984447Z
Restler Information: 0 : Launching 'dotnet "C:\Users\RLJ\Desktop\study\restler_bin\restler\../resultsAnalyzer/Restler.ResultsAnalyzer.dll" analyze "C:\Users\RLJ\Desktop\study\restler_bin\parallel_runs\parallel-20260615-175223\batch_1\task_3\Test" --output_dir "C:\Users\RLJ\Desktop\study\restler_bin\parallel_runs\parallel-20260615-175223\batch_1\task_3\Test\ResponseBuckets" --dictionary_file "C:\Users\RLJ\Desktop\study\restler_bin\parallel_runs\parallel-20260615-175223\batch_1\task_3\dict.json" --max_instances_per_bucket 10'
    DateTime=2026-06-15T09:52:33.6090676Z
Restler Information: 0 : Process execution terminated in 00:00:00.2762282 with exit code 0x1: 'dotnet "C:\Users\RLJ\Desktop\study\restler_bin\restler\../resultsAnalyzer/Restler.ResultsAnalyzer.dll" analyze "C:\Users\RLJ\Desktop\study\restler_bin\parallel_runs\parallel-20260615-175223\batch_1\task_3\Test" --output_dir "C:\Users\RLJ\Desktop\study\restler_bin\parallel_runs\parallel-20260615-175223\batch_1\task_3\Test\ResponseBuckets" --dictionary_file "C:\Users\RLJ\Desktop\study\restler_bin\parallel_runs\parallel-20260615-175223\batch_1\task_3\dict.json" --max_instances_per_bucket 10'
    DateTime=2026-06-15T09:52:33.8854536Z
Restler Information: 0 : (3016) dotnet "C:\Users\RLJ\Desktop\study\restler_bin\restler\../resultsAnalyzer/Restler.ResultsAnalyzer.dll" analyze "C:\Users\RLJ\Desktop\study\restler_bin\parallel_runs\parallel-20260615-175223\batch_1\task_3\Test" --output_dir "C:\Users\RLJ\Desktop\study\restler_bin\parallel_runs\parallel-20260615-175223\batch_1\task_3\Test\ResponseBuckets" --dictionary_file "C:\Users\RLJ\Desktop\study\restler_bin\parallel_runs\parallel-20260615-175223\batch_1\task_3\dict.json" --max_instances_per_bucket 10 exited with code: 1
    DateTime=2026-06-15T09:52:33.8855504Z
Restler Error: 0 : Results analyzer for logs in C:\Users\RLJ\Desktop\study\restler_bin\parallel_runs\parallel-20260615-175223\batch_1\task_3\Test failed.
    DateTime=2026-06-15T09:52:33.8905604Z
Restler Information: 0 : Request coverage (successful / total): 2 / 5
    DateTime=2026-06-15T09:52:33.9846646Z
Restler Information: 0 : Attempted requests: 5 / 5
    DateTime=2026-06-15T09:52:33.9847329Z
Restler Information: 0 : No bugs were found.
    DateTime=2026-06-15T09:52:33.9860433Z
Restler Information: 0 : See 'coverage_failures_to_investigate.txt' to investigate API coverage.
    DateTime=2026-06-15T09:52:34.0467318Z
Restler Information: 0 : Task Test succeeded.
    DateTime=2026-06-15T09:52:34.0489946Z
Restler Information: 0 : Collecting logs...
    DateTime=2026-06-15T09:52:34.5431090Z
