Restler Information: 0 : Starting task Test...
    DateTime=2026-06-15T10:14:55.4754867Z
Restler Information: 0 : Launching 'python.exe --version'
    DateTime=2026-06-15T10:14:56.9026026Z
Restler Information: 0 : Process execution terminated in 00:00:00.0389042 with exit code 0x0: 'python.exe --version'
    DateTime=2026-06-15T10:14:57.1369760Z
Restler Information: 0 : (3048) python.exe --version exited with code: 0
    DateTime=2026-06-15T10:14:57.1432205Z
Restler Information: 0 : Launching 'python.exe -B "C:\Users\RLJ\Desktop\study\restler_bin\restler\../engine/restler.py" --restler_grammar "C:\Users\RLJ\Desktop\study\restler_bin\parallel_runs\parallel-20260615-181438\batch_4\task_1_delete\grammar.py" --custom_mutations "C:\Users\RLJ\Desktop\study\restler_bin\parallel_runs\parallel-20260615-181438\batch_4\task_1_delete\dict.json" --set_version 9.3.1    --no_ssl   --settings "C:\Users\RLJ\Desktop\study\restler_bin\engine_settings.json"     --include_user_agent --no_tokens_in_logs t --garbage_collection_interval 30 --fuzzing_mode directed-smoke-test'
    DateTime=2026-06-15T10:14:57.1547747Z
Restler Information: 0 : Process execution terminated in 00:00:00.8138207 with exit code 0x0: 'python.exe -B "C:\Users\RLJ\Desktop\study\restler_bin\restler\../engine/restler.py" --restler_grammar "C:\Users\RLJ\Desktop\study\restler_bin\parallel_runs\parallel-20260615-181438\batch_4\task_1_delete\grammar.py" --custom_mutations "C:\Users\RLJ\Desktop\study\restler_bin\parallel_runs\parallel-20260615-181438\batch_4\task_1_delete\dict.json" --set_version 9.3.1    --no_ssl   --settings "C:\Users\RLJ\Desktop\study\restler_bin\engine_settings.json"     --include_user_agent --no_tokens_in_logs t --garbage_collection_interval 30 --fuzzing_mode directed-smoke-test'
    DateTime=2026-06-15T10:14:57.9687204Z
Restler Information: 0 : (23300) python.exe -B "C:\Users\RLJ\Desktop\study\restler_bin\restler\../engine/restler.py" --restler_grammar "C:\Users\RLJ\Desktop\study\restler_bin\parallel_runs\parallel-20260615-181438\batch_4\task_1_delete\grammar.py" --custom_mutations "C:\Users\RLJ\Desktop\study\restler_bin\parallel_runs\parallel-20260615-181438\batch_4\task_1_delete\dict.json" --set_version 9.3.1    --no_ssl   --settings "C:\Users\RLJ\Desktop\study\restler_bin\engine_settings.json"     --include_user_agent --no_tokens_in_logs t --garbage_collection_interval 30 --fuzzing_mode directed-smoke-test exited with code: 0
    DateTime=2026-06-15T10:14:57.9688146Z
Restler Information: 0 : Launching 'dotnet "C:\Users\RLJ\Desktop\study\restler_bin\restler\../resultsAnalyzer/Restler.ResultsAnalyzer.dll" analyze "C:\Users\RLJ\Desktop\study\restler_bin\parallel_runs\parallel-20260615-181438\batch_4\task_1_delete\Test" --output_dir "C:\Users\RLJ\Desktop\study\restler_bin\parallel_runs\parallel-20260615-181438\batch_4\task_1_delete\Test\ResponseBuckets" --dictionary_file "C:\Users\RLJ\Desktop\study\restler_bin\parallel_runs\parallel-20260615-181438\batch_4\task_1_delete\dict.json" --max_instances_per_bucket 10'
    DateTime=2026-06-15T10:14:57.9815591Z
Restler Information: 0 : Process execution terminated in 00:00:00.2741723 with exit code 0x1: 'dotnet "C:\Users\RLJ\Desktop\study\restler_bin\restler\../resultsAnalyzer/Restler.ResultsAnalyzer.dll" analyze "C:\Users\RLJ\Desktop\study\restler_bin\parallel_runs\parallel-20260615-181438\batch_4\task_1_delete\Test" --output_dir "C:\Users\RLJ\Desktop\study\restler_bin\parallel_runs\parallel-20260615-181438\batch_4\task_1_delete\Test\ResponseBuckets" --dictionary_file "C:\Users\RLJ\Desktop\study\restler_bin\parallel_runs\parallel-20260615-181438\batch_4\task_1_delete\dict.json" --max_instances_per_bucket 10'
    DateTime=2026-06-15T10:14:58.2558761Z
Restler Information: 0 : (3592) dotnet "C:\Users\RLJ\Desktop\study\restler_bin\restler\../resultsAnalyzer/Restler.ResultsAnalyzer.dll" analyze "C:\Users\RLJ\Desktop\study\restler_bin\parallel_runs\parallel-20260615-181438\batch_4\task_1_delete\Test" --output_dir "C:\Users\RLJ\Desktop\study\restler_bin\parallel_runs\parallel-20260615-181438\batch_4\task_1_delete\Test\ResponseBuckets" --dictionary_file "C:\Users\RLJ\Desktop\study\restler_bin\parallel_runs\parallel-20260615-181438\batch_4\task_1_delete\dict.json" --max_instances_per_bucket 10 exited with code: 1
    DateTime=2026-06-15T10:14:58.2559739Z
Restler Error: 0 : Results analyzer for logs in C:\Users\RLJ\Desktop\study\restler_bin\parallel_runs\parallel-20260615-181438\batch_4\task_1_delete\Test failed.
    DateTime=2026-06-15T10:14:58.2621226Z
Restler Information: 0 : Request coverage (successful / total): 1 / 1
    DateTime=2026-06-15T10:14:58.3486505Z
Restler Information: 0 : Attempted requests: 1 / 1
    DateTime=2026-06-15T10:14:58.3487266Z
Restler Information: 0 : No bugs were found.
    DateTime=2026-06-15T10:14:58.3503684Z
Restler Information: 0 : Task Test succeeded.
    DateTime=2026-06-15T10:14:58.3601597Z
Restler Information: 0 : Collecting logs...
    DateTime=2026-06-15T10:14:58.7947375Z
