Restler Information: 0 : Starting task Test...
    DateTime=2026-06-15T10:14:42.6385773Z
Restler Information: 0 : Launching 'python.exe --version'
    DateTime=2026-06-15T10:14:44.0168267Z
Restler Information: 0 : Process execution terminated in 00:00:00.0390573 with exit code 0x0: 'python.exe --version'
    DateTime=2026-06-15T10:14:44.2317189Z
Restler Information: 0 : (6424) python.exe --version exited with code: 0
    DateTime=2026-06-15T10:14:44.2366276Z
Restler Information: 0 : Launching 'python.exe -B "C:\Users\RLJ\Desktop\study\restler_bin\restler\../engine/restler.py" --restler_grammar "C:\Users\RLJ\Desktop\study\restler_bin\parallel_runs\parallel-20260615-181438\batch_1\task_2_non_delete\grammar.py" --custom_mutations "C:\Users\RLJ\Desktop\study\restler_bin\parallel_runs\parallel-20260615-181438\batch_1\task_2_non_delete\dict.json" --set_version 9.3.1    --no_ssl   --settings "C:\Users\RLJ\Desktop\study\restler_bin\engine_settings.json"     --include_user_agent --no_tokens_in_logs t --garbage_collection_interval 30 --fuzzing_mode directed-smoke-test'
    DateTime=2026-06-15T10:14:44.2469025Z
Restler Information: 0 : Process execution terminated in 00:00:00.8864590 with exit code 0x0: 'python.exe -B "C:\Users\RLJ\Desktop\study\restler_bin\restler\../engine/restler.py" --restler_grammar "C:\Users\RLJ\Desktop\study\restler_bin\parallel_runs\parallel-20260615-181438\batch_1\task_2_non_delete\grammar.py" --custom_mutations "C:\Users\RLJ\Desktop\study\restler_bin\parallel_runs\parallel-20260615-181438\batch_1\task_2_non_delete\dict.json" --set_version 9.3.1    --no_ssl   --settings "C:\Users\RLJ\Desktop\study\restler_bin\engine_settings.json"     --include_user_agent --no_tokens_in_logs t --garbage_collection_interval 30 --fuzzing_mode directed-smoke-test'
    DateTime=2026-06-15T10:14:45.1335690Z
Restler Information: 0 : (4392) python.exe -B "C:\Users\RLJ\Desktop\study\restler_bin\restler\../engine/restler.py" --restler_grammar "C:\Users\RLJ\Desktop\study\restler_bin\parallel_runs\parallel-20260615-181438\batch_1\task_2_non_delete\grammar.py" --custom_mutations "C:\Users\RLJ\Desktop\study\restler_bin\parallel_runs\parallel-20260615-181438\batch_1\task_2_non_delete\dict.json" --set_version 9.3.1    --no_ssl   --settings "C:\Users\RLJ\Desktop\study\restler_bin\engine_settings.json"     --include_user_agent --no_tokens_in_logs t --garbage_collection_interval 30 --fuzzing_mode directed-smoke-test exited with code: 0
    DateTime=2026-06-15T10:14:45.1336545Z
Restler Information: 0 : Launching 'dotnet "C:\Users\RLJ\Desktop\study\restler_bin\restler\../resultsAnalyzer/Restler.ResultsAnalyzer.dll" analyze "C:\Users\RLJ\Desktop\study\restler_bin\parallel_runs\parallel-20260615-181438\batch_1\task_2_non_delete\Test" --output_dir "C:\Users\RLJ\Desktop\study\restler_bin\parallel_runs\parallel-20260615-181438\batch_1\task_2_non_delete\Test\ResponseBuckets" --dictionary_file "C:\Users\RLJ\Desktop\study\restler_bin\parallel_runs\parallel-20260615-181438\batch_1\task_2_non_delete\dict.json" --max_instances_per_bucket 10'
    DateTime=2026-06-15T10:14:45.1450894Z
Restler Information: 0 : Process execution terminated in 00:00:00.2384438 with exit code 0x1: 'dotnet "C:\Users\RLJ\Desktop\study\restler_bin\restler\../resultsAnalyzer/Restler.ResultsAnalyzer.dll" analyze "C:\Users\RLJ\Desktop\study\restler_bin\parallel_runs\parallel-20260615-181438\batch_1\task_2_non_delete\Test" --output_dir "C:\Users\RLJ\Desktop\study\restler_bin\parallel_runs\parallel-20260615-181438\batch_1\task_2_non_delete\Test\ResponseBuckets" --dictionary_file "C:\Users\RLJ\Desktop\study\restler_bin\parallel_runs\parallel-20260615-181438\batch_1\task_2_non_delete\dict.json" --max_instances_per_bucket 10'
    DateTime=2026-06-15T10:14:45.3836575Z
Restler Information: 0 : (14448) dotnet "C:\Users\RLJ\Desktop\study\restler_bin\restler\../resultsAnalyzer/Restler.ResultsAnalyzer.dll" analyze "C:\Users\RLJ\Desktop\study\restler_bin\parallel_runs\parallel-20260615-181438\batch_1\task_2_non_delete\Test" --output_dir "C:\Users\RLJ\Desktop\study\restler_bin\parallel_runs\parallel-20260615-181438\batch_1\task_2_non_delete\Test\ResponseBuckets" --dictionary_file "C:\Users\RLJ\Desktop\study\restler_bin\parallel_runs\parallel-20260615-181438\batch_1\task_2_non_delete\dict.json" --max_instances_per_bucket 10 exited with code: 1
    DateTime=2026-06-15T10:14:45.3837459Z
Restler Error: 0 : Results analyzer for logs in C:\Users\RLJ\Desktop\study\restler_bin\parallel_runs\parallel-20260615-181438\batch_1\task_2_non_delete\Test failed.
    DateTime=2026-06-15T10:14:45.3881867Z
Restler Information: 0 : Request coverage (successful / total): 4 / 4
    DateTime=2026-06-15T10:14:45.4693563Z
Restler Information: 0 : Attempted requests: 4 / 4
    DateTime=2026-06-15T10:14:45.4694179Z
Restler Information: 0 : No bugs were found.
    DateTime=2026-06-15T10:14:45.4708182Z
Restler Information: 0 : Task Test succeeded.
    DateTime=2026-06-15T10:14:45.4808066Z
Restler Information: 0 : Collecting logs...
    DateTime=2026-06-15T10:14:45.9817154Z
