Restler Information: 0 : Starting task FuzzLean...
    DateTime=2026-06-15T07:58:43.2848036Z
Restler Information: 0 : Launching 'python.exe --version'
    DateTime=2026-06-15T07:58:44.8293182Z
Restler Information: 0 : Process execution terminated in 00:00:00.0434046 with exit code 0x0: 'python.exe --version'
    DateTime=2026-06-15T07:58:44.8783831Z
Restler Information: 0 : (624) python.exe --version exited with code: 0
    DateTime=2026-06-15T07:58:44.8831902Z
Restler Information: 0 : Launching 'python.exe -B "C:\Users\RLJ\Desktop\study\restler_bin\restler\../engine/restler.py" --restler_grammar "C:\Users\RLJ\Desktop\study\restler_bin\parallel_runs\parallel-20260615-155820\batch_1\task_2\grammar.py" --custom_mutations "C:\Users\RLJ\Desktop\study\restler_bin\parallel_runs\parallel-20260615-155820\batch_1\task_2\dict.json" --set_version 9.3.1    --no_ssl   --settings "C:\Users\RLJ\Desktop\study\restler_bin\engine_settings.json" --enable_checkers * --disable_checkers namespacerule --time_budget 0.005000   --include_user_agent --no_tokens_in_logs t --garbage_collection_interval 30 --fuzzing_mode directed-smoke-test'
    DateTime=2026-06-15T07:58:44.8942462Z
Restler Information: 0 : Process execution terminated in 00:00:18.6417772 with exit code 0x0: 'python.exe -B "C:\Users\RLJ\Desktop\study\restler_bin\restler\../engine/restler.py" --restler_grammar "C:\Users\RLJ\Desktop\study\restler_bin\parallel_runs\parallel-20260615-155820\batch_1\task_2\grammar.py" --custom_mutations "C:\Users\RLJ\Desktop\study\restler_bin\parallel_runs\parallel-20260615-155820\batch_1\task_2\dict.json" --set_version 9.3.1    --no_ssl   --settings "C:\Users\RLJ\Desktop\study\restler_bin\engine_settings.json" --enable_checkers * --disable_checkers namespacerule --time_budget 0.005000   --include_user_agent --no_tokens_in_logs t --garbage_collection_interval 30 --fuzzing_mode directed-smoke-test'
    DateTime=2026-06-15T07:59:03.5362114Z
Restler Information: 0 : (10344) python.exe -B "C:\Users\RLJ\Desktop\study\restler_bin\restler\../engine/restler.py" --restler_grammar "C:\Users\RLJ\Desktop\study\restler_bin\parallel_runs\parallel-20260615-155820\batch_1\task_2\grammar.py" --custom_mutations "C:\Users\RLJ\Desktop\study\restler_bin\parallel_runs\parallel-20260615-155820\batch_1\task_2\dict.json" --set_version 9.3.1    --no_ssl   --settings "C:\Users\RLJ\Desktop\study\restler_bin\engine_settings.json" --enable_checkers * --disable_checkers namespacerule --time_budget 0.005000   --include_user_agent --no_tokens_in_logs t --garbage_collection_interval 30 --fuzzing_mode directed-smoke-test exited with code: 0
    DateTime=2026-06-15T07:59:03.5364053Z
Restler Information: 0 : Launching 'dotnet "C:\Users\RLJ\Desktop\study\restler_bin\restler\../resultsAnalyzer/Restler.ResultsAnalyzer.dll" analyze "C:\Users\RLJ\Desktop\study\restler_bin\parallel_runs\parallel-20260615-155820\batch_1\task_2\FuzzLean" --output_dir "C:\Users\RLJ\Desktop\study\restler_bin\parallel_runs\parallel-20260615-155820\batch_1\task_2\FuzzLean\ResponseBuckets" --dictionary_file "C:\Users\RLJ\Desktop\study\restler_bin\parallel_runs\parallel-20260615-155820\batch_1\task_2\dict.json" --max_instances_per_bucket 10'
    DateTime=2026-06-15T07:59:03.5478087Z
Restler Information: 0 : Process execution terminated in 00:00:00.2219297 with exit code 0x1: 'dotnet "C:\Users\RLJ\Desktop\study\restler_bin\restler\../resultsAnalyzer/Restler.ResultsAnalyzer.dll" analyze "C:\Users\RLJ\Desktop\study\restler_bin\parallel_runs\parallel-20260615-155820\batch_1\task_2\FuzzLean" --output_dir "C:\Users\RLJ\Desktop\study\restler_bin\parallel_runs\parallel-20260615-155820\batch_1\task_2\FuzzLean\ResponseBuckets" --dictionary_file "C:\Users\RLJ\Desktop\study\restler_bin\parallel_runs\parallel-20260615-155820\batch_1\task_2\dict.json" --max_instances_per_bucket 10'
    DateTime=2026-06-15T07:59:03.7698784Z
Restler Information: 0 : (6076) dotnet "C:\Users\RLJ\Desktop\study\restler_bin\restler\../resultsAnalyzer/Restler.ResultsAnalyzer.dll" analyze "C:\Users\RLJ\Desktop\study\restler_bin\parallel_runs\parallel-20260615-155820\batch_1\task_2\FuzzLean" --output_dir "C:\Users\RLJ\Desktop\study\restler_bin\parallel_runs\parallel-20260615-155820\batch_1\task_2\FuzzLean\ResponseBuckets" --dictionary_file "C:\Users\RLJ\Desktop\study\restler_bin\parallel_runs\parallel-20260615-155820\batch_1\task_2\dict.json" --max_instances_per_bucket 10 exited with code: 1
    DateTime=2026-06-15T07:59:03.7699916Z
Restler Error: 0 : Results analyzer for logs in C:\Users\RLJ\Desktop\study\restler_bin\parallel_runs\parallel-20260615-155820\batch_1\task_2\FuzzLean failed.
    DateTime=2026-06-15T07:59:03.7745198Z
Restler Information: 0 : Request coverage (successful / total): 0 / 5
    DateTime=2026-06-15T07:59:03.8548117Z
Restler Information: 0 : Attempted requests: 2 / 5
    DateTime=2026-06-15T07:59:03.8549293Z
Restler Information: 0 : No bugs were found.
    DateTime=2026-06-15T07:59:03.8568222Z
Restler Information: 0 : See 'coverage_failures_to_investigate.txt' to investigate API coverage.
    DateTime=2026-06-15T07:59:03.9087604Z
Restler Information: 0 : Task FuzzLean succeeded.
    DateTime=2026-06-15T07:59:03.9114282Z
Restler Information: 0 : Collecting logs...
    DateTime=2026-06-15T07:59:04.3458615Z
