Restler Information: 0 : Starting task Test...
    DateTime=2026-06-15T10:05:12.8520747Z
Restler Information: 0 : Launching 'python.exe --version'
    DateTime=2026-06-15T10:05:14.2918890Z
Restler Information: 0 : Process execution terminated in 00:00:00.0417247 with exit code 0x0: 'python.exe --version'
    DateTime=2026-06-15T10:05:14.5108162Z
Restler Information: 0 : (12688) python.exe --version exited with code: 0
    DateTime=2026-06-15T10:05:14.5156443Z
Restler Information: 0 : Launching 'python.exe -B "C:\Users\RLJ\Desktop\study\restler_bin\restler\../engine/restler.py" --restler_grammar "C:\Users\RLJ\Desktop\study\restler_bin\parallel_runs\parallel-20260615-180507\batch_1\task_2\grammar.py" --custom_mutations "C:\Users\RLJ\Desktop\study\restler_bin\parallel_runs\parallel-20260615-180507\batch_1\task_2\dict.json" --set_version 9.3.1    --no_ssl   --settings "C:\Users\RLJ\Desktop\study\restler_bin\engine_settings.json"     --include_user_agent --no_tokens_in_logs t --garbage_collection_interval 30 --fuzzing_mode directed-smoke-test'
    DateTime=2026-06-15T10:05:14.5268579Z
Restler Information: 0 : Process execution terminated in 00:00:04.1709147 with exit code 0x0: 'python.exe -B "C:\Users\RLJ\Desktop\study\restler_bin\restler\../engine/restler.py" --restler_grammar "C:\Users\RLJ\Desktop\study\restler_bin\parallel_runs\parallel-20260615-180507\batch_1\task_2\grammar.py" --custom_mutations "C:\Users\RLJ\Desktop\study\restler_bin\parallel_runs\parallel-20260615-180507\batch_1\task_2\dict.json" --set_version 9.3.1    --no_ssl   --settings "C:\Users\RLJ\Desktop\study\restler_bin\engine_settings.json"     --include_user_agent --no_tokens_in_logs t --garbage_collection_interval 30 --fuzzing_mode directed-smoke-test'
    DateTime=2026-06-15T10:05:18.6980700Z
Restler Information: 0 : (20600) python.exe -B "C:\Users\RLJ\Desktop\study\restler_bin\restler\../engine/restler.py" --restler_grammar "C:\Users\RLJ\Desktop\study\restler_bin\parallel_runs\parallel-20260615-180507\batch_1\task_2\grammar.py" --custom_mutations "C:\Users\RLJ\Desktop\study\restler_bin\parallel_runs\parallel-20260615-180507\batch_1\task_2\dict.json" --set_version 9.3.1    --no_ssl   --settings "C:\Users\RLJ\Desktop\study\restler_bin\engine_settings.json"     --include_user_agent --no_tokens_in_logs t --garbage_collection_interval 30 --fuzzing_mode directed-smoke-test exited with code: 0
    DateTime=2026-06-15T10:05:18.6982059Z
Restler Information: 0 : Launching 'dotnet "C:\Users\RLJ\Desktop\study\restler_bin\restler\../resultsAnalyzer/Restler.ResultsAnalyzer.dll" analyze "C:\Users\RLJ\Desktop\study\restler_bin\parallel_runs\parallel-20260615-180507\batch_1\task_2\Test" --output_dir "C:\Users\RLJ\Desktop\study\restler_bin\parallel_runs\parallel-20260615-180507\batch_1\task_2\Test\ResponseBuckets" --dictionary_file "C:\Users\RLJ\Desktop\study\restler_bin\parallel_runs\parallel-20260615-180507\batch_1\task_2\dict.json" --max_instances_per_bucket 10'
    DateTime=2026-06-15T10:05:18.7092408Z
Restler Information: 0 : Process execution terminated in 00:00:00.2467364 with exit code 0x1: 'dotnet "C:\Users\RLJ\Desktop\study\restler_bin\restler\../resultsAnalyzer/Restler.ResultsAnalyzer.dll" analyze "C:\Users\RLJ\Desktop\study\restler_bin\parallel_runs\parallel-20260615-180507\batch_1\task_2\Test" --output_dir "C:\Users\RLJ\Desktop\study\restler_bin\parallel_runs\parallel-20260615-180507\batch_1\task_2\Test\ResponseBuckets" --dictionary_file "C:\Users\RLJ\Desktop\study\restler_bin\parallel_runs\parallel-20260615-180507\batch_1\task_2\dict.json" --max_instances_per_bucket 10'
    DateTime=2026-06-15T10:05:18.9560782Z
Restler Information: 0 : (25060) dotnet "C:\Users\RLJ\Desktop\study\restler_bin\restler\../resultsAnalyzer/Restler.ResultsAnalyzer.dll" analyze "C:\Users\RLJ\Desktop\study\restler_bin\parallel_runs\parallel-20260615-180507\batch_1\task_2\Test" --output_dir "C:\Users\RLJ\Desktop\study\restler_bin\parallel_runs\parallel-20260615-180507\batch_1\task_2\Test\ResponseBuckets" --dictionary_file "C:\Users\RLJ\Desktop\study\restler_bin\parallel_runs\parallel-20260615-180507\batch_1\task_2\dict.json" --max_instances_per_bucket 10 exited with code: 1
    DateTime=2026-06-15T10:05:18.9561411Z
Restler Error: 0 : Results analyzer for logs in C:\Users\RLJ\Desktop\study\restler_bin\parallel_runs\parallel-20260615-180507\batch_1\task_2\Test failed.
    DateTime=2026-06-15T10:05:18.9611337Z
Restler Information: 0 : Request coverage (successful / total): 1 / 5
    DateTime=2026-06-15T10:05:19.0411358Z
Restler Information: 0 : Attempted requests: 5 / 5
    DateTime=2026-06-15T10:05:19.0411997Z
Restler Information: 0 : No bugs were found.
    DateTime=2026-06-15T10:05:19.0426663Z
Restler Information: 0 : See 'coverage_failures_to_investigate.txt' to investigate API coverage.
    DateTime=2026-06-15T10:05:19.1074729Z
Restler Information: 0 : Task Test succeeded.
    DateTime=2026-06-15T10:05:19.1107550Z
Restler Information: 0 : Collecting logs...
    DateTime=2026-06-15T10:05:19.5859059Z
