Restler Information: 0 : Starting task Test...
    DateTime=2026-06-15T09:16:36.6260779Z
Restler Information: 0 : Launching 'python.exe --version'
    DateTime=2026-06-15T09:16:38.0908710Z
Restler Information: 0 : Process execution terminated in 00:00:00.0525560 with exit code 0x0: 'python.exe --version'
    DateTime=2026-06-15T09:16:38.3283176Z
Restler Information: 0 : (12216) python.exe --version exited with code: 0
    DateTime=2026-06-15T09:16:38.3330720Z
Restler Information: 0 : Launching 'python.exe -B "C:\Users\RLJ\Desktop\study\restler_bin\restler\../engine/restler.py" --restler_grammar "C:\Users\RLJ\Desktop\study\restler_bin\combined_runs\semantic-parallel-20260615-171324\parallel_runs\parallel-20260615-171636\batch_0\task_0\grammar.py" --custom_mutations "C:\Users\RLJ\Desktop\study\restler_bin\combined_runs\semantic-parallel-20260615-171324\parallel_runs\parallel-20260615-171636\batch_0\task_0\dict.json" --set_version 9.3.1    --no_ssl   --settings "C:\Users\RLJ\Desktop\study\restler_bin\engine_settings.json"     --include_user_agent --no_tokens_in_logs t --garbage_collection_interval 30 --fuzzing_mode directed-smoke-test'
    DateTime=2026-06-15T09:16:38.3444336Z
Restler Information: 0 : Process execution terminated in 00:00:03.7256967 with exit code 0x0: 'python.exe -B "C:\Users\RLJ\Desktop\study\restler_bin\restler\../engine/restler.py" --restler_grammar "C:\Users\RLJ\Desktop\study\restler_bin\combined_runs\semantic-parallel-20260615-171324\parallel_runs\parallel-20260615-171636\batch_0\task_0\grammar.py" --custom_mutations "C:\Users\RLJ\Desktop\study\restler_bin\combined_runs\semantic-parallel-20260615-171324\parallel_runs\parallel-20260615-171636\batch_0\task_0\dict.json" --set_version 9.3.1    --no_ssl   --settings "C:\Users\RLJ\Desktop\study\restler_bin\engine_settings.json"     --include_user_agent --no_tokens_in_logs t --garbage_collection_interval 30 --fuzzing_mode directed-smoke-test'
    DateTime=2026-06-15T09:16:42.0703042Z
Restler Information: 0 : (1792) python.exe -B "C:\Users\RLJ\Desktop\study\restler_bin\restler\../engine/restler.py" --restler_grammar "C:\Users\RLJ\Desktop\study\restler_bin\combined_runs\semantic-parallel-20260615-171324\parallel_runs\parallel-20260615-171636\batch_0\task_0\grammar.py" --custom_mutations "C:\Users\RLJ\Desktop\study\restler_bin\combined_runs\semantic-parallel-20260615-171324\parallel_runs\parallel-20260615-171636\batch_0\task_0\dict.json" --set_version 9.3.1    --no_ssl   --settings "C:\Users\RLJ\Desktop\study\restler_bin\engine_settings.json"     --include_user_agent --no_tokens_in_logs t --garbage_collection_interval 30 --fuzzing_mode directed-smoke-test exited with code: 0
    DateTime=2026-06-15T09:16:42.0704437Z
Restler Information: 0 : Launching 'dotnet "C:\Users\RLJ\Desktop\study\restler_bin\restler\../resultsAnalyzer/Restler.ResultsAnalyzer.dll" analyze "C:\Users\RLJ\Desktop\study\restler_bin\combined_runs\semantic-parallel-20260615-171324\parallel_runs\parallel-20260615-171636\batch_0\task_0\Test" --output_dir "C:\Users\RLJ\Desktop\study\restler_bin\combined_runs\semantic-parallel-20260615-171324\parallel_runs\parallel-20260615-171636\batch_0\task_0\Test\ResponseBuckets" --dictionary_file "C:\Users\RLJ\Desktop\study\restler_bin\combined_runs\semantic-parallel-20260615-171324\parallel_runs\parallel-20260615-171636\batch_0\task_0\dict.json" --max_instances_per_bucket 10'
    DateTime=2026-06-15T09:16:42.0828927Z
Restler Information: 0 : Process execution terminated in 00:00:00.2294870 with exit code 0x1: 'dotnet "C:\Users\RLJ\Desktop\study\restler_bin\restler\../resultsAnalyzer/Restler.ResultsAnalyzer.dll" analyze "C:\Users\RLJ\Desktop\study\restler_bin\combined_runs\semantic-parallel-20260615-171324\parallel_runs\parallel-20260615-171636\batch_0\task_0\Test" --output_dir "C:\Users\RLJ\Desktop\study\restler_bin\combined_runs\semantic-parallel-20260615-171324\parallel_runs\parallel-20260615-171636\batch_0\task_0\Test\ResponseBuckets" --dictionary_file "C:\Users\RLJ\Desktop\study\restler_bin\combined_runs\semantic-parallel-20260615-171324\parallel_runs\parallel-20260615-171636\batch_0\task_0\dict.json" --max_instances_per_bucket 10'
    DateTime=2026-06-15T09:16:42.3125190Z
Restler Information: 0 : (5984) dotnet "C:\Users\RLJ\Desktop\study\restler_bin\restler\../resultsAnalyzer/Restler.ResultsAnalyzer.dll" analyze "C:\Users\RLJ\Desktop\study\restler_bin\combined_runs\semantic-parallel-20260615-171324\parallel_runs\parallel-20260615-171636\batch_0\task_0\Test" --output_dir "C:\Users\RLJ\Desktop\study\restler_bin\combined_runs\semantic-parallel-20260615-171324\parallel_runs\parallel-20260615-171636\batch_0\task_0\Test\ResponseBuckets" --dictionary_file "C:\Users\RLJ\Desktop\study\restler_bin\combined_runs\semantic-parallel-20260615-171324\parallel_runs\parallel-20260615-171636\batch_0\task_0\dict.json" --max_instances_per_bucket 10 exited with code: 1
    DateTime=2026-06-15T09:16:42.3126246Z
Restler Error: 0 : Results analyzer for logs in C:\Users\RLJ\Desktop\study\restler_bin\combined_runs\semantic-parallel-20260615-171324\parallel_runs\parallel-20260615-171636\batch_0\task_0\Test failed.
    DateTime=2026-06-15T09:16:42.3182711Z
Restler Information: 0 : Request coverage (successful / total): 1 / 5
    DateTime=2026-06-15T09:16:42.4016427Z
Restler Information: 0 : Attempted requests: 5 / 5
    DateTime=2026-06-15T09:16:42.4017094Z
Restler Information: 0 : No bugs were found.
    DateTime=2026-06-15T09:16:42.4031239Z
Restler Information: 0 : See 'coverage_failures_to_investigate.txt' to investigate API coverage.
    DateTime=2026-06-15T09:16:42.4659503Z
Restler Information: 0 : Task Test succeeded.
    DateTime=2026-06-15T09:16:42.4683486Z
Restler Information: 0 : Collecting logs...
    DateTime=2026-06-15T09:16:43.5669029Z
