Restler Information: 0 : Starting task Test...
    DateTime=2026-06-15T10:12:49.3884279Z
Restler Information: 0 : Launching 'python.exe --version'
    DateTime=2026-06-15T10:12:50.7912345Z
Restler Information: 0 : Process execution terminated in 00:00:00.0382725 with exit code 0x0: 'python.exe --version'
    DateTime=2026-06-15T10:12:51.0134502Z
Restler Information: 0 : (21752) python.exe --version exited with code: 0
    DateTime=2026-06-15T10:12:51.0181886Z
Restler Information: 0 : Launching 'python.exe -B "C:\Users\RLJ\Desktop\study\restler_bin\restler\../engine/restler.py" --restler_grammar "C:\Users\RLJ\Desktop\study\restler_bin\parallel_runs\parallel-20260615-181237\batch_3\task_6_non_delete\grammar.py" --custom_mutations "C:\Users\RLJ\Desktop\study\restler_bin\parallel_runs\parallel-20260615-181237\batch_3\task_6_non_delete\dict.json" --set_version 9.3.1    --no_ssl   --settings "C:\Users\RLJ\Desktop\study\restler_bin\engine_settings.json"     --include_user_agent --no_tokens_in_logs t --garbage_collection_interval 30 --fuzzing_mode directed-smoke-test'
    DateTime=2026-06-15T10:12:51.0276461Z
Restler Information: 0 : Process execution terminated in 00:00:02.5509605 with exit code 0x0: 'python.exe -B "C:\Users\RLJ\Desktop\study\restler_bin\restler\../engine/restler.py" --restler_grammar "C:\Users\RLJ\Desktop\study\restler_bin\parallel_runs\parallel-20260615-181237\batch_3\task_6_non_delete\grammar.py" --custom_mutations "C:\Users\RLJ\Desktop\study\restler_bin\parallel_runs\parallel-20260615-181237\batch_3\task_6_non_delete\dict.json" --set_version 9.3.1    --no_ssl   --settings "C:\Users\RLJ\Desktop\study\restler_bin\engine_settings.json"     --include_user_agent --no_tokens_in_logs t --garbage_collection_interval 30 --fuzzing_mode directed-smoke-test'
    DateTime=2026-06-15T10:12:53.5787683Z
Restler Information: 0 : (9184) python.exe -B "C:\Users\RLJ\Desktop\study\restler_bin\restler\../engine/restler.py" --restler_grammar "C:\Users\RLJ\Desktop\study\restler_bin\parallel_runs\parallel-20260615-181237\batch_3\task_6_non_delete\grammar.py" --custom_mutations "C:\Users\RLJ\Desktop\study\restler_bin\parallel_runs\parallel-20260615-181237\batch_3\task_6_non_delete\dict.json" --set_version 9.3.1    --no_ssl   --settings "C:\Users\RLJ\Desktop\study\restler_bin\engine_settings.json"     --include_user_agent --no_tokens_in_logs t --garbage_collection_interval 30 --fuzzing_mode directed-smoke-test exited with code: 0
    DateTime=2026-06-15T10:12:53.5788451Z
Restler Information: 0 : Launching 'dotnet "C:\Users\RLJ\Desktop\study\restler_bin\restler\../resultsAnalyzer/Restler.ResultsAnalyzer.dll" analyze "C:\Users\RLJ\Desktop\study\restler_bin\parallel_runs\parallel-20260615-181237\batch_3\task_6_non_delete\Test" --output_dir "C:\Users\RLJ\Desktop\study\restler_bin\parallel_runs\parallel-20260615-181237\batch_3\task_6_non_delete\Test\ResponseBuckets" --dictionary_file "C:\Users\RLJ\Desktop\study\restler_bin\parallel_runs\parallel-20260615-181237\batch_3\task_6_non_delete\dict.json" --max_instances_per_bucket 10'
    DateTime=2026-06-15T10:12:53.5930872Z
Restler Information: 0 : Process execution terminated in 00:00:00.2680837 with exit code 0x1: 'dotnet "C:\Users\RLJ\Desktop\study\restler_bin\restler\../resultsAnalyzer/Restler.ResultsAnalyzer.dll" analyze "C:\Users\RLJ\Desktop\study\restler_bin\parallel_runs\parallel-20260615-181237\batch_3\task_6_non_delete\Test" --output_dir "C:\Users\RLJ\Desktop\study\restler_bin\parallel_runs\parallel-20260615-181237\batch_3\task_6_non_delete\Test\ResponseBuckets" --dictionary_file "C:\Users\RLJ\Desktop\study\restler_bin\parallel_runs\parallel-20260615-181237\batch_3\task_6_non_delete\dict.json" --max_instances_per_bucket 10'
    DateTime=2026-06-15T10:12:53.8613246Z
Restler Information: 0 : (23676) dotnet "C:\Users\RLJ\Desktop\study\restler_bin\restler\../resultsAnalyzer/Restler.ResultsAnalyzer.dll" analyze "C:\Users\RLJ\Desktop\study\restler_bin\parallel_runs\parallel-20260615-181237\batch_3\task_6_non_delete\Test" --output_dir "C:\Users\RLJ\Desktop\study\restler_bin\parallel_runs\parallel-20260615-181237\batch_3\task_6_non_delete\Test\ResponseBuckets" --dictionary_file "C:\Users\RLJ\Desktop\study\restler_bin\parallel_runs\parallel-20260615-181237\batch_3\task_6_non_delete\dict.json" --max_instances_per_bucket 10 exited with code: 1
    DateTime=2026-06-15T10:12:53.8614270Z
Restler Error: 0 : Results analyzer for logs in C:\Users\RLJ\Desktop\study\restler_bin\parallel_runs\parallel-20260615-181237\batch_3\task_6_non_delete\Test failed.
    DateTime=2026-06-15T10:12:53.8667758Z
Restler Information: 0 : Request coverage (successful / total): 3 / 4
    DateTime=2026-06-15T10:12:53.9757595Z
Restler Information: 0 : Attempted requests: 4 / 4
    DateTime=2026-06-15T10:12:53.9758235Z
Restler Information: 0 : Bugs were found!
    DateTime=2026-06-15T10:12:53.9802538Z
Restler Information: 0 : Bug buckets:
    DateTime=2026-06-15T10:12:53.9803016Z
Restler Information: 0 : 
main_driver_500: 1
    DateTime=2026-06-15T10:12:53.9813534Z
Restler Information: 0 : See 'coverage_failures_to_investigate.txt' to investigate API coverage.
    DateTime=2026-06-15T10:12:54.0498898Z
Restler Information: 0 : Task Test succeeded.
    DateTime=2026-06-15T10:12:54.0528119Z
Restler Information: 0 : Collecting logs...
    DateTime=2026-06-15T10:12:54.5400266Z
