Restler Information: 0 : Starting task Test...
    DateTime=2026-06-15T10:10:11.3982018Z
Restler Information: 0 : Launching 'python.exe --version'
    DateTime=2026-06-15T10:10:12.6953832Z
Restler Information: 0 : Process execution terminated in 00:00:00.0362734 with exit code 0x0: 'python.exe --version'
    DateTime=2026-06-15T10:10:12.9110473Z
Restler Information: 0 : (8064) python.exe --version exited with code: 0
    DateTime=2026-06-15T10:10:12.9156490Z
Restler Information: 0 : Launching 'python.exe -B "C:\Users\RLJ\Desktop\study\restler_bin\restler\../engine/restler.py" --restler_grammar "C:\Users\RLJ\Desktop\study\restler_bin\parallel_runs\parallel-20260615-180950\batch_5\task_2_delete\grammar.py" --custom_mutations "C:\Users\RLJ\Desktop\study\restler_bin\parallel_runs\parallel-20260615-180950\batch_5\task_2_delete\dict.json" --set_version 9.3.1    --no_ssl   --settings "C:\Users\RLJ\Desktop\study\restler_bin\engine_settings.json"     --include_user_agent --no_tokens_in_logs t --garbage_collection_interval 30 --fuzzing_mode directed-smoke-test'
    DateTime=2026-06-15T10:10:12.9256323Z
Restler Information: 0 : Process execution terminated in 00:00:01.3219969 with exit code 0x0: 'python.exe -B "C:\Users\RLJ\Desktop\study\restler_bin\restler\../engine/restler.py" --restler_grammar "C:\Users\RLJ\Desktop\study\restler_bin\parallel_runs\parallel-20260615-180950\batch_5\task_2_delete\grammar.py" --custom_mutations "C:\Users\RLJ\Desktop\study\restler_bin\parallel_runs\parallel-20260615-180950\batch_5\task_2_delete\dict.json" --set_version 9.3.1    --no_ssl   --settings "C:\Users\RLJ\Desktop\study\restler_bin\engine_settings.json"     --include_user_agent --no_tokens_in_logs t --garbage_collection_interval 30 --fuzzing_mode directed-smoke-test'
    DateTime=2026-06-15T10:10:14.2478829Z
Restler Information: 0 : (15748) python.exe -B "C:\Users\RLJ\Desktop\study\restler_bin\restler\../engine/restler.py" --restler_grammar "C:\Users\RLJ\Desktop\study\restler_bin\parallel_runs\parallel-20260615-180950\batch_5\task_2_delete\grammar.py" --custom_mutations "C:\Users\RLJ\Desktop\study\restler_bin\parallel_runs\parallel-20260615-180950\batch_5\task_2_delete\dict.json" --set_version 9.3.1    --no_ssl   --settings "C:\Users\RLJ\Desktop\study\restler_bin\engine_settings.json"     --include_user_agent --no_tokens_in_logs t --garbage_collection_interval 30 --fuzzing_mode directed-smoke-test exited with code: 0
    DateTime=2026-06-15T10:10:14.2480483Z
Restler Information: 0 : Launching 'dotnet "C:\Users\RLJ\Desktop\study\restler_bin\restler\../resultsAnalyzer/Restler.ResultsAnalyzer.dll" analyze "C:\Users\RLJ\Desktop\study\restler_bin\parallel_runs\parallel-20260615-180950\batch_5\task_2_delete\Test" --output_dir "C:\Users\RLJ\Desktop\study\restler_bin\parallel_runs\parallel-20260615-180950\batch_5\task_2_delete\Test\ResponseBuckets" --dictionary_file "C:\Users\RLJ\Desktop\study\restler_bin\parallel_runs\parallel-20260615-180950\batch_5\task_2_delete\dict.json" --max_instances_per_bucket 10'
    DateTime=2026-06-15T10:10:14.2591479Z
Restler Information: 0 : Process execution terminated in 00:00:00.2376460 with exit code 0x1: 'dotnet "C:\Users\RLJ\Desktop\study\restler_bin\restler\../resultsAnalyzer/Restler.ResultsAnalyzer.dll" analyze "C:\Users\RLJ\Desktop\study\restler_bin\parallel_runs\parallel-20260615-180950\batch_5\task_2_delete\Test" --output_dir "C:\Users\RLJ\Desktop\study\restler_bin\parallel_runs\parallel-20260615-180950\batch_5\task_2_delete\Test\ResponseBuckets" --dictionary_file "C:\Users\RLJ\Desktop\study\restler_bin\parallel_runs\parallel-20260615-180950\batch_5\task_2_delete\dict.json" --max_instances_per_bucket 10'
    DateTime=2026-06-15T10:10:14.4969792Z
Restler Information: 0 : (23700) dotnet "C:\Users\RLJ\Desktop\study\restler_bin\restler\../resultsAnalyzer/Restler.ResultsAnalyzer.dll" analyze "C:\Users\RLJ\Desktop\study\restler_bin\parallel_runs\parallel-20260615-180950\batch_5\task_2_delete\Test" --output_dir "C:\Users\RLJ\Desktop\study\restler_bin\parallel_runs\parallel-20260615-180950\batch_5\task_2_delete\Test\ResponseBuckets" --dictionary_file "C:\Users\RLJ\Desktop\study\restler_bin\parallel_runs\parallel-20260615-180950\batch_5\task_2_delete\dict.json" --max_instances_per_bucket 10 exited with code: 1
    DateTime=2026-06-15T10:10:14.4971220Z
Restler Error: 0 : Results analyzer for logs in C:\Users\RLJ\Desktop\study\restler_bin\parallel_runs\parallel-20260615-180950\batch_5\task_2_delete\Test failed.
    DateTime=2026-06-15T10:10:14.5033572Z
Restler Information: 0 : Request coverage (successful / total): 0 / 1
    DateTime=2026-06-15T10:10:14.6035489Z
Restler Information: 0 : Attempted requests: 1 / 1
    DateTime=2026-06-15T10:10:14.6036036Z
Restler Information: 0 : No bugs were found.
    DateTime=2026-06-15T10:10:14.6054499Z
Restler Information: 0 : See 'coverage_failures_to_investigate.txt' to investigate API coverage.
    DateTime=2026-06-15T10:10:14.6766632Z
Restler Information: 0 : Task Test succeeded.
    DateTime=2026-06-15T10:10:14.6797701Z
Restler Information: 0 : Collecting logs...
    DateTime=2026-06-15T10:10:15.1131092Z
