Restler Information: 0 : Starting task Test...
    DateTime=2026-06-15T09:57:58.2763275Z
Restler Information: 0 : Launching 'python.exe --version'
    DateTime=2026-06-15T09:57:59.6555830Z
Restler Information: 0 : Process execution terminated in 00:00:00.0388494 with exit code 0x0: 'python.exe --version'
    DateTime=2026-06-15T09:57:59.8701582Z
Restler Information: 0 : (11756) python.exe --version exited with code: 0
    DateTime=2026-06-15T09:57:59.8747344Z
Restler Information: 0 : Launching 'python.exe -B "C:\Users\RLJ\Desktop\study\restler_bin\restler\../engine/restler.py" --restler_grammar "C:\Users\RLJ\Desktop\study\restler_bin\parallel_runs\parallel-20260615-175743\batch_2\task_4\grammar.py" --custom_mutations "C:\Users\RLJ\Desktop\study\restler_bin\parallel_runs\parallel-20260615-175743\batch_2\task_4\dict.json" --set_version 9.3.1    --no_ssl   --settings "C:\Users\RLJ\Desktop\study\restler_bin\engine_settings.json"     --include_user_agent --no_tokens_in_logs t --garbage_collection_interval 30 --fuzzing_mode directed-smoke-test'
    DateTime=2026-06-15T09:57:59.8874942Z
Restler Information: 0 : Process execution terminated in 00:00:01.5844164 with exit code 0x0: 'python.exe -B "C:\Users\RLJ\Desktop\study\restler_bin\restler\../engine/restler.py" --restler_grammar "C:\Users\RLJ\Desktop\study\restler_bin\parallel_runs\parallel-20260615-175743\batch_2\task_4\grammar.py" --custom_mutations "C:\Users\RLJ\Desktop\study\restler_bin\parallel_runs\parallel-20260615-175743\batch_2\task_4\dict.json" --set_version 9.3.1    --no_ssl   --settings "C:\Users\RLJ\Desktop\study\restler_bin\engine_settings.json"     --include_user_agent --no_tokens_in_logs t --garbage_collection_interval 30 --fuzzing_mode directed-smoke-test'
    DateTime=2026-06-15T09:58:01.4722092Z
Restler Information: 0 : (18256) python.exe -B "C:\Users\RLJ\Desktop\study\restler_bin\restler\../engine/restler.py" --restler_grammar "C:\Users\RLJ\Desktop\study\restler_bin\parallel_runs\parallel-20260615-175743\batch_2\task_4\grammar.py" --custom_mutations "C:\Users\RLJ\Desktop\study\restler_bin\parallel_runs\parallel-20260615-175743\batch_2\task_4\dict.json" --set_version 9.3.1    --no_ssl   --settings "C:\Users\RLJ\Desktop\study\restler_bin\engine_settings.json"     --include_user_agent --no_tokens_in_logs t --garbage_collection_interval 30 --fuzzing_mode directed-smoke-test exited with code: 0
    DateTime=2026-06-15T09:58:01.4723670Z
Restler Information: 0 : Launching 'dotnet "C:\Users\RLJ\Desktop\study\restler_bin\restler\../resultsAnalyzer/Restler.ResultsAnalyzer.dll" analyze "C:\Users\RLJ\Desktop\study\restler_bin\parallel_runs\parallel-20260615-175743\batch_2\task_4\Test" --output_dir "C:\Users\RLJ\Desktop\study\restler_bin\parallel_runs\parallel-20260615-175743\batch_2\task_4\Test\ResponseBuckets" --dictionary_file "C:\Users\RLJ\Desktop\study\restler_bin\parallel_runs\parallel-20260615-175743\batch_2\task_4\dict.json" --max_instances_per_bucket 10'
    DateTime=2026-06-15T09:58:01.4837448Z
Restler Information: 0 : Process execution terminated in 00:00:00.2628659 with exit code 0x1: 'dotnet "C:\Users\RLJ\Desktop\study\restler_bin\restler\../resultsAnalyzer/Restler.ResultsAnalyzer.dll" analyze "C:\Users\RLJ\Desktop\study\restler_bin\parallel_runs\parallel-20260615-175743\batch_2\task_4\Test" --output_dir "C:\Users\RLJ\Desktop\study\restler_bin\parallel_runs\parallel-20260615-175743\batch_2\task_4\Test\ResponseBuckets" --dictionary_file "C:\Users\RLJ\Desktop\study\restler_bin\parallel_runs\parallel-20260615-175743\batch_2\task_4\dict.json" --max_instances_per_bucket 10'
    DateTime=2026-06-15T09:58:01.7467805Z
Restler Information: 0 : (6840) dotnet "C:\Users\RLJ\Desktop\study\restler_bin\restler\../resultsAnalyzer/Restler.ResultsAnalyzer.dll" analyze "C:\Users\RLJ\Desktop\study\restler_bin\parallel_runs\parallel-20260615-175743\batch_2\task_4\Test" --output_dir "C:\Users\RLJ\Desktop\study\restler_bin\parallel_runs\parallel-20260615-175743\batch_2\task_4\Test\ResponseBuckets" --dictionary_file "C:\Users\RLJ\Desktop\study\restler_bin\parallel_runs\parallel-20260615-175743\batch_2\task_4\dict.json" --max_instances_per_bucket 10 exited with code: 1
    DateTime=2026-06-15T09:58:01.7469328Z
Restler Error: 0 : Results analyzer for logs in C:\Users\RLJ\Desktop\study\restler_bin\parallel_runs\parallel-20260615-175743\batch_2\task_4\Test failed.
    DateTime=2026-06-15T09:58:01.7519293Z
Restler Information: 0 : Request coverage (successful / total): 2 / 5
    DateTime=2026-06-15T09:58:01.8397577Z
Restler Information: 0 : Attempted requests: 5 / 5
    DateTime=2026-06-15T09:58:01.8398291Z
Restler Information: 0 : No bugs were found.
    DateTime=2026-06-15T09:58:01.8417513Z
Restler Information: 0 : See 'coverage_failures_to_investigate.txt' to investigate API coverage.
    DateTime=2026-06-15T09:58:01.9057359Z
Restler Information: 0 : Task Test succeeded.
    DateTime=2026-06-15T09:58:01.9080823Z
Restler Information: 0 : Collecting logs...
    DateTime=2026-06-15T09:58:02.3808695Z
