Restler Information: 0 : Starting task FuzzLean...
    DateTime=2026-06-15T07:59:05.2727621Z
Restler Information: 0 : Launching 'python.exe --version'
    DateTime=2026-06-15T07:59:07.4887903Z
Restler Information: 0 : Process execution terminated in 00:00:00.0390740 with exit code 0x0: 'python.exe --version'
    DateTime=2026-06-15T07:59:07.5345707Z
Restler Information: 0 : (25276) python.exe --version exited with code: 0
    DateTime=2026-06-15T07:59:07.5411014Z
Restler Information: 0 : Launching 'python.exe -B "C:\Users\RLJ\Desktop\study\restler_bin\restler\../engine/restler.py" --restler_grammar "C:\Users\RLJ\Desktop\study\restler_bin\parallel_runs\parallel-20260615-155820\batch_2\task_4\grammar.py" --custom_mutations "C:\Users\RLJ\Desktop\study\restler_bin\parallel_runs\parallel-20260615-155820\batch_2\task_4\dict.json" --set_version 9.3.1    --no_ssl   --settings "C:\Users\RLJ\Desktop\study\restler_bin\engine_settings.json" --enable_checkers * --disable_checkers namespacerule --time_budget 0.005000   --include_user_agent --no_tokens_in_logs t --garbage_collection_interval 30 --fuzzing_mode directed-smoke-test'
    DateTime=2026-06-15T07:59:07.5531816Z
Restler Information: 0 : Process execution terminated in 00:00:18.6516687 with exit code 0x0: 'python.exe -B "C:\Users\RLJ\Desktop\study\restler_bin\restler\../engine/restler.py" --restler_grammar "C:\Users\RLJ\Desktop\study\restler_bin\parallel_runs\parallel-20260615-155820\batch_2\task_4\grammar.py" --custom_mutations "C:\Users\RLJ\Desktop\study\restler_bin\parallel_runs\parallel-20260615-155820\batch_2\task_4\dict.json" --set_version 9.3.1    --no_ssl   --settings "C:\Users\RLJ\Desktop\study\restler_bin\engine_settings.json" --enable_checkers * --disable_checkers namespacerule --time_budget 0.005000   --include_user_agent --no_tokens_in_logs t --garbage_collection_interval 30 --fuzzing_mode directed-smoke-test'
    DateTime=2026-06-15T07:59:26.2050212Z
Restler Information: 0 : (14484) python.exe -B "C:\Users\RLJ\Desktop\study\restler_bin\restler\../engine/restler.py" --restler_grammar "C:\Users\RLJ\Desktop\study\restler_bin\parallel_runs\parallel-20260615-155820\batch_2\task_4\grammar.py" --custom_mutations "C:\Users\RLJ\Desktop\study\restler_bin\parallel_runs\parallel-20260615-155820\batch_2\task_4\dict.json" --set_version 9.3.1    --no_ssl   --settings "C:\Users\RLJ\Desktop\study\restler_bin\engine_settings.json" --enable_checkers * --disable_checkers namespacerule --time_budget 0.005000   --include_user_agent --no_tokens_in_logs t --garbage_collection_interval 30 --fuzzing_mode directed-smoke-test exited with code: 0
    DateTime=2026-06-15T07:59:26.2052108Z
Restler Information: 0 : Launching 'dotnet "C:\Users\RLJ\Desktop\study\restler_bin\restler\../resultsAnalyzer/Restler.ResultsAnalyzer.dll" analyze "C:\Users\RLJ\Desktop\study\restler_bin\parallel_runs\parallel-20260615-155820\batch_2\task_4\FuzzLean" --output_dir "C:\Users\RLJ\Desktop\study\restler_bin\parallel_runs\parallel-20260615-155820\batch_2\task_4\FuzzLean\ResponseBuckets" --dictionary_file "C:\Users\RLJ\Desktop\study\restler_bin\parallel_runs\parallel-20260615-155820\batch_2\task_4\dict.json" --max_instances_per_bucket 10'
    DateTime=2026-06-15T07:59:26.2183618Z
Restler Information: 0 : Process execution terminated in 00:00:00.2274817 with exit code 0x1: 'dotnet "C:\Users\RLJ\Desktop\study\restler_bin\restler\../resultsAnalyzer/Restler.ResultsAnalyzer.dll" analyze "C:\Users\RLJ\Desktop\study\restler_bin\parallel_runs\parallel-20260615-155820\batch_2\task_4\FuzzLean" --output_dir "C:\Users\RLJ\Desktop\study\restler_bin\parallel_runs\parallel-20260615-155820\batch_2\task_4\FuzzLean\ResponseBuckets" --dictionary_file "C:\Users\RLJ\Desktop\study\restler_bin\parallel_runs\parallel-20260615-155820\batch_2\task_4\dict.json" --max_instances_per_bucket 10'
    DateTime=2026-06-15T07:59:26.4459561Z
Restler Information: 0 : (13248) dotnet "C:\Users\RLJ\Desktop\study\restler_bin\restler\../resultsAnalyzer/Restler.ResultsAnalyzer.dll" analyze "C:\Users\RLJ\Desktop\study\restler_bin\parallel_runs\parallel-20260615-155820\batch_2\task_4\FuzzLean" --output_dir "C:\Users\RLJ\Desktop\study\restler_bin\parallel_runs\parallel-20260615-155820\batch_2\task_4\FuzzLean\ResponseBuckets" --dictionary_file "C:\Users\RLJ\Desktop\study\restler_bin\parallel_runs\parallel-20260615-155820\batch_2\task_4\dict.json" --max_instances_per_bucket 10 exited with code: 1
    DateTime=2026-06-15T07:59:26.4460432Z
Restler Error: 0 : Results analyzer for logs in C:\Users\RLJ\Desktop\study\restler_bin\parallel_runs\parallel-20260615-155820\batch_2\task_4\FuzzLean failed.
    DateTime=2026-06-15T07:59:26.4498269Z
Restler Information: 0 : Request coverage (successful / total): 0 / 5
    DateTime=2026-06-15T07:59:26.5300986Z
Restler Information: 0 : Attempted requests: 1 / 5
    DateTime=2026-06-15T07:59:26.5301552Z
Restler Information: 0 : No bugs were found.
    DateTime=2026-06-15T07:59:26.5316632Z
Restler Information: 0 : Spec coverage file speccov-min.json not found.
    DateTime=2026-06-15T07:59:26.5387413Z
Restler Information: 0 : Task FuzzLean succeeded.
    DateTime=2026-06-15T07:59:26.5414817Z
Restler Information: 0 : Collecting logs...
    DateTime=2026-06-15T07:59:26.9572424Z
