Restler Information: 0 : Starting task Test...
    DateTime=2026-06-15T07:41:09.4268188Z
Restler Information: 0 : Launching 'python.exe --version'
    DateTime=2026-06-15T07:41:10.9212089Z
Restler Information: 0 : Process execution terminated in 00:00:00.0343758 with exit code 0x0: 'python.exe --version'
    DateTime=2026-06-15T07:41:11.1409687Z
Restler Information: 0 : (632) python.exe --version exited with code: 0
    DateTime=2026-06-15T07:41:11.1455043Z
Restler Information: 0 : Launching 'python.exe -B "C:\Users\RLJ\Desktop\study\restler_bin\restler\../engine/restler.py" --restler_grammar "C:\Users\RLJ\Desktop\study\restler_bin\parallel_runs\parallel-20260615-154050\batch_3\task_6\grammar.py" --custom_mutations "C:\Users\RLJ\Desktop\study\restler_bin\parallel_runs\parallel-20260615-154050\batch_3\task_6\dict.json" --set_version 9.3.1    --no_ssl   --settings "C:\Users\RLJ\Desktop\study\restler_bin\engine_settings.json"     --include_user_agent --no_tokens_in_logs t --garbage_collection_interval 30 --fuzzing_mode directed-smoke-test'
    DateTime=2026-06-15T07:41:11.1570890Z
Restler Information: 0 : Process execution terminated in 00:00:01.9802276 with exit code 0x0: 'python.exe -B "C:\Users\RLJ\Desktop\study\restler_bin\restler\../engine/restler.py" --restler_grammar "C:\Users\RLJ\Desktop\study\restler_bin\parallel_runs\parallel-20260615-154050\batch_3\task_6\grammar.py" --custom_mutations "C:\Users\RLJ\Desktop\study\restler_bin\parallel_runs\parallel-20260615-154050\batch_3\task_6\dict.json" --set_version 9.3.1    --no_ssl   --settings "C:\Users\RLJ\Desktop\study\restler_bin\engine_settings.json"     --include_user_agent --no_tokens_in_logs t --garbage_collection_interval 30 --fuzzing_mode directed-smoke-test'
    DateTime=2026-06-15T07:41:13.1374627Z
Restler Information: 0 : (18172) python.exe -B "C:\Users\RLJ\Desktop\study\restler_bin\restler\../engine/restler.py" --restler_grammar "C:\Users\RLJ\Desktop\study\restler_bin\parallel_runs\parallel-20260615-154050\batch_3\task_6\grammar.py" --custom_mutations "C:\Users\RLJ\Desktop\study\restler_bin\parallel_runs\parallel-20260615-154050\batch_3\task_6\dict.json" --set_version 9.3.1    --no_ssl   --settings "C:\Users\RLJ\Desktop\study\restler_bin\engine_settings.json"     --include_user_agent --no_tokens_in_logs t --garbage_collection_interval 30 --fuzzing_mode directed-smoke-test exited with code: 0
    DateTime=2026-06-15T07:41:13.1376805Z
Restler Information: 0 : Launching 'dotnet "C:\Users\RLJ\Desktop\study\restler_bin\restler\../resultsAnalyzer/Restler.ResultsAnalyzer.dll" analyze "C:\Users\RLJ\Desktop\study\restler_bin\parallel_runs\parallel-20260615-154050\batch_3\task_6\Test" --output_dir "C:\Users\RLJ\Desktop\study\restler_bin\parallel_runs\parallel-20260615-154050\batch_3\task_6\Test\ResponseBuckets" --dictionary_file "C:\Users\RLJ\Desktop\study\restler_bin\parallel_runs\parallel-20260615-154050\batch_3\task_6\dict.json" --max_instances_per_bucket 10'
    DateTime=2026-06-15T07:41:13.1515481Z
Restler Information: 0 : Process execution terminated in 00:00:00.2216433 with exit code 0x1: 'dotnet "C:\Users\RLJ\Desktop\study\restler_bin\restler\../resultsAnalyzer/Restler.ResultsAnalyzer.dll" analyze "C:\Users\RLJ\Desktop\study\restler_bin\parallel_runs\parallel-20260615-154050\batch_3\task_6\Test" --output_dir "C:\Users\RLJ\Desktop\study\restler_bin\parallel_runs\parallel-20260615-154050\batch_3\task_6\Test\ResponseBuckets" --dictionary_file "C:\Users\RLJ\Desktop\study\restler_bin\parallel_runs\parallel-20260615-154050\batch_3\task_6\dict.json" --max_instances_per_bucket 10'
    DateTime=2026-06-15T07:41:13.3733160Z
Restler Information: 0 : (24148) dotnet "C:\Users\RLJ\Desktop\study\restler_bin\restler\../resultsAnalyzer/Restler.ResultsAnalyzer.dll" analyze "C:\Users\RLJ\Desktop\study\restler_bin\parallel_runs\parallel-20260615-154050\batch_3\task_6\Test" --output_dir "C:\Users\RLJ\Desktop\study\restler_bin\parallel_runs\parallel-20260615-154050\batch_3\task_6\Test\ResponseBuckets" --dictionary_file "C:\Users\RLJ\Desktop\study\restler_bin\parallel_runs\parallel-20260615-154050\batch_3\task_6\dict.json" --max_instances_per_bucket 10 exited with code: 1
    DateTime=2026-06-15T07:41:13.3733910Z
Restler Error: 0 : Results analyzer for logs in C:\Users\RLJ\Desktop\study\restler_bin\parallel_runs\parallel-20260615-154050\batch_3\task_6\Test failed.
    DateTime=2026-06-15T07:41:13.3777165Z
Restler Information: 0 : Request coverage (successful / total): 3 / 5
    DateTime=2026-06-15T07:41:13.4575992Z
Restler Information: 0 : Attempted requests: 5 / 5
    DateTime=2026-06-15T07:41:13.4576916Z
Restler Information: 0 : No bugs were found.
    DateTime=2026-06-15T07:41:13.4593607Z
Restler Information: 0 : See 'coverage_failures_to_investigate.txt' to investigate API coverage.
    DateTime=2026-06-15T07:41:13.5205748Z
Restler Information: 0 : Task Test succeeded.
    DateTime=2026-06-15T07:41:13.5229364Z
Restler Information: 0 : Collecting logs...
    DateTime=2026-06-15T07:41:13.9943300Z
