Restler Information: 0 : Starting task Test...
    DateTime=2026-06-15T10:14:59.0935745Z
Restler Information: 0 : Launching 'python.exe --version'
    DateTime=2026-06-15T10:15:00.4735958Z
Restler Information: 0 : Process execution terminated in 00:00:00.0393382 with exit code 0x0: 'python.exe --version'
    DateTime=2026-06-15T10:15:00.7106367Z
Restler Information: 0 : (8448) python.exe --version exited with code: 0
    DateTime=2026-06-15T10:15:00.7162051Z
Restler Information: 0 : Launching 'python.exe -B "C:\Users\RLJ\Desktop\study\restler_bin\restler\../engine/restler.py" --restler_grammar "C:\Users\RLJ\Desktop\study\restler_bin\parallel_runs\parallel-20260615-181438\batch_5\task_2_delete\grammar.py" --custom_mutations "C:\Users\RLJ\Desktop\study\restler_bin\parallel_runs\parallel-20260615-181438\batch_5\task_2_delete\dict.json" --set_version 9.3.1    --no_ssl   --settings "C:\Users\RLJ\Desktop\study\restler_bin\engine_settings.json"     --include_user_agent --no_tokens_in_logs t --garbage_collection_interval 30 --fuzzing_mode directed-smoke-test'
    DateTime=2026-06-15T10:15:00.7282799Z
Restler Information: 0 : Process execution terminated in 00:00:00.7276631 with exit code 0x0: 'python.exe -B "C:\Users\RLJ\Desktop\study\restler_bin\restler\../engine/restler.py" --restler_grammar "C:\Users\RLJ\Desktop\study\restler_bin\parallel_runs\parallel-20260615-181438\batch_5\task_2_delete\grammar.py" --custom_mutations "C:\Users\RLJ\Desktop\study\restler_bin\parallel_runs\parallel-20260615-181438\batch_5\task_2_delete\dict.json" --set_version 9.3.1    --no_ssl   --settings "C:\Users\RLJ\Desktop\study\restler_bin\engine_settings.json"     --include_user_agent --no_tokens_in_logs t --garbage_collection_interval 30 --fuzzing_mode directed-smoke-test'
    DateTime=2026-06-15T10:15:01.4563251Z
Restler Information: 0 : (24700) python.exe -B "C:\Users\RLJ\Desktop\study\restler_bin\restler\../engine/restler.py" --restler_grammar "C:\Users\RLJ\Desktop\study\restler_bin\parallel_runs\parallel-20260615-181438\batch_5\task_2_delete\grammar.py" --custom_mutations "C:\Users\RLJ\Desktop\study\restler_bin\parallel_runs\parallel-20260615-181438\batch_5\task_2_delete\dict.json" --set_version 9.3.1    --no_ssl   --settings "C:\Users\RLJ\Desktop\study\restler_bin\engine_settings.json"     --include_user_agent --no_tokens_in_logs t --garbage_collection_interval 30 --fuzzing_mode directed-smoke-test exited with code: 0
    DateTime=2026-06-15T10:15:01.4564502Z
Restler Information: 0 : Launching 'dotnet "C:\Users\RLJ\Desktop\study\restler_bin\restler\../resultsAnalyzer/Restler.ResultsAnalyzer.dll" analyze "C:\Users\RLJ\Desktop\study\restler_bin\parallel_runs\parallel-20260615-181438\batch_5\task_2_delete\Test" --output_dir "C:\Users\RLJ\Desktop\study\restler_bin\parallel_runs\parallel-20260615-181438\batch_5\task_2_delete\Test\ResponseBuckets" --dictionary_file "C:\Users\RLJ\Desktop\study\restler_bin\parallel_runs\parallel-20260615-181438\batch_5\task_2_delete\dict.json" --max_instances_per_bucket 10'
    DateTime=2026-06-15T10:15:01.4736497Z
Restler Information: 0 : Process execution terminated in 00:00:00.2583449 with exit code 0x1: 'dotnet "C:\Users\RLJ\Desktop\study\restler_bin\restler\../resultsAnalyzer/Restler.ResultsAnalyzer.dll" analyze "C:\Users\RLJ\Desktop\study\restler_bin\parallel_runs\parallel-20260615-181438\batch_5\task_2_delete\Test" --output_dir "C:\Users\RLJ\Desktop\study\restler_bin\parallel_runs\parallel-20260615-181438\batch_5\task_2_delete\Test\ResponseBuckets" --dictionary_file "C:\Users\RLJ\Desktop\study\restler_bin\parallel_runs\parallel-20260615-181438\batch_5\task_2_delete\dict.json" --max_instances_per_bucket 10'
    DateTime=2026-06-15T10:15:01.7321221Z
Restler Information: 0 : (18916) dotnet "C:\Users\RLJ\Desktop\study\restler_bin\restler\../resultsAnalyzer/Restler.ResultsAnalyzer.dll" analyze "C:\Users\RLJ\Desktop\study\restler_bin\parallel_runs\parallel-20260615-181438\batch_5\task_2_delete\Test" --output_dir "C:\Users\RLJ\Desktop\study\restler_bin\parallel_runs\parallel-20260615-181438\batch_5\task_2_delete\Test\ResponseBuckets" --dictionary_file "C:\Users\RLJ\Desktop\study\restler_bin\parallel_runs\parallel-20260615-181438\batch_5\task_2_delete\dict.json" --max_instances_per_bucket 10 exited with code: 1
    DateTime=2026-06-15T10:15:01.7322027Z
Restler Error: 0 : Results analyzer for logs in C:\Users\RLJ\Desktop\study\restler_bin\parallel_runs\parallel-20260615-181438\batch_5\task_2_delete\Test failed.
    DateTime=2026-06-15T10:15:01.7370509Z
Restler Information: 0 : Request coverage (successful / total): 1 / 1
    DateTime=2026-06-15T10:15:01.8204737Z
Restler Information: 0 : Attempted requests: 1 / 1
    DateTime=2026-06-15T10:15:01.8205349Z
Restler Information: 0 : No bugs were found.
    DateTime=2026-06-15T10:15:01.8218699Z
Restler Information: 0 : Task Test succeeded.
    DateTime=2026-06-15T10:15:01.8314884Z
Restler Information: 0 : Collecting logs...
    DateTime=2026-06-15T10:15:02.2875862Z
