Restler Information: 0 : Starting task Test...
    DateTime=2026-06-15T10:05:25.8067532Z
Restler Information: 0 : Launching 'python.exe --version'
    DateTime=2026-06-15T10:05:27.2140201Z
Restler Information: 0 : Process execution terminated in 00:00:00.0366865 with exit code 0x0: 'python.exe --version'
    DateTime=2026-06-15T10:05:27.4302898Z
Restler Information: 0 : (13080) python.exe --version exited with code: 0
    DateTime=2026-06-15T10:05:27.4369536Z
Restler Information: 0 : Launching 'python.exe -B "C:\Users\RLJ\Desktop\study\restler_bin\restler\../engine/restler.py" --restler_grammar "C:\Users\RLJ\Desktop\study\restler_bin\parallel_runs\parallel-20260615-180507\batch_3\task_6\grammar.py" --custom_mutations "C:\Users\RLJ\Desktop\study\restler_bin\parallel_runs\parallel-20260615-180507\batch_3\task_6\dict.json" --set_version 9.3.1    --no_ssl   --settings "C:\Users\RLJ\Desktop\study\restler_bin\engine_settings.json"     --include_user_agent --no_tokens_in_logs t --garbage_collection_interval 30 --fuzzing_mode directed-smoke-test'
    DateTime=2026-06-15T10:05:27.4472077Z
Restler Information: 0 : Process execution terminated in 00:00:03.1382726 with exit code 0x0: 'python.exe -B "C:\Users\RLJ\Desktop\study\restler_bin\restler\../engine/restler.py" --restler_grammar "C:\Users\RLJ\Desktop\study\restler_bin\parallel_runs\parallel-20260615-180507\batch_3\task_6\grammar.py" --custom_mutations "C:\Users\RLJ\Desktop\study\restler_bin\parallel_runs\parallel-20260615-180507\batch_3\task_6\dict.json" --set_version 9.3.1    --no_ssl   --settings "C:\Users\RLJ\Desktop\study\restler_bin\engine_settings.json"     --include_user_agent --no_tokens_in_logs t --garbage_collection_interval 30 --fuzzing_mode directed-smoke-test'
    DateTime=2026-06-15T10:05:30.5856394Z
Restler Information: 0 : (14732) python.exe -B "C:\Users\RLJ\Desktop\study\restler_bin\restler\../engine/restler.py" --restler_grammar "C:\Users\RLJ\Desktop\study\restler_bin\parallel_runs\parallel-20260615-180507\batch_3\task_6\grammar.py" --custom_mutations "C:\Users\RLJ\Desktop\study\restler_bin\parallel_runs\parallel-20260615-180507\batch_3\task_6\dict.json" --set_version 9.3.1    --no_ssl   --settings "C:\Users\RLJ\Desktop\study\restler_bin\engine_settings.json"     --include_user_agent --no_tokens_in_logs t --garbage_collection_interval 30 --fuzzing_mode directed-smoke-test exited with code: 0
    DateTime=2026-06-15T10:05:30.5857294Z
Restler Information: 0 : Launching 'dotnet "C:\Users\RLJ\Desktop\study\restler_bin\restler\../resultsAnalyzer/Restler.ResultsAnalyzer.dll" analyze "C:\Users\RLJ\Desktop\study\restler_bin\parallel_runs\parallel-20260615-180507\batch_3\task_6\Test" --output_dir "C:\Users\RLJ\Desktop\study\restler_bin\parallel_runs\parallel-20260615-180507\batch_3\task_6\Test\ResponseBuckets" --dictionary_file "C:\Users\RLJ\Desktop\study\restler_bin\parallel_runs\parallel-20260615-180507\batch_3\task_6\dict.json" --max_instances_per_bucket 10'
    DateTime=2026-06-15T10:05:30.5967153Z
Restler Information: 0 : Process execution terminated in 00:00:00.2294506 with exit code 0x1: 'dotnet "C:\Users\RLJ\Desktop\study\restler_bin\restler\../resultsAnalyzer/Restler.ResultsAnalyzer.dll" analyze "C:\Users\RLJ\Desktop\study\restler_bin\parallel_runs\parallel-20260615-180507\batch_3\task_6\Test" --output_dir "C:\Users\RLJ\Desktop\study\restler_bin\parallel_runs\parallel-20260615-180507\batch_3\task_6\Test\ResponseBuckets" --dictionary_file "C:\Users\RLJ\Desktop\study\restler_bin\parallel_runs\parallel-20260615-180507\batch_3\task_6\dict.json" --max_instances_per_bucket 10'
    DateTime=2026-06-15T10:05:30.8262828Z
Restler Information: 0 : (2584) dotnet "C:\Users\RLJ\Desktop\study\restler_bin\restler\../resultsAnalyzer/Restler.ResultsAnalyzer.dll" analyze "C:\Users\RLJ\Desktop\study\restler_bin\parallel_runs\parallel-20260615-180507\batch_3\task_6\Test" --output_dir "C:\Users\RLJ\Desktop\study\restler_bin\parallel_runs\parallel-20260615-180507\batch_3\task_6\Test\ResponseBuckets" --dictionary_file "C:\Users\RLJ\Desktop\study\restler_bin\parallel_runs\parallel-20260615-180507\batch_3\task_6\dict.json" --max_instances_per_bucket 10 exited with code: 1
    DateTime=2026-06-15T10:05:30.8263449Z
Restler Error: 0 : Results analyzer for logs in C:\Users\RLJ\Desktop\study\restler_bin\parallel_runs\parallel-20260615-180507\batch_3\task_6\Test failed.
    DateTime=2026-06-15T10:05:30.8304163Z
Restler Information: 0 : Request coverage (successful / total): 3 / 5
    DateTime=2026-06-15T10:05:30.9086394Z
Restler Information: 0 : Attempted requests: 5 / 5
    DateTime=2026-06-15T10:05:30.9086945Z
Restler Information: 0 : Bugs were found!
    DateTime=2026-06-15T10:05:30.9116883Z
Restler Information: 0 : Bug buckets:
    DateTime=2026-06-15T10:05:30.9117306Z
Restler Information: 0 : 
main_driver_500: 1
    DateTime=2026-06-15T10:05:30.9124085Z
Restler Information: 0 : See 'coverage_failures_to_investigate.txt' to investigate API coverage.
    DateTime=2026-06-15T10:05:30.9660722Z
Restler Information: 0 : Task Test succeeded.
    DateTime=2026-06-15T10:05:30.9683139Z
Restler Information: 0 : Collecting logs...
    DateTime=2026-06-15T10:05:31.4748089Z
