Restler Information: 0 : Starting task Test...
    DateTime=2026-06-15T09:40:03.6678135Z
Restler Information: 0 : Launching 'python.exe --version'
    DateTime=2026-06-15T09:40:05.2667804Z
Restler Information: 0 : Process execution terminated in 00:00:00.0395758 with exit code 0x0: 'python.exe --version'
    DateTime=2026-06-15T09:40:05.4886732Z
Restler Information: 0 : (19220) python.exe --version exited with code: 0
    DateTime=2026-06-15T09:40:05.4945432Z
Restler Information: 0 : Launching 'python.exe -B "C:\Users\RLJ\Desktop\study\restler_bin\restler\../engine/restler.py" --restler_grammar "C:\Users\RLJ\Desktop\study\restler_bin\parallel_runs\parallel-20260615-174003\batch_0\task_0\grammar.py" --custom_mutations "C:\Users\RLJ\Desktop\study\restler_bin\parallel_runs\parallel-20260615-174003\batch_0\task_0\dict.json" --set_version 9.3.1    --no_ssl   --settings "C:\Users\RLJ\Desktop\study\restler_bin\engine_settings.json"     --include_user_agent --no_tokens_in_logs t --garbage_collection_interval 30 --fuzzing_mode directed-smoke-test'
    DateTime=2026-06-15T09:40:05.5062038Z
Restler Information: 0 : Process execution terminated in 00:00:04.0645068 with exit code 0x0: 'python.exe -B "C:\Users\RLJ\Desktop\study\restler_bin\restler\../engine/restler.py" --restler_grammar "C:\Users\RLJ\Desktop\study\restler_bin\parallel_runs\parallel-20260615-174003\batch_0\task_0\grammar.py" --custom_mutations "C:\Users\RLJ\Desktop\study\restler_bin\parallel_runs\parallel-20260615-174003\batch_0\task_0\dict.json" --set_version 9.3.1    --no_ssl   --settings "C:\Users\RLJ\Desktop\study\restler_bin\engine_settings.json"     --include_user_agent --no_tokens_in_logs t --garbage_collection_interval 30 --fuzzing_mode directed-smoke-test'
    DateTime=2026-06-15T09:40:09.5709201Z
Restler Information: 0 : (3544) python.exe -B "C:\Users\RLJ\Desktop\study\restler_bin\restler\../engine/restler.py" --restler_grammar "C:\Users\RLJ\Desktop\study\restler_bin\parallel_runs\parallel-20260615-174003\batch_0\task_0\grammar.py" --custom_mutations "C:\Users\RLJ\Desktop\study\restler_bin\parallel_runs\parallel-20260615-174003\batch_0\task_0\dict.json" --set_version 9.3.1    --no_ssl   --settings "C:\Users\RLJ\Desktop\study\restler_bin\engine_settings.json"     --include_user_agent --no_tokens_in_logs t --garbage_collection_interval 30 --fuzzing_mode directed-smoke-test exited with code: 0
    DateTime=2026-06-15T09:40:09.5710155Z
Restler Information: 0 : Launching 'dotnet "C:\Users\RLJ\Desktop\study\restler_bin\restler\../resultsAnalyzer/Restler.ResultsAnalyzer.dll" analyze "C:\Users\RLJ\Desktop\study\restler_bin\parallel_runs\parallel-20260615-174003\batch_0\task_0\Test" --output_dir "C:\Users\RLJ\Desktop\study\restler_bin\parallel_runs\parallel-20260615-174003\batch_0\task_0\Test\ResponseBuckets" --dictionary_file "C:\Users\RLJ\Desktop\study\restler_bin\parallel_runs\parallel-20260615-174003\batch_0\task_0\dict.json" --max_instances_per_bucket 10'
    DateTime=2026-06-15T09:40:09.5822917Z
Restler Information: 0 : Process execution terminated in 00:00:00.2148242 with exit code 0x1: 'dotnet "C:\Users\RLJ\Desktop\study\restler_bin\restler\../resultsAnalyzer/Restler.ResultsAnalyzer.dll" analyze "C:\Users\RLJ\Desktop\study\restler_bin\parallel_runs\parallel-20260615-174003\batch_0\task_0\Test" --output_dir "C:\Users\RLJ\Desktop\study\restler_bin\parallel_runs\parallel-20260615-174003\batch_0\task_0\Test\ResponseBuckets" --dictionary_file "C:\Users\RLJ\Desktop\study\restler_bin\parallel_runs\parallel-20260615-174003\batch_0\task_0\dict.json" --max_instances_per_bucket 10'
    DateTime=2026-06-15T09:40:09.7973058Z
Restler Information: 0 : (15400) dotnet "C:\Users\RLJ\Desktop\study\restler_bin\restler\../resultsAnalyzer/Restler.ResultsAnalyzer.dll" analyze "C:\Users\RLJ\Desktop\study\restler_bin\parallel_runs\parallel-20260615-174003\batch_0\task_0\Test" --output_dir "C:\Users\RLJ\Desktop\study\restler_bin\parallel_runs\parallel-20260615-174003\batch_0\task_0\Test\ResponseBuckets" --dictionary_file "C:\Users\RLJ\Desktop\study\restler_bin\parallel_runs\parallel-20260615-174003\batch_0\task_0\dict.json" --max_instances_per_bucket 10 exited with code: 1
    DateTime=2026-06-15T09:40:09.7975413Z
Restler Error: 0 : Results analyzer for logs in C:\Users\RLJ\Desktop\study\restler_bin\parallel_runs\parallel-20260615-174003\batch_0\task_0\Test failed.
    DateTime=2026-06-15T09:40:09.8019426Z
Restler Information: 0 : Request coverage (successful / total): 2 / 5
    DateTime=2026-06-15T09:40:09.8798547Z
Restler Information: 0 : Attempted requests: 5 / 5
    DateTime=2026-06-15T09:40:09.8799210Z
Restler Information: 0 : No bugs were found.
    DateTime=2026-06-15T09:40:09.8814560Z
Restler Information: 0 : See 'coverage_failures_to_investigate.txt' to investigate API coverage.
    DateTime=2026-06-15T09:40:09.9443426Z
Restler Information: 0 : Task Test succeeded.
    DateTime=2026-06-15T09:40:09.9462549Z
Restler Information: 0 : Collecting logs...
    DateTime=2026-06-15T09:40:10.4965501Z
