Restler Information: 0 : Starting task Test...
    DateTime=2026-06-15T10:12:45.1649681Z
Restler Information: 0 : Launching 'python.exe --version'
    DateTime=2026-06-15T10:12:46.4982917Z
Restler Information: 0 : Process execution terminated in 00:00:00.0400429 with exit code 0x0: 'python.exe --version'
    DateTime=2026-06-15T10:12:46.7863673Z
Restler Information: 0 : (23748) python.exe --version exited with code: 0
    DateTime=2026-06-15T10:12:46.7916432Z
Restler Information: 0 : Launching 'python.exe -B "C:\Users\RLJ\Desktop\study\restler_bin\restler\../engine/restler.py" --restler_grammar "C:\Users\RLJ\Desktop\study\restler_bin\parallel_runs\parallel-20260615-181237\batch_2\task_5_non_delete\grammar.py" --custom_mutations "C:\Users\RLJ\Desktop\study\restler_bin\parallel_runs\parallel-20260615-181237\batch_2\task_5_non_delete\dict.json" --set_version 9.3.1    --no_ssl   --settings "C:\Users\RLJ\Desktop\study\restler_bin\engine_settings.json"     --include_user_agent --no_tokens_in_logs t --garbage_collection_interval 30 --fuzzing_mode directed-smoke-test'
    DateTime=2026-06-15T10:12:46.8027966Z
Restler Information: 0 : Process execution terminated in 00:00:00.9027239 with exit code 0x0: 'python.exe -B "C:\Users\RLJ\Desktop\study\restler_bin\restler\../engine/restler.py" --restler_grammar "C:\Users\RLJ\Desktop\study\restler_bin\parallel_runs\parallel-20260615-181237\batch_2\task_5_non_delete\grammar.py" --custom_mutations "C:\Users\RLJ\Desktop\study\restler_bin\parallel_runs\parallel-20260615-181237\batch_2\task_5_non_delete\dict.json" --set_version 9.3.1    --no_ssl   --settings "C:\Users\RLJ\Desktop\study\restler_bin\engine_settings.json"     --include_user_agent --no_tokens_in_logs t --garbage_collection_interval 30 --fuzzing_mode directed-smoke-test'
    DateTime=2026-06-15T10:12:47.7056461Z
Restler Information: 0 : (5148) python.exe -B "C:\Users\RLJ\Desktop\study\restler_bin\restler\../engine/restler.py" --restler_grammar "C:\Users\RLJ\Desktop\study\restler_bin\parallel_runs\parallel-20260615-181237\batch_2\task_5_non_delete\grammar.py" --custom_mutations "C:\Users\RLJ\Desktop\study\restler_bin\parallel_runs\parallel-20260615-181237\batch_2\task_5_non_delete\dict.json" --set_version 9.3.1    --no_ssl   --settings "C:\Users\RLJ\Desktop\study\restler_bin\engine_settings.json"     --include_user_agent --no_tokens_in_logs t --garbage_collection_interval 30 --fuzzing_mode directed-smoke-test exited with code: 0
    DateTime=2026-06-15T10:12:47.7057235Z
Restler Information: 0 : Launching 'dotnet "C:\Users\RLJ\Desktop\study\restler_bin\restler\../resultsAnalyzer/Restler.ResultsAnalyzer.dll" analyze "C:\Users\RLJ\Desktop\study\restler_bin\parallel_runs\parallel-20260615-181237\batch_2\task_5_non_delete\Test" --output_dir "C:\Users\RLJ\Desktop\study\restler_bin\parallel_runs\parallel-20260615-181237\batch_2\task_5_non_delete\Test\ResponseBuckets" --dictionary_file "C:\Users\RLJ\Desktop\study\restler_bin\parallel_runs\parallel-20260615-181237\batch_2\task_5_non_delete\dict.json" --max_instances_per_bucket 10'
    DateTime=2026-06-15T10:12:47.7184463Z
Restler Information: 0 : Process execution terminated in 00:00:00.2741540 with exit code 0x1: 'dotnet "C:\Users\RLJ\Desktop\study\restler_bin\restler\../resultsAnalyzer/Restler.ResultsAnalyzer.dll" analyze "C:\Users\RLJ\Desktop\study\restler_bin\parallel_runs\parallel-20260615-181237\batch_2\task_5_non_delete\Test" --output_dir "C:\Users\RLJ\Desktop\study\restler_bin\parallel_runs\parallel-20260615-181237\batch_2\task_5_non_delete\Test\ResponseBuckets" --dictionary_file "C:\Users\RLJ\Desktop\study\restler_bin\parallel_runs\parallel-20260615-181237\batch_2\task_5_non_delete\dict.json" --max_instances_per_bucket 10'
    DateTime=2026-06-15T10:12:47.9927980Z
Restler Information: 0 : (1584) dotnet "C:\Users\RLJ\Desktop\study\restler_bin\restler\../resultsAnalyzer/Restler.ResultsAnalyzer.dll" analyze "C:\Users\RLJ\Desktop\study\restler_bin\parallel_runs\parallel-20260615-181237\batch_2\task_5_non_delete\Test" --output_dir "C:\Users\RLJ\Desktop\study\restler_bin\parallel_runs\parallel-20260615-181237\batch_2\task_5_non_delete\Test\ResponseBuckets" --dictionary_file "C:\Users\RLJ\Desktop\study\restler_bin\parallel_runs\parallel-20260615-181237\batch_2\task_5_non_delete\dict.json" --max_instances_per_bucket 10 exited with code: 1
    DateTime=2026-06-15T10:12:47.9929149Z
Restler Error: 0 : Results analyzer for logs in C:\Users\RLJ\Desktop\study\restler_bin\parallel_runs\parallel-20260615-181237\batch_2\task_5_non_delete\Test failed.
    DateTime=2026-06-15T10:12:47.9978543Z
Restler Information: 0 : Request coverage (successful / total): 4 / 4
    DateTime=2026-06-15T10:12:48.1031684Z
Restler Information: 0 : Attempted requests: 4 / 4
    DateTime=2026-06-15T10:12:48.1032277Z
Restler Information: 0 : No bugs were found.
    DateTime=2026-06-15T10:12:48.1054958Z
Restler Information: 0 : Task Test succeeded.
    DateTime=2026-06-15T10:12:48.1208287Z
Restler Information: 0 : Collecting logs...
    DateTime=2026-06-15T10:12:48.5986099Z
