Restler Information: 0 : Starting task FuzzLean...
    DateTime=2026-06-15T07:59:05.2823317Z
Restler Information: 0 : Launching 'python.exe --version'
    DateTime=2026-06-15T07:59:07.2499096Z
Restler Information: 0 : Process execution terminated in 00:00:00.0409030 with exit code 0x0: 'python.exe --version'
    DateTime=2026-06-15T07:59:07.2974093Z
Restler Information: 0 : (2808) python.exe --version exited with code: 0
    DateTime=2026-06-15T07:59:07.3019631Z
Restler Information: 0 : Launching 'python.exe -B "C:\Users\RLJ\Desktop\study\restler_bin\restler\../engine/restler.py" --restler_grammar "C:\Users\RLJ\Desktop\study\restler_bin\parallel_runs\parallel-20260615-155820\batch_2\task_5\grammar.py" --custom_mutations "C:\Users\RLJ\Desktop\study\restler_bin\parallel_runs\parallel-20260615-155820\batch_2\task_5\dict.json" --set_version 9.3.1    --no_ssl   --settings "C:\Users\RLJ\Desktop\study\restler_bin\engine_settings.json" --enable_checkers * --disable_checkers namespacerule --time_budget 0.005000   --include_user_agent --no_tokens_in_logs t --garbage_collection_interval 30 --fuzzing_mode directed-smoke-test'
    DateTime=2026-06-15T07:59:07.3116681Z
Restler Information: 0 : Process execution terminated in 00:00:18.6170652 with exit code 0x0: 'python.exe -B "C:\Users\RLJ\Desktop\study\restler_bin\restler\../engine/restler.py" --restler_grammar "C:\Users\RLJ\Desktop\study\restler_bin\parallel_runs\parallel-20260615-155820\batch_2\task_5\grammar.py" --custom_mutations "C:\Users\RLJ\Desktop\study\restler_bin\parallel_runs\parallel-20260615-155820\batch_2\task_5\dict.json" --set_version 9.3.1    --no_ssl   --settings "C:\Users\RLJ\Desktop\study\restler_bin\engine_settings.json" --enable_checkers * --disable_checkers namespacerule --time_budget 0.005000   --include_user_agent --no_tokens_in_logs t --garbage_collection_interval 30 --fuzzing_mode directed-smoke-test'
    DateTime=2026-06-15T07:59:25.9289608Z
Restler Information: 0 : (21148) python.exe -B "C:\Users\RLJ\Desktop\study\restler_bin\restler\../engine/restler.py" --restler_grammar "C:\Users\RLJ\Desktop\study\restler_bin\parallel_runs\parallel-20260615-155820\batch_2\task_5\grammar.py" --custom_mutations "C:\Users\RLJ\Desktop\study\restler_bin\parallel_runs\parallel-20260615-155820\batch_2\task_5\dict.json" --set_version 9.3.1    --no_ssl   --settings "C:\Users\RLJ\Desktop\study\restler_bin\engine_settings.json" --enable_checkers * --disable_checkers namespacerule --time_budget 0.005000   --include_user_agent --no_tokens_in_logs t --garbage_collection_interval 30 --fuzzing_mode directed-smoke-test exited with code: 0
    DateTime=2026-06-15T07:59:25.9290475Z
Restler Information: 0 : Launching 'dotnet "C:\Users\RLJ\Desktop\study\restler_bin\restler\../resultsAnalyzer/Restler.ResultsAnalyzer.dll" analyze "C:\Users\RLJ\Desktop\study\restler_bin\parallel_runs\parallel-20260615-155820\batch_2\task_5\FuzzLean" --output_dir "C:\Users\RLJ\Desktop\study\restler_bin\parallel_runs\parallel-20260615-155820\batch_2\task_5\FuzzLean\ResponseBuckets" --dictionary_file "C:\Users\RLJ\Desktop\study\restler_bin\parallel_runs\parallel-20260615-155820\batch_2\task_5\dict.json" --max_instances_per_bucket 10'
    DateTime=2026-06-15T07:59:25.9421203Z
Restler Information: 0 : Process execution terminated in 00:00:00.2254815 with exit code 0x1: 'dotnet "C:\Users\RLJ\Desktop\study\restler_bin\restler\../resultsAnalyzer/Restler.ResultsAnalyzer.dll" analyze "C:\Users\RLJ\Desktop\study\restler_bin\parallel_runs\parallel-20260615-155820\batch_2\task_5\FuzzLean" --output_dir "C:\Users\RLJ\Desktop\study\restler_bin\parallel_runs\parallel-20260615-155820\batch_2\task_5\FuzzLean\ResponseBuckets" --dictionary_file "C:\Users\RLJ\Desktop\study\restler_bin\parallel_runs\parallel-20260615-155820\batch_2\task_5\dict.json" --max_instances_per_bucket 10'
    DateTime=2026-06-15T07:59:26.1679806Z
Restler Information: 0 : (14832) dotnet "C:\Users\RLJ\Desktop\study\restler_bin\restler\../resultsAnalyzer/Restler.ResultsAnalyzer.dll" analyze "C:\Users\RLJ\Desktop\study\restler_bin\parallel_runs\parallel-20260615-155820\batch_2\task_5\FuzzLean" --output_dir "C:\Users\RLJ\Desktop\study\restler_bin\parallel_runs\parallel-20260615-155820\batch_2\task_5\FuzzLean\ResponseBuckets" --dictionary_file "C:\Users\RLJ\Desktop\study\restler_bin\parallel_runs\parallel-20260615-155820\batch_2\task_5\dict.json" --max_instances_per_bucket 10 exited with code: 1
    DateTime=2026-06-15T07:59:26.1680692Z
Restler Error: 0 : Results analyzer for logs in C:\Users\RLJ\Desktop\study\restler_bin\parallel_runs\parallel-20260615-155820\batch_2\task_5\FuzzLean failed.
    DateTime=2026-06-15T07:59:26.1726636Z
Restler Information: 0 : Request coverage (successful / total): 0 / 5
    DateTime=2026-06-15T07:59:26.2620185Z
Restler Information: 0 : Attempted requests: 1 / 5
    DateTime=2026-06-15T07:59:26.2620759Z
Restler Information: 0 : No bugs were found.
    DateTime=2026-06-15T07:59:26.2634543Z
Restler Information: 0 : Spec coverage file speccov-min.json not found.
    DateTime=2026-06-15T07:59:26.2716152Z
Restler Information: 0 : Task FuzzLean succeeded.
    DateTime=2026-06-15T07:59:26.2742271Z
Restler Information: 0 : Collecting logs...
    DateTime=2026-06-15T07:59:26.7617628Z
