Restler Information: 0 : Starting task Test...
    DateTime=2026-06-15T10:12:54.8683912Z
Restler Information: 0 : Launching 'python.exe --version'
    DateTime=2026-06-15T10:12:56.1527932Z
Restler Information: 0 : Process execution terminated in 00:00:00.0369427 with exit code 0x0: 'python.exe --version'
    DateTime=2026-06-15T10:12:56.3675679Z
Restler Information: 0 : (23804) python.exe --version exited with code: 0
    DateTime=2026-06-15T10:12:56.3723297Z
Restler Information: 0 : Launching 'python.exe -B "C:\Users\RLJ\Desktop\study\restler_bin\restler\../engine/restler.py" --restler_grammar "C:\Users\RLJ\Desktop\study\restler_bin\parallel_runs\parallel-20260615-181237\batch_4\task_0_delete\grammar.py" --custom_mutations "C:\Users\RLJ\Desktop\study\restler_bin\parallel_runs\parallel-20260615-181237\batch_4\task_0_delete\dict.json" --set_version 9.3.1    --no_ssl   --settings "C:\Users\RLJ\Desktop\study\restler_bin\engine_settings.json"     --include_user_agent --no_tokens_in_logs t --garbage_collection_interval 30 --fuzzing_mode directed-smoke-test'
    DateTime=2026-06-15T10:12:56.3815805Z
Restler Information: 0 : Process execution terminated in 00:00:00.7734831 with exit code 0x0: 'python.exe -B "C:\Users\RLJ\Desktop\study\restler_bin\restler\../engine/restler.py" --restler_grammar "C:\Users\RLJ\Desktop\study\restler_bin\parallel_runs\parallel-20260615-181237\batch_4\task_0_delete\grammar.py" --custom_mutations "C:\Users\RLJ\Desktop\study\restler_bin\parallel_runs\parallel-20260615-181237\batch_4\task_0_delete\dict.json" --set_version 9.3.1    --no_ssl   --settings "C:\Users\RLJ\Desktop\study\restler_bin\engine_settings.json"     --include_user_agent --no_tokens_in_logs t --garbage_collection_interval 30 --fuzzing_mode directed-smoke-test'
    DateTime=2026-06-15T10:12:57.1552559Z
Restler Information: 0 : (24392) python.exe -B "C:\Users\RLJ\Desktop\study\restler_bin\restler\../engine/restler.py" --restler_grammar "C:\Users\RLJ\Desktop\study\restler_bin\parallel_runs\parallel-20260615-181237\batch_4\task_0_delete\grammar.py" --custom_mutations "C:\Users\RLJ\Desktop\study\restler_bin\parallel_runs\parallel-20260615-181237\batch_4\task_0_delete\dict.json" --set_version 9.3.1    --no_ssl   --settings "C:\Users\RLJ\Desktop\study\restler_bin\engine_settings.json"     --include_user_agent --no_tokens_in_logs t --garbage_collection_interval 30 --fuzzing_mode directed-smoke-test exited with code: 0
    DateTime=2026-06-15T10:12:57.1553329Z
Restler Information: 0 : Launching 'dotnet "C:\Users\RLJ\Desktop\study\restler_bin\restler\../resultsAnalyzer/Restler.ResultsAnalyzer.dll" analyze "C:\Users\RLJ\Desktop\study\restler_bin\parallel_runs\parallel-20260615-181237\batch_4\task_0_delete\Test" --output_dir "C:\Users\RLJ\Desktop\study\restler_bin\parallel_runs\parallel-20260615-181237\batch_4\task_0_delete\Test\ResponseBuckets" --dictionary_file "C:\Users\RLJ\Desktop\study\restler_bin\parallel_runs\parallel-20260615-181237\batch_4\task_0_delete\dict.json" --max_instances_per_bucket 10'
    DateTime=2026-06-15T10:12:57.1728119Z
Restler Information: 0 : Process execution terminated in 00:00:00.2750361 with exit code 0x1: 'dotnet "C:\Users\RLJ\Desktop\study\restler_bin\restler\../resultsAnalyzer/Restler.ResultsAnalyzer.dll" analyze "C:\Users\RLJ\Desktop\study\restler_bin\parallel_runs\parallel-20260615-181237\batch_4\task_0_delete\Test" --output_dir "C:\Users\RLJ\Desktop\study\restler_bin\parallel_runs\parallel-20260615-181237\batch_4\task_0_delete\Test\ResponseBuckets" --dictionary_file "C:\Users\RLJ\Desktop\study\restler_bin\parallel_runs\parallel-20260615-181237\batch_4\task_0_delete\dict.json" --max_instances_per_bucket 10'
    DateTime=2026-06-15T10:12:57.4479856Z
Restler Information: 0 : (25456) dotnet "C:\Users\RLJ\Desktop\study\restler_bin\restler\../resultsAnalyzer/Restler.ResultsAnalyzer.dll" analyze "C:\Users\RLJ\Desktop\study\restler_bin\parallel_runs\parallel-20260615-181237\batch_4\task_0_delete\Test" --output_dir "C:\Users\RLJ\Desktop\study\restler_bin\parallel_runs\parallel-20260615-181237\batch_4\task_0_delete\Test\ResponseBuckets" --dictionary_file "C:\Users\RLJ\Desktop\study\restler_bin\parallel_runs\parallel-20260615-181237\batch_4\task_0_delete\dict.json" --max_instances_per_bucket 10 exited with code: 1
    DateTime=2026-06-15T10:12:57.4480599Z
Restler Error: 0 : Results analyzer for logs in C:\Users\RLJ\Desktop\study\restler_bin\parallel_runs\parallel-20260615-181237\batch_4\task_0_delete\Test failed.
    DateTime=2026-06-15T10:12:57.4537607Z
Restler Information: 0 : Request coverage (successful / total): 1 / 1
    DateTime=2026-06-15T10:12:57.5410346Z
Restler Information: 0 : Attempted requests: 1 / 1
    DateTime=2026-06-15T10:12:57.5410949Z
Restler Information: 0 : No bugs were found.
    DateTime=2026-06-15T10:12:57.5429900Z
Restler Information: 0 : Task Test succeeded.
    DateTime=2026-06-15T10:12:57.5547643Z
Restler Information: 0 : Collecting logs...
    DateTime=2026-06-15T10:12:58.0302974Z
