Restler Information: 0 : Starting task Test...
    DateTime=2026-06-15T10:13:02.4329795Z
Restler Information: 0 : Launching 'python.exe --version'
    DateTime=2026-06-15T10:13:03.7863790Z
Restler Information: 0 : Process execution terminated in 00:00:00.0449598 with exit code 0x0: 'python.exe --version'
    DateTime=2026-06-15T10:13:04.0056171Z
Restler Information: 0 : (5768) python.exe --version exited with code: 0
    DateTime=2026-06-15T10:13:04.0105430Z
Restler Information: 0 : Launching 'python.exe -B "C:\Users\RLJ\Desktop\study\restler_bin\restler\../engine/restler.py" --restler_grammar "C:\Users\RLJ\Desktop\study\restler_bin\parallel_runs\parallel-20260615-181237\batch_6\task_4_delete\grammar.py" --custom_mutations "C:\Users\RLJ\Desktop\study\restler_bin\parallel_runs\parallel-20260615-181237\batch_6\task_4_delete\dict.json" --set_version 9.3.1    --no_ssl   --settings "C:\Users\RLJ\Desktop\study\restler_bin\engine_settings.json"     --include_user_agent --no_tokens_in_logs t --garbage_collection_interval 30 --fuzzing_mode directed-smoke-test'
    DateTime=2026-06-15T10:13:04.0211544Z
Restler Information: 0 : Process execution terminated in 00:00:00.7080849 with exit code 0x0: 'python.exe -B "C:\Users\RLJ\Desktop\study\restler_bin\restler\../engine/restler.py" --restler_grammar "C:\Users\RLJ\Desktop\study\restler_bin\parallel_runs\parallel-20260615-181237\batch_6\task_4_delete\grammar.py" --custom_mutations "C:\Users\RLJ\Desktop\study\restler_bin\parallel_runs\parallel-20260615-181237\batch_6\task_4_delete\dict.json" --set_version 9.3.1    --no_ssl   --settings "C:\Users\RLJ\Desktop\study\restler_bin\engine_settings.json"     --include_user_agent --no_tokens_in_logs t --garbage_collection_interval 30 --fuzzing_mode directed-smoke-test'
    DateTime=2026-06-15T10:13:04.7295594Z
Restler Information: 0 : (21712) python.exe -B "C:\Users\RLJ\Desktop\study\restler_bin\restler\../engine/restler.py" --restler_grammar "C:\Users\RLJ\Desktop\study\restler_bin\parallel_runs\parallel-20260615-181237\batch_6\task_4_delete\grammar.py" --custom_mutations "C:\Users\RLJ\Desktop\study\restler_bin\parallel_runs\parallel-20260615-181237\batch_6\task_4_delete\dict.json" --set_version 9.3.1    --no_ssl   --settings "C:\Users\RLJ\Desktop\study\restler_bin\engine_settings.json"     --include_user_agent --no_tokens_in_logs t --garbage_collection_interval 30 --fuzzing_mode directed-smoke-test exited with code: 0
    DateTime=2026-06-15T10:13:04.7297124Z
Restler Information: 0 : Launching 'dotnet "C:\Users\RLJ\Desktop\study\restler_bin\restler\../resultsAnalyzer/Restler.ResultsAnalyzer.dll" analyze "C:\Users\RLJ\Desktop\study\restler_bin\parallel_runs\parallel-20260615-181237\batch_6\task_4_delete\Test" --output_dir "C:\Users\RLJ\Desktop\study\restler_bin\parallel_runs\parallel-20260615-181237\batch_6\task_4_delete\Test\ResponseBuckets" --dictionary_file "C:\Users\RLJ\Desktop\study\restler_bin\parallel_runs\parallel-20260615-181237\batch_6\task_4_delete\dict.json" --max_instances_per_bucket 10'
    DateTime=2026-06-15T10:13:04.7442836Z
Restler Information: 0 : Process execution terminated in 00:00:00.2211917 with exit code 0x1: 'dotnet "C:\Users\RLJ\Desktop\study\restler_bin\restler\../resultsAnalyzer/Restler.ResultsAnalyzer.dll" analyze "C:\Users\RLJ\Desktop\study\restler_bin\parallel_runs\parallel-20260615-181237\batch_6\task_4_delete\Test" --output_dir "C:\Users\RLJ\Desktop\study\restler_bin\parallel_runs\parallel-20260615-181237\batch_6\task_4_delete\Test\ResponseBuckets" --dictionary_file "C:\Users\RLJ\Desktop\study\restler_bin\parallel_runs\parallel-20260615-181237\batch_6\task_4_delete\dict.json" --max_instances_per_bucket 10'
    DateTime=2026-06-15T10:13:04.9656759Z
Restler Information: 0 : (624) dotnet "C:\Users\RLJ\Desktop\study\restler_bin\restler\../resultsAnalyzer/Restler.ResultsAnalyzer.dll" analyze "C:\Users\RLJ\Desktop\study\restler_bin\parallel_runs\parallel-20260615-181237\batch_6\task_4_delete\Test" --output_dir "C:\Users\RLJ\Desktop\study\restler_bin\parallel_runs\parallel-20260615-181237\batch_6\task_4_delete\Test\ResponseBuckets" --dictionary_file "C:\Users\RLJ\Desktop\study\restler_bin\parallel_runs\parallel-20260615-181237\batch_6\task_4_delete\dict.json" --max_instances_per_bucket 10 exited with code: 1
    DateTime=2026-06-15T10:13:04.9658225Z
Restler Error: 0 : Results analyzer for logs in C:\Users\RLJ\Desktop\study\restler_bin\parallel_runs\parallel-20260615-181237\batch_6\task_4_delete\Test failed.
    DateTime=2026-06-15T10:13:04.9703804Z
Restler Information: 0 : Request coverage (successful / total): 0 / 1
    DateTime=2026-06-15T10:13:05.0585049Z
Restler Information: 0 : Attempted requests: 1 / 1
    DateTime=2026-06-15T10:13:05.0585604Z
Restler Information: 0 : No bugs were found.
    DateTime=2026-06-15T10:13:05.0599061Z
Restler Information: 0 : See 'coverage_failures_to_investigate.txt' to investigate API coverage.
    DateTime=2026-06-15T10:13:05.1152673Z
Restler Information: 0 : Task Test succeeded.
    DateTime=2026-06-15T10:13:05.1176539Z
Restler Information: 0 : Collecting logs...
    DateTime=2026-06-15T10:13:05.5853798Z
