Restler Information: 0 : Starting task Test...
    DateTime=2026-06-15T09:36:22.8055245Z
Restler Information: 0 : Launching 'python.exe --version'
    DateTime=2026-06-15T09:36:24.2479282Z
Restler Information: 0 : Process execution terminated in 00:00:00.0464150 with exit code 0x0: 'python.exe --version'
    DateTime=2026-06-15T09:36:24.4795524Z
Restler Information: 0 : (2736) python.exe --version exited with code: 0
    DateTime=2026-06-15T09:36:24.4849656Z
Restler Information: 0 : Launching 'python.exe -B "C:\Users\RLJ\Desktop\study\restler_bin\restler\../engine/restler.py" --restler_grammar "C:\Users\RLJ\Desktop\study\restler_bin\parallel_runs\parallel-20260615-173615\batch_1\task_3\grammar.py" --custom_mutations "C:\Users\RLJ\Desktop\study\restler_bin\parallel_runs\parallel-20260615-173615\batch_1\task_3\dict.json" --set_version 9.3.1    --no_ssl   --settings "C:\Users\RLJ\Desktop\study\restler_bin\engine_settings.json"     --include_user_agent --no_tokens_in_logs t --garbage_collection_interval 30 --fuzzing_mode directed-smoke-test'
    DateTime=2026-06-15T09:36:24.4980067Z
Restler Information: 0 : Process execution terminated in 00:00:05.0271896 with exit code 0x0: 'python.exe -B "C:\Users\RLJ\Desktop\study\restler_bin\restler\../engine/restler.py" --restler_grammar "C:\Users\RLJ\Desktop\study\restler_bin\parallel_runs\parallel-20260615-173615\batch_1\task_3\grammar.py" --custom_mutations "C:\Users\RLJ\Desktop\study\restler_bin\parallel_runs\parallel-20260615-173615\batch_1\task_3\dict.json" --set_version 9.3.1    --no_ssl   --settings "C:\Users\RLJ\Desktop\study\restler_bin\engine_settings.json"     --include_user_agent --no_tokens_in_logs t --garbage_collection_interval 30 --fuzzing_mode directed-smoke-test'
    DateTime=2026-06-15T09:36:29.5253618Z
Restler Information: 0 : (23988) python.exe -B "C:\Users\RLJ\Desktop\study\restler_bin\restler\../engine/restler.py" --restler_grammar "C:\Users\RLJ\Desktop\study\restler_bin\parallel_runs\parallel-20260615-173615\batch_1\task_3\grammar.py" --custom_mutations "C:\Users\RLJ\Desktop\study\restler_bin\parallel_runs\parallel-20260615-173615\batch_1\task_3\dict.json" --set_version 9.3.1    --no_ssl   --settings "C:\Users\RLJ\Desktop\study\restler_bin\engine_settings.json"     --include_user_agent --no_tokens_in_logs t --garbage_collection_interval 30 --fuzzing_mode directed-smoke-test exited with code: 0
    DateTime=2026-06-15T09:36:29.5255051Z
Restler Information: 0 : Launching 'dotnet "C:\Users\RLJ\Desktop\study\restler_bin\restler\../resultsAnalyzer/Restler.ResultsAnalyzer.dll" analyze "C:\Users\RLJ\Desktop\study\restler_bin\parallel_runs\parallel-20260615-173615\batch_1\task_3\Test" --output_dir "C:\Users\RLJ\Desktop\study\restler_bin\parallel_runs\parallel-20260615-173615\batch_1\task_3\Test\ResponseBuckets" --dictionary_file "C:\Users\RLJ\Desktop\study\restler_bin\parallel_runs\parallel-20260615-173615\batch_1\task_3\dict.json" --max_instances_per_bucket 10'
    DateTime=2026-06-15T09:36:29.5374687Z
Restler Information: 0 : Process execution terminated in 00:00:00.2695358 with exit code 0x1: 'dotnet "C:\Users\RLJ\Desktop\study\restler_bin\restler\../resultsAnalyzer/Restler.ResultsAnalyzer.dll" analyze "C:\Users\RLJ\Desktop\study\restler_bin\parallel_runs\parallel-20260615-173615\batch_1\task_3\Test" --output_dir "C:\Users\RLJ\Desktop\study\restler_bin\parallel_runs\parallel-20260615-173615\batch_1\task_3\Test\ResponseBuckets" --dictionary_file "C:\Users\RLJ\Desktop\study\restler_bin\parallel_runs\parallel-20260615-173615\batch_1\task_3\dict.json" --max_instances_per_bucket 10'
    DateTime=2026-06-15T09:36:29.8071437Z
Restler Information: 0 : (24720) dotnet "C:\Users\RLJ\Desktop\study\restler_bin\restler\../resultsAnalyzer/Restler.ResultsAnalyzer.dll" analyze "C:\Users\RLJ\Desktop\study\restler_bin\parallel_runs\parallel-20260615-173615\batch_1\task_3\Test" --output_dir "C:\Users\RLJ\Desktop\study\restler_bin\parallel_runs\parallel-20260615-173615\batch_1\task_3\Test\ResponseBuckets" --dictionary_file "C:\Users\RLJ\Desktop\study\restler_bin\parallel_runs\parallel-20260615-173615\batch_1\task_3\dict.json" --max_instances_per_bucket 10 exited with code: 1
    DateTime=2026-06-15T09:36:29.8072088Z
Restler Error: 0 : Results analyzer for logs in C:\Users\RLJ\Desktop\study\restler_bin\parallel_runs\parallel-20260615-173615\batch_1\task_3\Test failed.
    DateTime=2026-06-15T09:36:29.8117798Z
Restler Information: 0 : Request coverage (successful / total): 0 / 5
    DateTime=2026-06-15T09:36:29.8945221Z
Restler Information: 0 : Attempted requests: 5 / 5
    DateTime=2026-06-15T09:36:29.8945871Z
Restler Information: 0 : No bugs were found.
    DateTime=2026-06-15T09:36:29.8967788Z
Restler Information: 0 : See 'coverage_failures_to_investigate.txt' to investigate API coverage.
    DateTime=2026-06-15T09:36:29.9672893Z
Restler Information: 0 : Task Test succeeded.
    DateTime=2026-06-15T09:36:29.9695047Z
Restler Information: 0 : Collecting logs...
    DateTime=2026-06-15T09:36:30.4935583Z
