Restler Information: 0 : Starting task Test...
    DateTime=2026-06-15T10:08:18.2920117Z
Restler Information: 0 : Launching 'python.exe --version'
    DateTime=2026-06-15T10:08:19.7551376Z
Restler Information: 0 : Process execution terminated in 00:00:00.0404134 with exit code 0x0: 'python.exe --version'
    DateTime=2026-06-15T10:08:19.9730466Z
Restler Information: 0 : (4744) python.exe --version exited with code: 0
    DateTime=2026-06-15T10:08:19.9777637Z
Restler Information: 0 : Launching 'python.exe -B "C:\Users\RLJ\Desktop\study\restler_bin\restler\../engine/restler.py" --restler_grammar "C:\Users\RLJ\Desktop\study\restler_bin\parallel_runs\parallel-20260615-180748\batch_7\task_6_delete\grammar.py" --custom_mutations "C:\Users\RLJ\Desktop\study\restler_bin\parallel_runs\parallel-20260615-180748\batch_7\task_6_delete\dict.json" --set_version 9.3.1    --no_ssl   --settings "C:\Users\RLJ\Desktop\study\restler_bin\engine_settings.json"     --include_user_agent --no_tokens_in_logs t --garbage_collection_interval 30 --fuzzing_mode directed-smoke-test'
    DateTime=2026-06-15T10:08:19.9883846Z
Restler Information: 0 : Process execution terminated in 00:00:00.7028924 with exit code 0x0: 'python.exe -B "C:\Users\RLJ\Desktop\study\restler_bin\restler\../engine/restler.py" --restler_grammar "C:\Users\RLJ\Desktop\study\restler_bin\parallel_runs\parallel-20260615-180748\batch_7\task_6_delete\grammar.py" --custom_mutations "C:\Users\RLJ\Desktop\study\restler_bin\parallel_runs\parallel-20260615-180748\batch_7\task_6_delete\dict.json" --set_version 9.3.1    --no_ssl   --settings "C:\Users\RLJ\Desktop\study\restler_bin\engine_settings.json"     --include_user_agent --no_tokens_in_logs t --garbage_collection_interval 30 --fuzzing_mode directed-smoke-test'
    DateTime=2026-06-15T10:08:20.6914359Z
Restler Information: 0 : (15640) python.exe -B "C:\Users\RLJ\Desktop\study\restler_bin\restler\../engine/restler.py" --restler_grammar "C:\Users\RLJ\Desktop\study\restler_bin\parallel_runs\parallel-20260615-180748\batch_7\task_6_delete\grammar.py" --custom_mutations "C:\Users\RLJ\Desktop\study\restler_bin\parallel_runs\parallel-20260615-180748\batch_7\task_6_delete\dict.json" --set_version 9.3.1    --no_ssl   --settings "C:\Users\RLJ\Desktop\study\restler_bin\engine_settings.json"     --include_user_agent --no_tokens_in_logs t --garbage_collection_interval 30 --fuzzing_mode directed-smoke-test exited with code: 0
    DateTime=2026-06-15T10:08:20.6915279Z
Restler Information: 0 : Launching 'dotnet "C:\Users\RLJ\Desktop\study\restler_bin\restler\../resultsAnalyzer/Restler.ResultsAnalyzer.dll" analyze "C:\Users\RLJ\Desktop\study\restler_bin\parallel_runs\parallel-20260615-180748\batch_7\task_6_delete\Test" --output_dir "C:\Users\RLJ\Desktop\study\restler_bin\parallel_runs\parallel-20260615-180748\batch_7\task_6_delete\Test\ResponseBuckets" --dictionary_file "C:\Users\RLJ\Desktop\study\restler_bin\parallel_runs\parallel-20260615-180748\batch_7\task_6_delete\dict.json" --max_instances_per_bucket 10'
    DateTime=2026-06-15T10:08:20.7033756Z
Restler Information: 0 : Process execution terminated in 00:00:00.2572906 with exit code 0x1: 'dotnet "C:\Users\RLJ\Desktop\study\restler_bin\restler\../resultsAnalyzer/Restler.ResultsAnalyzer.dll" analyze "C:\Users\RLJ\Desktop\study\restler_bin\parallel_runs\parallel-20260615-180748\batch_7\task_6_delete\Test" --output_dir "C:\Users\RLJ\Desktop\study\restler_bin\parallel_runs\parallel-20260615-180748\batch_7\task_6_delete\Test\ResponseBuckets" --dictionary_file "C:\Users\RLJ\Desktop\study\restler_bin\parallel_runs\parallel-20260615-180748\batch_7\task_6_delete\dict.json" --max_instances_per_bucket 10'
    DateTime=2026-06-15T10:08:20.9608117Z
Restler Information: 0 : (18960) dotnet "C:\Users\RLJ\Desktop\study\restler_bin\restler\../resultsAnalyzer/Restler.ResultsAnalyzer.dll" analyze "C:\Users\RLJ\Desktop\study\restler_bin\parallel_runs\parallel-20260615-180748\batch_7\task_6_delete\Test" --output_dir "C:\Users\RLJ\Desktop\study\restler_bin\parallel_runs\parallel-20260615-180748\batch_7\task_6_delete\Test\ResponseBuckets" --dictionary_file "C:\Users\RLJ\Desktop\study\restler_bin\parallel_runs\parallel-20260615-180748\batch_7\task_6_delete\dict.json" --max_instances_per_bucket 10 exited with code: 1
    DateTime=2026-06-15T10:08:20.9608912Z
Restler Error: 0 : Results analyzer for logs in C:\Users\RLJ\Desktop\study\restler_bin\parallel_runs\parallel-20260615-180748\batch_7\task_6_delete\Test failed.
    DateTime=2026-06-15T10:08:20.9652796Z
Restler Information: 0 : Request coverage (successful / total): 1 / 1
    DateTime=2026-06-15T10:08:21.0642291Z
Restler Information: 0 : Attempted requests: 1 / 1
    DateTime=2026-06-15T10:08:21.0644773Z
Restler Information: 0 : No bugs were found.
    DateTime=2026-06-15T10:08:21.0667542Z
Restler Information: 0 : Task Test succeeded.
    DateTime=2026-06-15T10:08:21.0875918Z
Restler Information: 0 : Collecting logs...
    DateTime=2026-06-15T10:08:21.5875974Z
