Restler Information: 0 : Starting task FuzzLean...
    DateTime=2026-06-15T07:58:43.2885561Z
Restler Information: 0 : Launching 'python.exe --version'
    DateTime=2026-06-15T07:58:45.4665287Z
Restler Information: 0 : Process execution terminated in 00:00:00.0380552 with exit code 0x0: 'python.exe --version'
    DateTime=2026-06-15T07:58:45.5110450Z
Restler Information: 0 : (23288) python.exe --version exited with code: 0
    DateTime=2026-06-15T07:58:45.5165933Z
Restler Information: 0 : Launching 'python.exe -B "C:\Users\RLJ\Desktop\study\restler_bin\restler\../engine/restler.py" --restler_grammar "C:\Users\RLJ\Desktop\study\restler_bin\parallel_runs\parallel-20260615-155820\batch_1\task_3\grammar.py" --custom_mutations "C:\Users\RLJ\Desktop\study\restler_bin\parallel_runs\parallel-20260615-155820\batch_1\task_3\dict.json" --set_version 9.3.1    --no_ssl   --settings "C:\Users\RLJ\Desktop\study\restler_bin\engine_settings.json" --enable_checkers * --disable_checkers namespacerule --time_budget 0.005000   --include_user_agent --no_tokens_in_logs t --garbage_collection_interval 30 --fuzzing_mode directed-smoke-test'
    DateTime=2026-06-15T07:58:45.5302136Z
Restler Information: 0 : Process execution terminated in 00:00:18.6490066 with exit code 0x0: 'python.exe -B "C:\Users\RLJ\Desktop\study\restler_bin\restler\../engine/restler.py" --restler_grammar "C:\Users\RLJ\Desktop\study\restler_bin\parallel_runs\parallel-20260615-155820\batch_1\task_3\grammar.py" --custom_mutations "C:\Users\RLJ\Desktop\study\restler_bin\parallel_runs\parallel-20260615-155820\batch_1\task_3\dict.json" --set_version 9.3.1    --no_ssl   --settings "C:\Users\RLJ\Desktop\study\restler_bin\engine_settings.json" --enable_checkers * --disable_checkers namespacerule --time_budget 0.005000   --include_user_agent --no_tokens_in_logs t --garbage_collection_interval 30 --fuzzing_mode directed-smoke-test'
    DateTime=2026-06-15T07:59:04.1793478Z
Restler Information: 0 : (11912) python.exe -B "C:\Users\RLJ\Desktop\study\restler_bin\restler\../engine/restler.py" --restler_grammar "C:\Users\RLJ\Desktop\study\restler_bin\parallel_runs\parallel-20260615-155820\batch_1\task_3\grammar.py" --custom_mutations "C:\Users\RLJ\Desktop\study\restler_bin\parallel_runs\parallel-20260615-155820\batch_1\task_3\dict.json" --set_version 9.3.1    --no_ssl   --settings "C:\Users\RLJ\Desktop\study\restler_bin\engine_settings.json" --enable_checkers * --disable_checkers namespacerule --time_budget 0.005000   --include_user_agent --no_tokens_in_logs t --garbage_collection_interval 30 --fuzzing_mode directed-smoke-test exited with code: 0
    DateTime=2026-06-15T07:59:04.1794678Z
Restler Information: 0 : Launching 'dotnet "C:\Users\RLJ\Desktop\study\restler_bin\restler\../resultsAnalyzer/Restler.ResultsAnalyzer.dll" analyze "C:\Users\RLJ\Desktop\study\restler_bin\parallel_runs\parallel-20260615-155820\batch_1\task_3\FuzzLean" --output_dir "C:\Users\RLJ\Desktop\study\restler_bin\parallel_runs\parallel-20260615-155820\batch_1\task_3\FuzzLean\ResponseBuckets" --dictionary_file "C:\Users\RLJ\Desktop\study\restler_bin\parallel_runs\parallel-20260615-155820\batch_1\task_3\dict.json" --max_instances_per_bucket 10'
    DateTime=2026-06-15T07:59:04.1912153Z
Restler Information: 0 : Process execution terminated in 00:00:00.2335506 with exit code 0x1: 'dotnet "C:\Users\RLJ\Desktop\study\restler_bin\restler\../resultsAnalyzer/Restler.ResultsAnalyzer.dll" analyze "C:\Users\RLJ\Desktop\study\restler_bin\parallel_runs\parallel-20260615-155820\batch_1\task_3\FuzzLean" --output_dir "C:\Users\RLJ\Desktop\study\restler_bin\parallel_runs\parallel-20260615-155820\batch_1\task_3\FuzzLean\ResponseBuckets" --dictionary_file "C:\Users\RLJ\Desktop\study\restler_bin\parallel_runs\parallel-20260615-155820\batch_1\task_3\dict.json" --max_instances_per_bucket 10'
    DateTime=2026-06-15T07:59:04.4248914Z
Restler Information: 0 : (12952) dotnet "C:\Users\RLJ\Desktop\study\restler_bin\restler\../resultsAnalyzer/Restler.ResultsAnalyzer.dll" analyze "C:\Users\RLJ\Desktop\study\restler_bin\parallel_runs\parallel-20260615-155820\batch_1\task_3\FuzzLean" --output_dir "C:\Users\RLJ\Desktop\study\restler_bin\parallel_runs\parallel-20260615-155820\batch_1\task_3\FuzzLean\ResponseBuckets" --dictionary_file "C:\Users\RLJ\Desktop\study\restler_bin\parallel_runs\parallel-20260615-155820\batch_1\task_3\dict.json" --max_instances_per_bucket 10 exited with code: 1
    DateTime=2026-06-15T07:59:04.4249642Z
Restler Error: 0 : Results analyzer for logs in C:\Users\RLJ\Desktop\study\restler_bin\parallel_runs\parallel-20260615-155820\batch_1\task_3\FuzzLean failed.
    DateTime=2026-06-15T07:59:04.4288751Z
Restler Information: 0 : Request coverage (successful / total): 0 / 5
    DateTime=2026-06-15T07:59:04.5045871Z
Restler Information: 0 : Attempted requests: 2 / 5
    DateTime=2026-06-15T07:59:04.5046459Z
Restler Information: 0 : No bugs were found.
    DateTime=2026-06-15T07:59:04.5059921Z
Restler Information: 0 : See 'coverage_failures_to_investigate.txt' to investigate API coverage.
    DateTime=2026-06-15T07:59:04.5578685Z
Restler Information: 0 : Task FuzzLean succeeded.
    DateTime=2026-06-15T07:59:04.5604100Z
Restler Information: 0 : Collecting logs...
    DateTime=2026-06-15T07:59:05.0256370Z
