Restler Information: 0 : Starting task Test...
    DateTime=2026-06-15T10:09:54.4966662Z
Restler Information: 0 : Launching 'python.exe --version'
    DateTime=2026-06-15T10:09:56.0039217Z
Restler Information: 0 : Process execution terminated in 00:00:00.0368647 with exit code 0x0: 'python.exe --version'
    DateTime=2026-06-15T10:09:56.2222402Z
Restler Information: 0 : (22952) python.exe --version exited with code: 0
    DateTime=2026-06-15T10:09:56.2281776Z
Restler Information: 0 : Launching 'python.exe -B "C:\Users\RLJ\Desktop\study\restler_bin\restler\../engine/restler.py" --restler_grammar "C:\Users\RLJ\Desktop\study\restler_bin\parallel_runs\parallel-20260615-180950\batch_1\task_2_non_delete\grammar.py" --custom_mutations "C:\Users\RLJ\Desktop\study\restler_bin\parallel_runs\parallel-20260615-180950\batch_1\task_2_non_delete\dict.json" --set_version 9.3.1    --no_ssl   --settings "C:\Users\RLJ\Desktop\study\restler_bin\engine_settings.json"     --include_user_agent --no_tokens_in_logs t --garbage_collection_interval 30 --fuzzing_mode directed-smoke-test'
    DateTime=2026-06-15T10:09:56.2423364Z
Restler Information: 0 : Process execution terminated in 00:00:00.9039488 with exit code 0x0: 'python.exe -B "C:\Users\RLJ\Desktop\study\restler_bin\restler\../engine/restler.py" --restler_grammar "C:\Users\RLJ\Desktop\study\restler_bin\parallel_runs\parallel-20260615-180950\batch_1\task_2_non_delete\grammar.py" --custom_mutations "C:\Users\RLJ\Desktop\study\restler_bin\parallel_runs\parallel-20260615-180950\batch_1\task_2_non_delete\dict.json" --set_version 9.3.1    --no_ssl   --settings "C:\Users\RLJ\Desktop\study\restler_bin\engine_settings.json"     --include_user_agent --no_tokens_in_logs t --garbage_collection_interval 30 --fuzzing_mode directed-smoke-test'
    DateTime=2026-06-15T10:09:57.1465983Z
Restler Information: 0 : (19076) python.exe -B "C:\Users\RLJ\Desktop\study\restler_bin\restler\../engine/restler.py" --restler_grammar "C:\Users\RLJ\Desktop\study\restler_bin\parallel_runs\parallel-20260615-180950\batch_1\task_2_non_delete\grammar.py" --custom_mutations "C:\Users\RLJ\Desktop\study\restler_bin\parallel_runs\parallel-20260615-180950\batch_1\task_2_non_delete\dict.json" --set_version 9.3.1    --no_ssl   --settings "C:\Users\RLJ\Desktop\study\restler_bin\engine_settings.json"     --include_user_agent --no_tokens_in_logs t --garbage_collection_interval 30 --fuzzing_mode directed-smoke-test exited with code: 0
    DateTime=2026-06-15T10:09:57.1467553Z
Restler Information: 0 : Launching 'dotnet "C:\Users\RLJ\Desktop\study\restler_bin\restler\../resultsAnalyzer/Restler.ResultsAnalyzer.dll" analyze "C:\Users\RLJ\Desktop\study\restler_bin\parallel_runs\parallel-20260615-180950\batch_1\task_2_non_delete\Test" --output_dir "C:\Users\RLJ\Desktop\study\restler_bin\parallel_runs\parallel-20260615-180950\batch_1\task_2_non_delete\Test\ResponseBuckets" --dictionary_file "C:\Users\RLJ\Desktop\study\restler_bin\parallel_runs\parallel-20260615-180950\batch_1\task_2_non_delete\dict.json" --max_instances_per_bucket 10'
    DateTime=2026-06-15T10:09:57.1593767Z
Restler Information: 0 : Process execution terminated in 00:00:00.2310815 with exit code 0x1: 'dotnet "C:\Users\RLJ\Desktop\study\restler_bin\restler\../resultsAnalyzer/Restler.ResultsAnalyzer.dll" analyze "C:\Users\RLJ\Desktop\study\restler_bin\parallel_runs\parallel-20260615-180950\batch_1\task_2_non_delete\Test" --output_dir "C:\Users\RLJ\Desktop\study\restler_bin\parallel_runs\parallel-20260615-180950\batch_1\task_2_non_delete\Test\ResponseBuckets" --dictionary_file "C:\Users\RLJ\Desktop\study\restler_bin\parallel_runs\parallel-20260615-180950\batch_1\task_2_non_delete\dict.json" --max_instances_per_bucket 10'
    DateTime=2026-06-15T10:09:57.3905885Z
Restler Information: 0 : (25436) dotnet "C:\Users\RLJ\Desktop\study\restler_bin\restler\../resultsAnalyzer/Restler.ResultsAnalyzer.dll" analyze "C:\Users\RLJ\Desktop\study\restler_bin\parallel_runs\parallel-20260615-180950\batch_1\task_2_non_delete\Test" --output_dir "C:\Users\RLJ\Desktop\study\restler_bin\parallel_runs\parallel-20260615-180950\batch_1\task_2_non_delete\Test\ResponseBuckets" --dictionary_file "C:\Users\RLJ\Desktop\study\restler_bin\parallel_runs\parallel-20260615-180950\batch_1\task_2_non_delete\dict.json" --max_instances_per_bucket 10 exited with code: 1
    DateTime=2026-06-15T10:09:57.3907009Z
Restler Error: 0 : Results analyzer for logs in C:\Users\RLJ\Desktop\study\restler_bin\parallel_runs\parallel-20260615-180950\batch_1\task_2_non_delete\Test failed.
    DateTime=2026-06-15T10:09:57.3951484Z
Restler Information: 0 : Request coverage (successful / total): 4 / 4
    DateTime=2026-06-15T10:09:57.4696199Z
Restler Information: 0 : Attempted requests: 4 / 4
    DateTime=2026-06-15T10:09:57.4696710Z
Restler Information: 0 : No bugs were found.
    DateTime=2026-06-15T10:09:57.4709972Z
Restler Information: 0 : Task Test succeeded.
    DateTime=2026-06-15T10:09:57.4813065Z
Restler Information: 0 : Collecting logs...
    DateTime=2026-06-15T10:09:57.9679356Z
