Restler Information: 0 : Starting task Test...
    DateTime=2026-06-15T09:40:21.6418371Z
Restler Information: 0 : Launching 'python.exe --version'
    DateTime=2026-06-15T09:40:22.9448627Z
Restler Information: 0 : Process execution terminated in 00:00:00.0489316 with exit code 0x0: 'python.exe --version'
    DateTime=2026-06-15T09:40:23.1603178Z
Restler Information: 0 : (3056) python.exe --version exited with code: 0
    DateTime=2026-06-15T09:40:23.1666932Z
Restler Information: 0 : Launching 'python.exe -B "C:\Users\RLJ\Desktop\study\restler_bin\restler\../engine/restler.py" --restler_grammar "C:\Users\RLJ\Desktop\study\restler_bin\parallel_runs\parallel-20260615-174003\batch_3\task_6\grammar.py" --custom_mutations "C:\Users\RLJ\Desktop\study\restler_bin\parallel_runs\parallel-20260615-174003\batch_3\task_6\dict.json" --set_version 9.3.1    --no_ssl   --settings "C:\Users\RLJ\Desktop\study\restler_bin\engine_settings.json"     --include_user_agent --no_tokens_in_logs t --garbage_collection_interval 30 --fuzzing_mode directed-smoke-test'
    DateTime=2026-06-15T09:40:23.1779691Z
Restler Information: 0 : Process execution terminated in 00:00:03.0562112 with exit code 0x0: 'python.exe -B "C:\Users\RLJ\Desktop\study\restler_bin\restler\../engine/restler.py" --restler_grammar "C:\Users\RLJ\Desktop\study\restler_bin\parallel_runs\parallel-20260615-174003\batch_3\task_6\grammar.py" --custom_mutations "C:\Users\RLJ\Desktop\study\restler_bin\parallel_runs\parallel-20260615-174003\batch_3\task_6\dict.json" --set_version 9.3.1    --no_ssl   --settings "C:\Users\RLJ\Desktop\study\restler_bin\engine_settings.json"     --include_user_agent --no_tokens_in_logs t --garbage_collection_interval 30 --fuzzing_mode directed-smoke-test'
    DateTime=2026-06-15T09:40:26.2344229Z
Restler Information: 0 : (2932) python.exe -B "C:\Users\RLJ\Desktop\study\restler_bin\restler\../engine/restler.py" --restler_grammar "C:\Users\RLJ\Desktop\study\restler_bin\parallel_runs\parallel-20260615-174003\batch_3\task_6\grammar.py" --custom_mutations "C:\Users\RLJ\Desktop\study\restler_bin\parallel_runs\parallel-20260615-174003\batch_3\task_6\dict.json" --set_version 9.3.1    --no_ssl   --settings "C:\Users\RLJ\Desktop\study\restler_bin\engine_settings.json"     --include_user_agent --no_tokens_in_logs t --garbage_collection_interval 30 --fuzzing_mode directed-smoke-test exited with code: 0
    DateTime=2026-06-15T09:40:26.2345516Z
Restler Information: 0 : Launching 'dotnet "C:\Users\RLJ\Desktop\study\restler_bin\restler\../resultsAnalyzer/Restler.ResultsAnalyzer.dll" analyze "C:\Users\RLJ\Desktop\study\restler_bin\parallel_runs\parallel-20260615-174003\batch_3\task_6\Test" --output_dir "C:\Users\RLJ\Desktop\study\restler_bin\parallel_runs\parallel-20260615-174003\batch_3\task_6\Test\ResponseBuckets" --dictionary_file "C:\Users\RLJ\Desktop\study\restler_bin\parallel_runs\parallel-20260615-174003\batch_3\task_6\dict.json" --max_instances_per_bucket 10'
    DateTime=2026-06-15T09:40:26.2467006Z
Restler Information: 0 : Process execution terminated in 00:00:00.2134055 with exit code 0x1: 'dotnet "C:\Users\RLJ\Desktop\study\restler_bin\restler\../resultsAnalyzer/Restler.ResultsAnalyzer.dll" analyze "C:\Users\RLJ\Desktop\study\restler_bin\parallel_runs\parallel-20260615-174003\batch_3\task_6\Test" --output_dir "C:\Users\RLJ\Desktop\study\restler_bin\parallel_runs\parallel-20260615-174003\batch_3\task_6\Test\ResponseBuckets" --dictionary_file "C:\Users\RLJ\Desktop\study\restler_bin\parallel_runs\parallel-20260615-174003\batch_3\task_6\dict.json" --max_instances_per_bucket 10'
    DateTime=2026-06-15T09:40:26.4602520Z
Restler Information: 0 : (10412) dotnet "C:\Users\RLJ\Desktop\study\restler_bin\restler\../resultsAnalyzer/Restler.ResultsAnalyzer.dll" analyze "C:\Users\RLJ\Desktop\study\restler_bin\parallel_runs\parallel-20260615-174003\batch_3\task_6\Test" --output_dir "C:\Users\RLJ\Desktop\study\restler_bin\parallel_runs\parallel-20260615-174003\batch_3\task_6\Test\ResponseBuckets" --dictionary_file "C:\Users\RLJ\Desktop\study\restler_bin\parallel_runs\parallel-20260615-174003\batch_3\task_6\dict.json" --max_instances_per_bucket 10 exited with code: 1
    DateTime=2026-06-15T09:40:26.4603699Z
Restler Error: 0 : Results analyzer for logs in C:\Users\RLJ\Desktop\study\restler_bin\parallel_runs\parallel-20260615-174003\batch_3\task_6\Test failed.
    DateTime=2026-06-15T09:40:26.4656894Z
Restler Information: 0 : Request coverage (successful / total): 2 / 5
    DateTime=2026-06-15T09:40:26.5604578Z
Restler Information: 0 : Attempted requests: 5 / 5
    DateTime=2026-06-15T09:40:26.5605226Z
Restler Information: 0 : No bugs were found.
    DateTime=2026-06-15T09:40:26.5624152Z
Restler Information: 0 : See 'coverage_failures_to_investigate.txt' to investigate API coverage.
    DateTime=2026-06-15T09:40:26.6306674Z
Restler Information: 0 : Task Test succeeded.
    DateTime=2026-06-15T09:40:26.6331415Z
Restler Information: 0 : Collecting logs...
    DateTime=2026-06-15T09:40:27.1168922Z
