Restler Information: 0 : Starting task Test...
    DateTime=2026-06-15T09:55:46.5874331Z
Restler Information: 0 : Launching 'python.exe --version'
    DateTime=2026-06-15T09:55:48.0025429Z
Restler Information: 0 : Process execution terminated in 00:00:00.0410413 with exit code 0x0: 'python.exe --version'
    DateTime=2026-06-15T09:55:48.2255200Z
Restler Information: 0 : (23704) python.exe --version exited with code: 0
    DateTime=2026-06-15T09:55:48.2307112Z
Restler Information: 0 : Launching 'python.exe -B "C:\Users\RLJ\Desktop\study\restler_bin\restler\../engine/restler.py" --restler_grammar "C:\Users\RLJ\Desktop\study\restler_bin\parallel_runs\parallel-20260615-175546\batch_0\task_1\grammar.py" --custom_mutations "C:\Users\RLJ\Desktop\study\restler_bin\parallel_runs\parallel-20260615-175546\batch_0\task_1\dict.json" --set_version 9.3.1    --no_ssl   --settings "C:\Users\RLJ\Desktop\study\restler_bin\engine_settings.json"     --include_user_agent --no_tokens_in_logs t --garbage_collection_interval 30 --fuzzing_mode directed-smoke-test'
    DateTime=2026-06-15T09:55:48.2425505Z
Restler Information: 0 : Process execution terminated in 00:00:03.1440173 with exit code 0x0: 'python.exe -B "C:\Users\RLJ\Desktop\study\restler_bin\restler\../engine/restler.py" --restler_grammar "C:\Users\RLJ\Desktop\study\restler_bin\parallel_runs\parallel-20260615-175546\batch_0\task_1\grammar.py" --custom_mutations "C:\Users\RLJ\Desktop\study\restler_bin\parallel_runs\parallel-20260615-175546\batch_0\task_1\dict.json" --set_version 9.3.1    --no_ssl   --settings "C:\Users\RLJ\Desktop\study\restler_bin\engine_settings.json"     --include_user_agent --no_tokens_in_logs t --garbage_collection_interval 30 --fuzzing_mode directed-smoke-test'
    DateTime=2026-06-15T09:55:51.3868381Z
Restler Information: 0 : (21372) python.exe -B "C:\Users\RLJ\Desktop\study\restler_bin\restler\../engine/restler.py" --restler_grammar "C:\Users\RLJ\Desktop\study\restler_bin\parallel_runs\parallel-20260615-175546\batch_0\task_1\grammar.py" --custom_mutations "C:\Users\RLJ\Desktop\study\restler_bin\parallel_runs\parallel-20260615-175546\batch_0\task_1\dict.json" --set_version 9.3.1    --no_ssl   --settings "C:\Users\RLJ\Desktop\study\restler_bin\engine_settings.json"     --include_user_agent --no_tokens_in_logs t --garbage_collection_interval 30 --fuzzing_mode directed-smoke-test exited with code: 0
    DateTime=2026-06-15T09:55:51.3870902Z
Restler Information: 0 : Launching 'dotnet "C:\Users\RLJ\Desktop\study\restler_bin\restler\../resultsAnalyzer/Restler.ResultsAnalyzer.dll" analyze "C:\Users\RLJ\Desktop\study\restler_bin\parallel_runs\parallel-20260615-175546\batch_0\task_1\Test" --output_dir "C:\Users\RLJ\Desktop\study\restler_bin\parallel_runs\parallel-20260615-175546\batch_0\task_1\Test\ResponseBuckets" --dictionary_file "C:\Users\RLJ\Desktop\study\restler_bin\parallel_runs\parallel-20260615-175546\batch_0\task_1\dict.json" --max_instances_per_bucket 10'
    DateTime=2026-06-15T09:55:51.4023155Z
Restler Information: 0 : Process execution terminated in 00:00:00.2958077 with exit code 0x1: 'dotnet "C:\Users\RLJ\Desktop\study\restler_bin\restler\../resultsAnalyzer/Restler.ResultsAnalyzer.dll" analyze "C:\Users\RLJ\Desktop\study\restler_bin\parallel_runs\parallel-20260615-175546\batch_0\task_1\Test" --output_dir "C:\Users\RLJ\Desktop\study\restler_bin\parallel_runs\parallel-20260615-175546\batch_0\task_1\Test\ResponseBuckets" --dictionary_file "C:\Users\RLJ\Desktop\study\restler_bin\parallel_runs\parallel-20260615-175546\batch_0\task_1\dict.json" --max_instances_per_bucket 10'
    DateTime=2026-06-15T09:55:51.6982951Z
Restler Information: 0 : (11600) dotnet "C:\Users\RLJ\Desktop\study\restler_bin\restler\../resultsAnalyzer/Restler.ResultsAnalyzer.dll" analyze "C:\Users\RLJ\Desktop\study\restler_bin\parallel_runs\parallel-20260615-175546\batch_0\task_1\Test" --output_dir "C:\Users\RLJ\Desktop\study\restler_bin\parallel_runs\parallel-20260615-175546\batch_0\task_1\Test\ResponseBuckets" --dictionary_file "C:\Users\RLJ\Desktop\study\restler_bin\parallel_runs\parallel-20260615-175546\batch_0\task_1\dict.json" --max_instances_per_bucket 10 exited with code: 1
    DateTime=2026-06-15T09:55:51.6984141Z
Restler Error: 0 : Results analyzer for logs in C:\Users\RLJ\Desktop\study\restler_bin\parallel_runs\parallel-20260615-175546\batch_0\task_1\Test failed.
    DateTime=2026-06-15T09:55:51.7053370Z
Restler Information: 0 : Request coverage (successful / total): 3 / 5
    DateTime=2026-06-15T09:55:51.7958723Z
Restler Information: 0 : Attempted requests: 5 / 5
    DateTime=2026-06-15T09:55:51.7959623Z
Restler Information: 0 : No bugs were found.
    DateTime=2026-06-15T09:55:51.7979039Z
Restler Information: 0 : See 'coverage_failures_to_investigate.txt' to investigate API coverage.
    DateTime=2026-06-15T09:55:51.8813290Z
Restler Information: 0 : Task Test succeeded.
    DateTime=2026-06-15T09:55:51.8846922Z
Restler Information: 0 : Collecting logs...
    DateTime=2026-06-15T09:55:52.4081789Z
