Restler Information: 0 : Starting task Test...
    DateTime=2026-06-15T10:15:02.5802169Z
Restler Information: 0 : Launching 'python.exe --version'
    DateTime=2026-06-15T10:15:03.9522204Z
Restler Information: 0 : Process execution terminated in 00:00:00.0392409 with exit code 0x0: 'python.exe --version'
    DateTime=2026-06-15T10:15:04.1755150Z
Restler Information: 0 : (16228) python.exe --version exited with code: 0
    DateTime=2026-06-15T10:15:04.1811413Z
Restler Information: 0 : Launching 'python.exe -B "C:\Users\RLJ\Desktop\study\restler_bin\restler\../engine/restler.py" --restler_grammar "C:\Users\RLJ\Desktop\study\restler_bin\parallel_runs\parallel-20260615-181438\batch_6\task_5_delete\grammar.py" --custom_mutations "C:\Users\RLJ\Desktop\study\restler_bin\parallel_runs\parallel-20260615-181438\batch_6\task_5_delete\dict.json" --set_version 9.3.1    --no_ssl   --settings "C:\Users\RLJ\Desktop\study\restler_bin\engine_settings.json"     --include_user_agent --no_tokens_in_logs t --garbage_collection_interval 30 --fuzzing_mode directed-smoke-test'
    DateTime=2026-06-15T10:15:04.1946393Z
Restler Information: 0 : Process execution terminated in 00:00:00.7376535 with exit code 0x0: 'python.exe -B "C:\Users\RLJ\Desktop\study\restler_bin\restler\../engine/restler.py" --restler_grammar "C:\Users\RLJ\Desktop\study\restler_bin\parallel_runs\parallel-20260615-181438\batch_6\task_5_delete\grammar.py" --custom_mutations "C:\Users\RLJ\Desktop\study\restler_bin\parallel_runs\parallel-20260615-181438\batch_6\task_5_delete\dict.json" --set_version 9.3.1    --no_ssl   --settings "C:\Users\RLJ\Desktop\study\restler_bin\engine_settings.json"     --include_user_agent --no_tokens_in_logs t --garbage_collection_interval 30 --fuzzing_mode directed-smoke-test'
    DateTime=2026-06-15T10:15:04.9326883Z
Restler Information: 0 : (9224) python.exe -B "C:\Users\RLJ\Desktop\study\restler_bin\restler\../engine/restler.py" --restler_grammar "C:\Users\RLJ\Desktop\study\restler_bin\parallel_runs\parallel-20260615-181438\batch_6\task_5_delete\grammar.py" --custom_mutations "C:\Users\RLJ\Desktop\study\restler_bin\parallel_runs\parallel-20260615-181438\batch_6\task_5_delete\dict.json" --set_version 9.3.1    --no_ssl   --settings "C:\Users\RLJ\Desktop\study\restler_bin\engine_settings.json"     --include_user_agent --no_tokens_in_logs t --garbage_collection_interval 30 --fuzzing_mode directed-smoke-test exited with code: 0
    DateTime=2026-06-15T10:15:04.9329447Z
Restler Information: 0 : Launching 'dotnet "C:\Users\RLJ\Desktop\study\restler_bin\restler\../resultsAnalyzer/Restler.ResultsAnalyzer.dll" analyze "C:\Users\RLJ\Desktop\study\restler_bin\parallel_runs\parallel-20260615-181438\batch_6\task_5_delete\Test" --output_dir "C:\Users\RLJ\Desktop\study\restler_bin\parallel_runs\parallel-20260615-181438\batch_6\task_5_delete\Test\ResponseBuckets" --dictionary_file "C:\Users\RLJ\Desktop\study\restler_bin\parallel_runs\parallel-20260615-181438\batch_6\task_5_delete\dict.json" --max_instances_per_bucket 10'
    DateTime=2026-06-15T10:15:04.9459663Z
Restler Information: 0 : Process execution terminated in 00:00:00.2976249 with exit code 0x1: 'dotnet "C:\Users\RLJ\Desktop\study\restler_bin\restler\../resultsAnalyzer/Restler.ResultsAnalyzer.dll" analyze "C:\Users\RLJ\Desktop\study\restler_bin\parallel_runs\parallel-20260615-181438\batch_6\task_5_delete\Test" --output_dir "C:\Users\RLJ\Desktop\study\restler_bin\parallel_runs\parallel-20260615-181438\batch_6\task_5_delete\Test\ResponseBuckets" --dictionary_file "C:\Users\RLJ\Desktop\study\restler_bin\parallel_runs\parallel-20260615-181438\batch_6\task_5_delete\dict.json" --max_instances_per_bucket 10'
    DateTime=2026-06-15T10:15:05.2439256Z
Restler Information: 0 : (7444) dotnet "C:\Users\RLJ\Desktop\study\restler_bin\restler\../resultsAnalyzer/Restler.ResultsAnalyzer.dll" analyze "C:\Users\RLJ\Desktop\study\restler_bin\parallel_runs\parallel-20260615-181438\batch_6\task_5_delete\Test" --output_dir "C:\Users\RLJ\Desktop\study\restler_bin\parallel_runs\parallel-20260615-181438\batch_6\task_5_delete\Test\ResponseBuckets" --dictionary_file "C:\Users\RLJ\Desktop\study\restler_bin\parallel_runs\parallel-20260615-181438\batch_6\task_5_delete\dict.json" --max_instances_per_bucket 10 exited with code: 1
    DateTime=2026-06-15T10:15:05.2440490Z
Restler Error: 0 : Results analyzer for logs in C:\Users\RLJ\Desktop\study\restler_bin\parallel_runs\parallel-20260615-181438\batch_6\task_5_delete\Test failed.
    DateTime=2026-06-15T10:15:05.2491441Z
Restler Information: 0 : Request coverage (successful / total): 1 / 1
    DateTime=2026-06-15T10:15:05.3484675Z
Restler Information: 0 : Attempted requests: 1 / 1
    DateTime=2026-06-15T10:15:05.3485461Z
Restler Information: 0 : No bugs were found.
    DateTime=2026-06-15T10:15:05.3501534Z
Restler Information: 0 : Task Test succeeded.
    DateTime=2026-06-15T10:15:05.3627999Z
Restler Information: 0 : Collecting logs...
    DateTime=2026-06-15T10:15:05.8731224Z
