Restler Information: 0 : Starting task Test...
    DateTime=2026-06-15T07:39:59.4909608Z
Restler Information: 0 : Launching 'python.exe --version'
    DateTime=2026-06-15T07:40:00.9729619Z
Restler Information: 0 : Process execution terminated in 00:00:00.0615762 with exit code 0x0: 'python.exe --version'
    DateTime=2026-06-15T07:40:01.2669690Z
Restler Information: 0 : (13112) python.exe --version exited with code: 0
    DateTime=2026-06-15T07:40:01.2756928Z
Restler Information: 0 : Launching 'python.exe -B "C:\Users\RLJ\Desktop\study\restler_bin\restler\../engine/restler.py" --restler_grammar "C:\Users\RLJ\Desktop\study\restler_bin\parallel_runs\parallel-20260615-153959\batch_0\task_1\grammar.py" --custom_mutations "C:\Users\RLJ\Desktop\study\restler_bin\parallel_runs\parallel-20260615-153959\batch_0\task_1\dict.json" --set_version 9.3.1    --no_ssl   --settings "C:\Users\RLJ\Desktop\study\restler_bin\engine_settings.json"     --include_user_agent --no_tokens_in_logs t --garbage_collection_interval 30 --fuzzing_mode directed-smoke-test'
    DateTime=2026-06-15T07:40:01.2957241Z
Restler Information: 0 : Process execution terminated in 00:00:02.7074482 with exit code 0x0: 'python.exe -B "C:\Users\RLJ\Desktop\study\restler_bin\restler\../engine/restler.py" --restler_grammar "C:\Users\RLJ\Desktop\study\restler_bin\parallel_runs\parallel-20260615-153959\batch_0\task_1\grammar.py" --custom_mutations "C:\Users\RLJ\Desktop\study\restler_bin\parallel_runs\parallel-20260615-153959\batch_0\task_1\dict.json" --set_version 9.3.1    --no_ssl   --settings "C:\Users\RLJ\Desktop\study\restler_bin\engine_settings.json"     --include_user_agent --no_tokens_in_logs t --garbage_collection_interval 30 --fuzzing_mode directed-smoke-test'
    DateTime=2026-06-15T07:40:04.0034603Z
Restler Information: 0 : (7480) python.exe -B "C:\Users\RLJ\Desktop\study\restler_bin\restler\../engine/restler.py" --restler_grammar "C:\Users\RLJ\Desktop\study\restler_bin\parallel_runs\parallel-20260615-153959\batch_0\task_1\grammar.py" --custom_mutations "C:\Users\RLJ\Desktop\study\restler_bin\parallel_runs\parallel-20260615-153959\batch_0\task_1\dict.json" --set_version 9.3.1    --no_ssl   --settings "C:\Users\RLJ\Desktop\study\restler_bin\engine_settings.json"     --include_user_agent --no_tokens_in_logs t --garbage_collection_interval 30 --fuzzing_mode directed-smoke-test exited with code: 0
    DateTime=2026-06-15T07:40:04.0036378Z
Restler Information: 0 : Launching 'dotnet "C:\Users\RLJ\Desktop\study\restler_bin\restler\../resultsAnalyzer/Restler.ResultsAnalyzer.dll" analyze "C:\Users\RLJ\Desktop\study\restler_bin\parallel_runs\parallel-20260615-153959\batch_0\task_1\Test" --output_dir "C:\Users\RLJ\Desktop\study\restler_bin\parallel_runs\parallel-20260615-153959\batch_0\task_1\Test\ResponseBuckets" --dictionary_file "C:\Users\RLJ\Desktop\study\restler_bin\parallel_runs\parallel-20260615-153959\batch_0\task_1\dict.json" --max_instances_per_bucket 10'
    DateTime=2026-06-15T07:40:04.0171976Z
Restler Information: 0 : Process execution terminated in 00:00:00.3444748 with exit code 0x1: 'dotnet "C:\Users\RLJ\Desktop\study\restler_bin\restler\../resultsAnalyzer/Restler.ResultsAnalyzer.dll" analyze "C:\Users\RLJ\Desktop\study\restler_bin\parallel_runs\parallel-20260615-153959\batch_0\task_1\Test" --output_dir "C:\Users\RLJ\Desktop\study\restler_bin\parallel_runs\parallel-20260615-153959\batch_0\task_1\Test\ResponseBuckets" --dictionary_file "C:\Users\RLJ\Desktop\study\restler_bin\parallel_runs\parallel-20260615-153959\batch_0\task_1\dict.json" --max_instances_per_bucket 10'
    DateTime=2026-06-15T07:40:04.3618353Z
Restler Information: 0 : (23840) dotnet "C:\Users\RLJ\Desktop\study\restler_bin\restler\../resultsAnalyzer/Restler.ResultsAnalyzer.dll" analyze "C:\Users\RLJ\Desktop\study\restler_bin\parallel_runs\parallel-20260615-153959\batch_0\task_1\Test" --output_dir "C:\Users\RLJ\Desktop\study\restler_bin\parallel_runs\parallel-20260615-153959\batch_0\task_1\Test\ResponseBuckets" --dictionary_file "C:\Users\RLJ\Desktop\study\restler_bin\parallel_runs\parallel-20260615-153959\batch_0\task_1\dict.json" --max_instances_per_bucket 10 exited with code: 1
    DateTime=2026-06-15T07:40:04.3619389Z
Restler Error: 0 : Results analyzer for logs in C:\Users\RLJ\Desktop\study\restler_bin\parallel_runs\parallel-20260615-153959\batch_0\task_1\Test failed.
    DateTime=2026-06-15T07:40:04.3680985Z
Restler Information: 0 : Request coverage (successful / total): 1 / 5
    DateTime=2026-06-15T07:40:04.4895365Z
Restler Information: 0 : Attempted requests: 5 / 5
    DateTime=2026-06-15T07:40:04.4896063Z
Restler Information: 0 : No bugs were found.
    DateTime=2026-06-15T07:40:04.4913985Z
Restler Information: 0 : See 'coverage_failures_to_investigate.txt' to investigate API coverage.
    DateTime=2026-06-15T07:40:04.5874148Z
Restler Information: 0 : Task Test succeeded.
    DateTime=2026-06-15T07:40:04.5921433Z
Restler Information: 0 : Collecting logs...
    DateTime=2026-06-15T07:40:05.0969435Z
