Restler Information: 0 : Starting task Test...
    DateTime=2026-06-15T09:39:22.1996126Z
Restler Information: 0 : Launching 'python.exe --version'
    DateTime=2026-06-15T09:39:23.6487363Z
Restler Information: 0 : Process execution terminated in 00:00:00.0407383 with exit code 0x0: 'python.exe --version'
    DateTime=2026-06-15T09:39:23.8796066Z
Restler Information: 0 : (3948) python.exe --version exited with code: 0
    DateTime=2026-06-15T09:39:23.8853210Z
Restler Information: 0 : Launching 'python.exe -B "C:\Users\RLJ\Desktop\study\restler_bin\restler\../engine/restler.py" --restler_grammar "C:\Users\RLJ\Desktop\study\restler_bin\parallel_runs\parallel-20260615-173921\batch_0\task_0\grammar.py" --custom_mutations "C:\Users\RLJ\Desktop\study\restler_bin\parallel_runs\parallel-20260615-173921\batch_0\task_0\dict.json" --set_version 9.3.1    --no_ssl   --settings "C:\Users\RLJ\Desktop\study\restler_bin\engine_settings.json"     --include_user_agent --no_tokens_in_logs t --garbage_collection_interval 30 --fuzzing_mode directed-smoke-test'
    DateTime=2026-06-15T09:39:23.8984287Z
Restler Information: 0 : Process execution terminated in 00:00:03.3159818 with exit code 0x0: 'python.exe -B "C:\Users\RLJ\Desktop\study\restler_bin\restler\../engine/restler.py" --restler_grammar "C:\Users\RLJ\Desktop\study\restler_bin\parallel_runs\parallel-20260615-173921\batch_0\task_0\grammar.py" --custom_mutations "C:\Users\RLJ\Desktop\study\restler_bin\parallel_runs\parallel-20260615-173921\batch_0\task_0\dict.json" --set_version 9.3.1    --no_ssl   --settings "C:\Users\RLJ\Desktop\study\restler_bin\engine_settings.json"     --include_user_agent --no_tokens_in_logs t --garbage_collection_interval 30 --fuzzing_mode directed-smoke-test'
    DateTime=2026-06-15T09:39:27.2147328Z
Restler Information: 0 : (21808) python.exe -B "C:\Users\RLJ\Desktop\study\restler_bin\restler\../engine/restler.py" --restler_grammar "C:\Users\RLJ\Desktop\study\restler_bin\parallel_runs\parallel-20260615-173921\batch_0\task_0\grammar.py" --custom_mutations "C:\Users\RLJ\Desktop\study\restler_bin\parallel_runs\parallel-20260615-173921\batch_0\task_0\dict.json" --set_version 9.3.1    --no_ssl   --settings "C:\Users\RLJ\Desktop\study\restler_bin\engine_settings.json"     --include_user_agent --no_tokens_in_logs t --garbage_collection_interval 30 --fuzzing_mode directed-smoke-test exited with code: 0
    DateTime=2026-06-15T09:39:27.2149595Z
Restler Information: 0 : Launching 'dotnet "C:\Users\RLJ\Desktop\study\restler_bin\restler\../resultsAnalyzer/Restler.ResultsAnalyzer.dll" analyze "C:\Users\RLJ\Desktop\study\restler_bin\parallel_runs\parallel-20260615-173921\batch_0\task_0\Test" --output_dir "C:\Users\RLJ\Desktop\study\restler_bin\parallel_runs\parallel-20260615-173921\batch_0\task_0\Test\ResponseBuckets" --dictionary_file "C:\Users\RLJ\Desktop\study\restler_bin\parallel_runs\parallel-20260615-173921\batch_0\task_0\dict.json" --max_instances_per_bucket 10'
    DateTime=2026-06-15T09:39:27.2299360Z
Restler Information: 0 : Process execution terminated in 00:00:00.2563672 with exit code 0x1: 'dotnet "C:\Users\RLJ\Desktop\study\restler_bin\restler\../resultsAnalyzer/Restler.ResultsAnalyzer.dll" analyze "C:\Users\RLJ\Desktop\study\restler_bin\parallel_runs\parallel-20260615-173921\batch_0\task_0\Test" --output_dir "C:\Users\RLJ\Desktop\study\restler_bin\parallel_runs\parallel-20260615-173921\batch_0\task_0\Test\ResponseBuckets" --dictionary_file "C:\Users\RLJ\Desktop\study\restler_bin\parallel_runs\parallel-20260615-173921\batch_0\task_0\dict.json" --max_instances_per_bucket 10'
    DateTime=2026-06-15T09:39:27.4864183Z
Restler Information: 0 : (22064) dotnet "C:\Users\RLJ\Desktop\study\restler_bin\restler\../resultsAnalyzer/Restler.ResultsAnalyzer.dll" analyze "C:\Users\RLJ\Desktop\study\restler_bin\parallel_runs\parallel-20260615-173921\batch_0\task_0\Test" --output_dir "C:\Users\RLJ\Desktop\study\restler_bin\parallel_runs\parallel-20260615-173921\batch_0\task_0\Test\ResponseBuckets" --dictionary_file "C:\Users\RLJ\Desktop\study\restler_bin\parallel_runs\parallel-20260615-173921\batch_0\task_0\dict.json" --max_instances_per_bucket 10 exited with code: 1
    DateTime=2026-06-15T09:39:27.4864787Z
Restler Error: 0 : Results analyzer for logs in C:\Users\RLJ\Desktop\study\restler_bin\parallel_runs\parallel-20260615-173921\batch_0\task_0\Test failed.
    DateTime=2026-06-15T09:39:27.4908745Z
Restler Information: 0 : Request coverage (successful / total): 1 / 5
    DateTime=2026-06-15T09:39:27.5800887Z
Restler Information: 0 : Attempted requests: 5 / 5
    DateTime=2026-06-15T09:39:27.5801470Z
Restler Information: 0 : No bugs were found.
    DateTime=2026-06-15T09:39:27.5816704Z
Restler Information: 0 : See 'coverage_failures_to_investigate.txt' to investigate API coverage.
    DateTime=2026-06-15T09:39:27.6494172Z
Restler Information: 0 : Task Test succeeded.
    DateTime=2026-06-15T09:39:27.6518540Z
Restler Information: 0 : Collecting logs...
    DateTime=2026-06-15T09:39:28.1259910Z
