Restler Information: 0 : Starting task Test...
    DateTime=2026-06-15T10:05:07.4384258Z
Restler Information: 0 : Launching 'python.exe --version'
    DateTime=2026-06-15T10:05:08.8201591Z
Restler Information: 0 : Process execution terminated in 00:00:00.0412769 with exit code 0x0: 'python.exe --version'
    DateTime=2026-06-15T10:05:09.0768577Z
Restler Information: 0 : (19000) python.exe --version exited with code: 0
    DateTime=2026-06-15T10:05:09.0854672Z
Restler Information: 0 : Launching 'python.exe -B "C:\Users\RLJ\Desktop\study\restler_bin\restler\../engine/restler.py" --restler_grammar "C:\Users\RLJ\Desktop\study\restler_bin\parallel_runs\parallel-20260615-180507\batch_0\task_0\grammar.py" --custom_mutations "C:\Users\RLJ\Desktop\study\restler_bin\parallel_runs\parallel-20260615-180507\batch_0\task_0\dict.json" --set_version 9.3.1    --no_ssl   --settings "C:\Users\RLJ\Desktop\study\restler_bin\engine_settings.json"     --include_user_agent --no_tokens_in_logs t --garbage_collection_interval 30 --fuzzing_mode directed-smoke-test'
    DateTime=2026-06-15T10:05:09.1013442Z
Restler Information: 0 : Process execution terminated in 00:00:02.2859304 with exit code 0x0: 'python.exe -B "C:\Users\RLJ\Desktop\study\restler_bin\restler\../engine/restler.py" --restler_grammar "C:\Users\RLJ\Desktop\study\restler_bin\parallel_runs\parallel-20260615-180507\batch_0\task_0\grammar.py" --custom_mutations "C:\Users\RLJ\Desktop\study\restler_bin\parallel_runs\parallel-20260615-180507\batch_0\task_0\dict.json" --set_version 9.3.1    --no_ssl   --settings "C:\Users\RLJ\Desktop\study\restler_bin\engine_settings.json"     --include_user_agent --no_tokens_in_logs t --garbage_collection_interval 30 --fuzzing_mode directed-smoke-test'
    DateTime=2026-06-15T10:05:11.3874664Z
Restler Information: 0 : (5796) python.exe -B "C:\Users\RLJ\Desktop\study\restler_bin\restler\../engine/restler.py" --restler_grammar "C:\Users\RLJ\Desktop\study\restler_bin\parallel_runs\parallel-20260615-180507\batch_0\task_0\grammar.py" --custom_mutations "C:\Users\RLJ\Desktop\study\restler_bin\parallel_runs\parallel-20260615-180507\batch_0\task_0\dict.json" --set_version 9.3.1    --no_ssl   --settings "C:\Users\RLJ\Desktop\study\restler_bin\engine_settings.json"     --include_user_agent --no_tokens_in_logs t --garbage_collection_interval 30 --fuzzing_mode directed-smoke-test exited with code: 0
    DateTime=2026-06-15T10:05:11.3875953Z
Restler Information: 0 : Launching 'dotnet "C:\Users\RLJ\Desktop\study\restler_bin\restler\../resultsAnalyzer/Restler.ResultsAnalyzer.dll" analyze "C:\Users\RLJ\Desktop\study\restler_bin\parallel_runs\parallel-20260615-180507\batch_0\task_0\Test" --output_dir "C:\Users\RLJ\Desktop\study\restler_bin\parallel_runs\parallel-20260615-180507\batch_0\task_0\Test\ResponseBuckets" --dictionary_file "C:\Users\RLJ\Desktop\study\restler_bin\parallel_runs\parallel-20260615-180507\batch_0\task_0\dict.json" --max_instances_per_bucket 10'
    DateTime=2026-06-15T10:05:11.4014091Z
Restler Information: 0 : Process execution terminated in 00:00:00.2813440 with exit code 0x1: 'dotnet "C:\Users\RLJ\Desktop\study\restler_bin\restler\../resultsAnalyzer/Restler.ResultsAnalyzer.dll" analyze "C:\Users\RLJ\Desktop\study\restler_bin\parallel_runs\parallel-20260615-180507\batch_0\task_0\Test" --output_dir "C:\Users\RLJ\Desktop\study\restler_bin\parallel_runs\parallel-20260615-180507\batch_0\task_0\Test\ResponseBuckets" --dictionary_file "C:\Users\RLJ\Desktop\study\restler_bin\parallel_runs\parallel-20260615-180507\batch_0\task_0\dict.json" --max_instances_per_bucket 10'
    DateTime=2026-06-15T10:05:11.6829804Z
Restler Information: 0 : (7520) dotnet "C:\Users\RLJ\Desktop\study\restler_bin\restler\../resultsAnalyzer/Restler.ResultsAnalyzer.dll" analyze "C:\Users\RLJ\Desktop\study\restler_bin\parallel_runs\parallel-20260615-180507\batch_0\task_0\Test" --output_dir "C:\Users\RLJ\Desktop\study\restler_bin\parallel_runs\parallel-20260615-180507\batch_0\task_0\Test\ResponseBuckets" --dictionary_file "C:\Users\RLJ\Desktop\study\restler_bin\parallel_runs\parallel-20260615-180507\batch_0\task_0\dict.json" --max_instances_per_bucket 10 exited with code: 1
    DateTime=2026-06-15T10:05:11.6832286Z
Restler Error: 0 : Results analyzer for logs in C:\Users\RLJ\Desktop\study\restler_bin\parallel_runs\parallel-20260615-180507\batch_0\task_0\Test failed.
    DateTime=2026-06-15T10:05:11.6904819Z
Restler Information: 0 : Request coverage (successful / total): 4 / 5
    DateTime=2026-06-15T10:05:11.7956720Z
Restler Information: 0 : Attempted requests: 5 / 5
    DateTime=2026-06-15T10:05:11.7957922Z
Restler Information: 0 : No bugs were found.
    DateTime=2026-06-15T10:05:11.7986052Z
Restler Information: 0 : See 'coverage_failures_to_investigate.txt' to investigate API coverage.
    DateTime=2026-06-15T10:05:11.8823312Z
Restler Information: 0 : Task Test succeeded.
    DateTime=2026-06-15T10:05:11.8864716Z
Restler Information: 0 : Collecting logs...
    DateTime=2026-06-15T10:05:12.3841577Z
