Restler Information: 0 : Starting task Test...
    DateTime=2026-06-15T10:08:14.7931397Z
Restler Information: 0 : Launching 'python.exe --version'
    DateTime=2026-06-15T10:08:16.1629189Z
Restler Information: 0 : Process execution terminated in 00:00:00.0433585 with exit code 0x0: 'python.exe --version'
    DateTime=2026-06-15T10:08:16.4333234Z
Restler Information: 0 : (12832) python.exe --version exited with code: 0
    DateTime=2026-06-15T10:08:16.4382027Z
Restler Information: 0 : Launching 'python.exe -B "C:\Users\RLJ\Desktop\study\restler_bin\restler\../engine/restler.py" --restler_grammar "C:\Users\RLJ\Desktop\study\restler_bin\parallel_runs\parallel-20260615-180748\batch_6\task_5_delete\grammar.py" --custom_mutations "C:\Users\RLJ\Desktop\study\restler_bin\parallel_runs\parallel-20260615-180748\batch_6\task_5_delete\dict.json" --set_version 9.3.1    --no_ssl   --settings "C:\Users\RLJ\Desktop\study\restler_bin\engine_settings.json"     --include_user_agent --no_tokens_in_logs t --garbage_collection_interval 30 --fuzzing_mode directed-smoke-test'
    DateTime=2026-06-15T10:08:16.4491088Z
Restler Information: 0 : Process execution terminated in 00:00:00.7296712 with exit code 0x0: 'python.exe -B "C:\Users\RLJ\Desktop\study\restler_bin\restler\../engine/restler.py" --restler_grammar "C:\Users\RLJ\Desktop\study\restler_bin\parallel_runs\parallel-20260615-180748\batch_6\task_5_delete\grammar.py" --custom_mutations "C:\Users\RLJ\Desktop\study\restler_bin\parallel_runs\parallel-20260615-180748\batch_6\task_5_delete\dict.json" --set_version 9.3.1    --no_ssl   --settings "C:\Users\RLJ\Desktop\study\restler_bin\engine_settings.json"     --include_user_agent --no_tokens_in_logs t --garbage_collection_interval 30 --fuzzing_mode directed-smoke-test'
    DateTime=2026-06-15T10:08:17.1789421Z
Restler Information: 0 : (24592) python.exe -B "C:\Users\RLJ\Desktop\study\restler_bin\restler\../engine/restler.py" --restler_grammar "C:\Users\RLJ\Desktop\study\restler_bin\parallel_runs\parallel-20260615-180748\batch_6\task_5_delete\grammar.py" --custom_mutations "C:\Users\RLJ\Desktop\study\restler_bin\parallel_runs\parallel-20260615-180748\batch_6\task_5_delete\dict.json" --set_version 9.3.1    --no_ssl   --settings "C:\Users\RLJ\Desktop\study\restler_bin\engine_settings.json"     --include_user_agent --no_tokens_in_logs t --garbage_collection_interval 30 --fuzzing_mode directed-smoke-test exited with code: 0
    DateTime=2026-06-15T10:08:17.1790282Z
Restler Information: 0 : Launching 'dotnet "C:\Users\RLJ\Desktop\study\restler_bin\restler\../resultsAnalyzer/Restler.ResultsAnalyzer.dll" analyze "C:\Users\RLJ\Desktop\study\restler_bin\parallel_runs\parallel-20260615-180748\batch_6\task_5_delete\Test" --output_dir "C:\Users\RLJ\Desktop\study\restler_bin\parallel_runs\parallel-20260615-180748\batch_6\task_5_delete\Test\ResponseBuckets" --dictionary_file "C:\Users\RLJ\Desktop\study\restler_bin\parallel_runs\parallel-20260615-180748\batch_6\task_5_delete\dict.json" --max_instances_per_bucket 10'
    DateTime=2026-06-15T10:08:17.1940688Z
Restler Information: 0 : Process execution terminated in 00:00:00.2250314 with exit code 0x1: 'dotnet "C:\Users\RLJ\Desktop\study\restler_bin\restler\../resultsAnalyzer/Restler.ResultsAnalyzer.dll" analyze "C:\Users\RLJ\Desktop\study\restler_bin\parallel_runs\parallel-20260615-180748\batch_6\task_5_delete\Test" --output_dir "C:\Users\RLJ\Desktop\study\restler_bin\parallel_runs\parallel-20260615-180748\batch_6\task_5_delete\Test\ResponseBuckets" --dictionary_file "C:\Users\RLJ\Desktop\study\restler_bin\parallel_runs\parallel-20260615-180748\batch_6\task_5_delete\dict.json" --max_instances_per_bucket 10'
    DateTime=2026-06-15T10:08:17.4192145Z
Restler Information: 0 : (24348) dotnet "C:\Users\RLJ\Desktop\study\restler_bin\restler\../resultsAnalyzer/Restler.ResultsAnalyzer.dll" analyze "C:\Users\RLJ\Desktop\study\restler_bin\parallel_runs\parallel-20260615-180748\batch_6\task_5_delete\Test" --output_dir "C:\Users\RLJ\Desktop\study\restler_bin\parallel_runs\parallel-20260615-180748\batch_6\task_5_delete\Test\ResponseBuckets" --dictionary_file "C:\Users\RLJ\Desktop\study\restler_bin\parallel_runs\parallel-20260615-180748\batch_6\task_5_delete\dict.json" --max_instances_per_bucket 10 exited with code: 1
    DateTime=2026-06-15T10:08:17.4193307Z
Restler Error: 0 : Results analyzer for logs in C:\Users\RLJ\Desktop\study\restler_bin\parallel_runs\parallel-20260615-180748\batch_6\task_5_delete\Test failed.
    DateTime=2026-06-15T10:08:17.4242325Z
Restler Information: 0 : Request coverage (successful / total): 1 / 1
    DateTime=2026-06-15T10:08:17.5029551Z
Restler Information: 0 : Attempted requests: 1 / 1
    DateTime=2026-06-15T10:08:17.5030287Z
Restler Information: 0 : No bugs were found.
    DateTime=2026-06-15T10:08:17.5049737Z
Restler Information: 0 : Task Test succeeded.
    DateTime=2026-06-15T10:08:17.5174809Z
Restler Information: 0 : Collecting logs...
    DateTime=2026-06-15T10:08:17.9974229Z
