Restler Information: 0 : Starting task Test...
    DateTime=2026-06-15T10:12:37.9166402Z
Restler Information: 0 : Launching 'python.exe --version'
    DateTime=2026-06-15T10:12:39.3241036Z
Restler Information: 0 : Process execution terminated in 00:00:00.0401621 with exit code 0x0: 'python.exe --version'
    DateTime=2026-06-15T10:12:39.5522590Z
Restler Information: 0 : (12832) python.exe --version exited with code: 0
    DateTime=2026-06-15T10:12:39.5579191Z
Restler Information: 0 : Launching 'python.exe -B "C:\Users\RLJ\Desktop\study\restler_bin\restler\../engine/restler.py" --restler_grammar "C:\Users\RLJ\Desktop\study\restler_bin\parallel_runs\parallel-20260615-181237\batch_0\task_0_non_delete\grammar.py" --custom_mutations "C:\Users\RLJ\Desktop\study\restler_bin\parallel_runs\parallel-20260615-181237\batch_0\task_0_non_delete\dict.json" --set_version 9.3.1    --no_ssl   --settings "C:\Users\RLJ\Desktop\study\restler_bin\engine_settings.json"     --include_user_agent --no_tokens_in_logs t --garbage_collection_interval 30 --fuzzing_mode directed-smoke-test'
    DateTime=2026-06-15T10:12:39.5697917Z
Restler Information: 0 : Process execution terminated in 00:00:00.8880108 with exit code 0x0: 'python.exe -B "C:\Users\RLJ\Desktop\study\restler_bin\restler\../engine/restler.py" --restler_grammar "C:\Users\RLJ\Desktop\study\restler_bin\parallel_runs\parallel-20260615-181237\batch_0\task_0_non_delete\grammar.py" --custom_mutations "C:\Users\RLJ\Desktop\study\restler_bin\parallel_runs\parallel-20260615-181237\batch_0\task_0_non_delete\dict.json" --set_version 9.3.1    --no_ssl   --settings "C:\Users\RLJ\Desktop\study\restler_bin\engine_settings.json"     --include_user_agent --no_tokens_in_logs t --garbage_collection_interval 30 --fuzzing_mode directed-smoke-test'
    DateTime=2026-06-15T10:12:40.4581233Z
Restler Information: 0 : (20316) python.exe -B "C:\Users\RLJ\Desktop\study\restler_bin\restler\../engine/restler.py" --restler_grammar "C:\Users\RLJ\Desktop\study\restler_bin\parallel_runs\parallel-20260615-181237\batch_0\task_0_non_delete\grammar.py" --custom_mutations "C:\Users\RLJ\Desktop\study\restler_bin\parallel_runs\parallel-20260615-181237\batch_0\task_0_non_delete\dict.json" --set_version 9.3.1    --no_ssl   --settings "C:\Users\RLJ\Desktop\study\restler_bin\engine_settings.json"     --include_user_agent --no_tokens_in_logs t --garbage_collection_interval 30 --fuzzing_mode directed-smoke-test exited with code: 0
    DateTime=2026-06-15T10:12:40.4583494Z
Restler Information: 0 : Launching 'dotnet "C:\Users\RLJ\Desktop\study\restler_bin\restler\../resultsAnalyzer/Restler.ResultsAnalyzer.dll" analyze "C:\Users\RLJ\Desktop\study\restler_bin\parallel_runs\parallel-20260615-181237\batch_0\task_0_non_delete\Test" --output_dir "C:\Users\RLJ\Desktop\study\restler_bin\parallel_runs\parallel-20260615-181237\batch_0\task_0_non_delete\Test\ResponseBuckets" --dictionary_file "C:\Users\RLJ\Desktop\study\restler_bin\parallel_runs\parallel-20260615-181237\batch_0\task_0_non_delete\dict.json" --max_instances_per_bucket 10'
    DateTime=2026-06-15T10:12:40.4685528Z
Restler Information: 0 : Process execution terminated in 00:00:00.2429101 with exit code 0x1: 'dotnet "C:\Users\RLJ\Desktop\study\restler_bin\restler\../resultsAnalyzer/Restler.ResultsAnalyzer.dll" analyze "C:\Users\RLJ\Desktop\study\restler_bin\parallel_runs\parallel-20260615-181237\batch_0\task_0_non_delete\Test" --output_dir "C:\Users\RLJ\Desktop\study\restler_bin\parallel_runs\parallel-20260615-181237\batch_0\task_0_non_delete\Test\ResponseBuckets" --dictionary_file "C:\Users\RLJ\Desktop\study\restler_bin\parallel_runs\parallel-20260615-181237\batch_0\task_0_non_delete\dict.json" --max_instances_per_bucket 10'
    DateTime=2026-06-15T10:12:40.7115598Z
Restler Information: 0 : (14496) dotnet "C:\Users\RLJ\Desktop\study\restler_bin\restler\../resultsAnalyzer/Restler.ResultsAnalyzer.dll" analyze "C:\Users\RLJ\Desktop\study\restler_bin\parallel_runs\parallel-20260615-181237\batch_0\task_0_non_delete\Test" --output_dir "C:\Users\RLJ\Desktop\study\restler_bin\parallel_runs\parallel-20260615-181237\batch_0\task_0_non_delete\Test\ResponseBuckets" --dictionary_file "C:\Users\RLJ\Desktop\study\restler_bin\parallel_runs\parallel-20260615-181237\batch_0\task_0_non_delete\dict.json" --max_instances_per_bucket 10 exited with code: 1
    DateTime=2026-06-15T10:12:40.7116598Z
Restler Error: 0 : Results analyzer for logs in C:\Users\RLJ\Desktop\study\restler_bin\parallel_runs\parallel-20260615-181237\batch_0\task_0_non_delete\Test failed.
    DateTime=2026-06-15T10:12:40.7168798Z
Restler Information: 0 : Request coverage (successful / total): 4 / 4
    DateTime=2026-06-15T10:12:40.8013043Z
Restler Information: 0 : Attempted requests: 4 / 4
    DateTime=2026-06-15T10:12:40.8013628Z
Restler Information: 0 : No bugs were found.
    DateTime=2026-06-15T10:12:40.8026714Z
Restler Information: 0 : Task Test succeeded.
    DateTime=2026-06-15T10:12:40.8120051Z
Restler Information: 0 : Collecting logs...
    DateTime=2026-06-15T10:12:41.2716094Z
