Restler Information: 0 : Starting task Test...
    DateTime=2026-06-15T10:05:07.4443679Z
Restler Information: 0 : Launching 'python.exe --version'
    DateTime=2026-06-15T10:05:08.9536143Z
Restler Information: 0 : Process execution terminated in 00:00:00.0583804 with exit code 0x0: 'python.exe --version'
    DateTime=2026-06-15T10:05:09.2494228Z
Restler Information: 0 : (8252) python.exe --version exited with code: 0
    DateTime=2026-06-15T10:05:09.2581217Z
Restler Information: 0 : Launching 'python.exe -B "C:\Users\RLJ\Desktop\study\restler_bin\restler\../engine/restler.py" --restler_grammar "C:\Users\RLJ\Desktop\study\restler_bin\parallel_runs\parallel-20260615-180507\batch_0\task_1\grammar.py" --custom_mutations "C:\Users\RLJ\Desktop\study\restler_bin\parallel_runs\parallel-20260615-180507\batch_0\task_1\dict.json" --set_version 9.3.1    --no_ssl   --settings "C:\Users\RLJ\Desktop\study\restler_bin\engine_settings.json"     --include_user_agent --no_tokens_in_logs t --garbage_collection_interval 30 --fuzzing_mode directed-smoke-test'
    DateTime=2026-06-15T10:05:09.2774619Z
Restler Information: 0 : Process execution terminated in 00:00:02.3482287 with exit code 0x0: 'python.exe -B "C:\Users\RLJ\Desktop\study\restler_bin\restler\../engine/restler.py" --restler_grammar "C:\Users\RLJ\Desktop\study\restler_bin\parallel_runs\parallel-20260615-180507\batch_0\task_1\grammar.py" --custom_mutations "C:\Users\RLJ\Desktop\study\restler_bin\parallel_runs\parallel-20260615-180507\batch_0\task_1\dict.json" --set_version 9.3.1    --no_ssl   --settings "C:\Users\RLJ\Desktop\study\restler_bin\engine_settings.json"     --include_user_agent --no_tokens_in_logs t --garbage_collection_interval 30 --fuzzing_mode directed-smoke-test'
    DateTime=2026-06-15T10:05:11.6258691Z
Restler Information: 0 : (24148) python.exe -B "C:\Users\RLJ\Desktop\study\restler_bin\restler\../engine/restler.py" --restler_grammar "C:\Users\RLJ\Desktop\study\restler_bin\parallel_runs\parallel-20260615-180507\batch_0\task_1\grammar.py" --custom_mutations "C:\Users\RLJ\Desktop\study\restler_bin\parallel_runs\parallel-20260615-180507\batch_0\task_1\dict.json" --set_version 9.3.1    --no_ssl   --settings "C:\Users\RLJ\Desktop\study\restler_bin\engine_settings.json"     --include_user_agent --no_tokens_in_logs t --garbage_collection_interval 30 --fuzzing_mode directed-smoke-test exited with code: 0
    DateTime=2026-06-15T10:05:11.6259956Z
Restler Information: 0 : Launching 'dotnet "C:\Users\RLJ\Desktop\study\restler_bin\restler\../resultsAnalyzer/Restler.ResultsAnalyzer.dll" analyze "C:\Users\RLJ\Desktop\study\restler_bin\parallel_runs\parallel-20260615-180507\batch_0\task_1\Test" --output_dir "C:\Users\RLJ\Desktop\study\restler_bin\parallel_runs\parallel-20260615-180507\batch_0\task_1\Test\ResponseBuckets" --dictionary_file "C:\Users\RLJ\Desktop\study\restler_bin\parallel_runs\parallel-20260615-180507\batch_0\task_1\dict.json" --max_instances_per_bucket 10'
    DateTime=2026-06-15T10:05:11.6385188Z
Restler Information: 0 : Process execution terminated in 00:00:00.2958734 with exit code 0x1: 'dotnet "C:\Users\RLJ\Desktop\study\restler_bin\restler\../resultsAnalyzer/Restler.ResultsAnalyzer.dll" analyze "C:\Users\RLJ\Desktop\study\restler_bin\parallel_runs\parallel-20260615-180507\batch_0\task_1\Test" --output_dir "C:\Users\RLJ\Desktop\study\restler_bin\parallel_runs\parallel-20260615-180507\batch_0\task_1\Test\ResponseBuckets" --dictionary_file "C:\Users\RLJ\Desktop\study\restler_bin\parallel_runs\parallel-20260615-180507\batch_0\task_1\dict.json" --max_instances_per_bucket 10'
    DateTime=2026-06-15T10:05:11.9345843Z
Restler Information: 0 : (23820) dotnet "C:\Users\RLJ\Desktop\study\restler_bin\restler\../resultsAnalyzer/Restler.ResultsAnalyzer.dll" analyze "C:\Users\RLJ\Desktop\study\restler_bin\parallel_runs\parallel-20260615-180507\batch_0\task_1\Test" --output_dir "C:\Users\RLJ\Desktop\study\restler_bin\parallel_runs\parallel-20260615-180507\batch_0\task_1\Test\ResponseBuckets" --dictionary_file "C:\Users\RLJ\Desktop\study\restler_bin\parallel_runs\parallel-20260615-180507\batch_0\task_1\dict.json" --max_instances_per_bucket 10 exited with code: 1
    DateTime=2026-06-15T10:05:11.9347112Z
Restler Error: 0 : Results analyzer for logs in C:\Users\RLJ\Desktop\study\restler_bin\parallel_runs\parallel-20260615-180507\batch_0\task_1\Test failed.
    DateTime=2026-06-15T10:05:11.9391755Z
Restler Information: 0 : Request coverage (successful / total): 4 / 5
    DateTime=2026-06-15T10:05:12.0298968Z
Restler Information: 0 : Attempted requests: 5 / 5
    DateTime=2026-06-15T10:05:12.0299750Z
Restler Information: 0 : No bugs were found.
    DateTime=2026-06-15T10:05:12.0318486Z
Restler Information: 0 : See 'coverage_failures_to_investigate.txt' to investigate API coverage.
    DateTime=2026-06-15T10:05:12.1048077Z
Restler Information: 0 : Task Test succeeded.
    DateTime=2026-06-15T10:05:12.1078687Z
Restler Information: 0 : Collecting logs...
    DateTime=2026-06-15T10:05:12.5477461Z
