Restler Information: 0 : Starting task Test...
    DateTime=2026-06-15T09:38:16.1237975Z
Restler Information: 0 : Launching 'python.exe --version'
    DateTime=2026-06-15T09:38:17.5385137Z
Restler Information: 0 : Process execution terminated in 00:00:00.0432784 with exit code 0x0: 'python.exe --version'
    DateTime=2026-06-15T09:38:17.7580900Z
Restler Information: 0 : (11236) python.exe --version exited with code: 0
    DateTime=2026-06-15T09:38:17.7627167Z
Restler Information: 0 : Launching 'python.exe -B "C:\Users\RLJ\Desktop\study\restler_bin\restler\../engine/restler.py" --restler_grammar "C:\Users\RLJ\Desktop\study\restler_bin\parallel_runs\parallel-20260615-173807\batch_1\task_3\grammar.py" --custom_mutations "C:\Users\RLJ\Desktop\study\restler_bin\parallel_runs\parallel-20260615-173807\batch_1\task_3\dict.json" --set_version 9.3.1    --no_ssl   --settings "C:\Users\RLJ\Desktop\study\restler_bin\engine_settings.json"     --include_user_agent --no_tokens_in_logs t --garbage_collection_interval 30 --fuzzing_mode directed-smoke-test'
    DateTime=2026-06-15T09:38:17.7734193Z
Restler Information: 0 : Process execution terminated in 00:00:05.4106204 with exit code 0x0: 'python.exe -B "C:\Users\RLJ\Desktop\study\restler_bin\restler\../engine/restler.py" --restler_grammar "C:\Users\RLJ\Desktop\study\restler_bin\parallel_runs\parallel-20260615-173807\batch_1\task_3\grammar.py" --custom_mutations "C:\Users\RLJ\Desktop\study\restler_bin\parallel_runs\parallel-20260615-173807\batch_1\task_3\dict.json" --set_version 9.3.1    --no_ssl   --settings "C:\Users\RLJ\Desktop\study\restler_bin\engine_settings.json"     --include_user_agent --no_tokens_in_logs t --garbage_collection_interval 30 --fuzzing_mode directed-smoke-test'
    DateTime=2026-06-15T09:38:23.1845518Z
Restler Information: 0 : (24424) python.exe -B "C:\Users\RLJ\Desktop\study\restler_bin\restler\../engine/restler.py" --restler_grammar "C:\Users\RLJ\Desktop\study\restler_bin\parallel_runs\parallel-20260615-173807\batch_1\task_3\grammar.py" --custom_mutations "C:\Users\RLJ\Desktop\study\restler_bin\parallel_runs\parallel-20260615-173807\batch_1\task_3\dict.json" --set_version 9.3.1    --no_ssl   --settings "C:\Users\RLJ\Desktop\study\restler_bin\engine_settings.json"     --include_user_agent --no_tokens_in_logs t --garbage_collection_interval 30 --fuzzing_mode directed-smoke-test exited with code: 0
    DateTime=2026-06-15T09:38:23.1847456Z
Restler Information: 0 : Launching 'dotnet "C:\Users\RLJ\Desktop\study\restler_bin\restler\../resultsAnalyzer/Restler.ResultsAnalyzer.dll" analyze "C:\Users\RLJ\Desktop\study\restler_bin\parallel_runs\parallel-20260615-173807\batch_1\task_3\Test" --output_dir "C:\Users\RLJ\Desktop\study\restler_bin\parallel_runs\parallel-20260615-173807\batch_1\task_3\Test\ResponseBuckets" --dictionary_file "C:\Users\RLJ\Desktop\study\restler_bin\parallel_runs\parallel-20260615-173807\batch_1\task_3\dict.json" --max_instances_per_bucket 10'
    DateTime=2026-06-15T09:38:23.2008277Z
Restler Information: 0 : Process execution terminated in 00:00:00.2370107 with exit code 0x1: 'dotnet "C:\Users\RLJ\Desktop\study\restler_bin\restler\../resultsAnalyzer/Restler.ResultsAnalyzer.dll" analyze "C:\Users\RLJ\Desktop\study\restler_bin\parallel_runs\parallel-20260615-173807\batch_1\task_3\Test" --output_dir "C:\Users\RLJ\Desktop\study\restler_bin\parallel_runs\parallel-20260615-173807\batch_1\task_3\Test\ResponseBuckets" --dictionary_file "C:\Users\RLJ\Desktop\study\restler_bin\parallel_runs\parallel-20260615-173807\batch_1\task_3\dict.json" --max_instances_per_bucket 10'
    DateTime=2026-06-15T09:38:23.4379466Z
Restler Information: 0 : (18316) dotnet "C:\Users\RLJ\Desktop\study\restler_bin\restler\../resultsAnalyzer/Restler.ResultsAnalyzer.dll" analyze "C:\Users\RLJ\Desktop\study\restler_bin\parallel_runs\parallel-20260615-173807\batch_1\task_3\Test" --output_dir "C:\Users\RLJ\Desktop\study\restler_bin\parallel_runs\parallel-20260615-173807\batch_1\task_3\Test\ResponseBuckets" --dictionary_file "C:\Users\RLJ\Desktop\study\restler_bin\parallel_runs\parallel-20260615-173807\batch_1\task_3\dict.json" --max_instances_per_bucket 10 exited with code: 1
    DateTime=2026-06-15T09:38:23.4380910Z
Restler Error: 0 : Results analyzer for logs in C:\Users\RLJ\Desktop\study\restler_bin\parallel_runs\parallel-20260615-173807\batch_1\task_3\Test failed.
    DateTime=2026-06-15T09:38:23.4423332Z
Restler Information: 0 : Request coverage (successful / total): 0 / 5
    DateTime=2026-06-15T09:38:23.5222451Z
Restler Information: 0 : Attempted requests: 5 / 5
    DateTime=2026-06-15T09:38:23.5223016Z
Restler Information: 0 : No bugs were found.
    DateTime=2026-06-15T09:38:23.5242452Z
Restler Information: 0 : See 'coverage_failures_to_investigate.txt' to investigate API coverage.
    DateTime=2026-06-15T09:38:23.6047810Z
Restler Information: 0 : Task Test succeeded.
    DateTime=2026-06-15T09:38:23.6073974Z
Restler Information: 0 : Collecting logs...
    DateTime=2026-06-15T09:38:24.0314523Z
