Restler Information: 0 : Starting task Test...
    DateTime=2026-06-15T09:39:39.2925038Z
Restler Information: 0 : Launching 'python.exe --version'
    DateTime=2026-06-15T09:39:40.6676802Z
Restler Information: 0 : Process execution terminated in 00:00:00.0655818 with exit code 0x0: 'python.exe --version'
    DateTime=2026-06-15T09:39:40.9734752Z
Restler Information: 0 : (25112) python.exe --version exited with code: 0
    DateTime=2026-06-15T09:39:40.9820678Z
Restler Information: 0 : Launching 'python.exe -B "C:\Users\RLJ\Desktop\study\restler_bin\restler\../engine/restler.py" --restler_grammar "C:\Users\RLJ\Desktop\study\restler_bin\parallel_runs\parallel-20260615-173921\batch_3\task_7\grammar.py" --custom_mutations "C:\Users\RLJ\Desktop\study\restler_bin\parallel_runs\parallel-20260615-173921\batch_3\task_7\dict.json" --set_version 9.3.1    --no_ssl   --settings "C:\Users\RLJ\Desktop\study\restler_bin\engine_settings.json"     --include_user_agent --no_tokens_in_logs t --garbage_collection_interval 30 --fuzzing_mode directed-smoke-test'
    DateTime=2026-06-15T09:39:41.0016607Z
Restler Information: 0 : Process execution terminated in 00:00:00.9349160 with exit code 0x0: 'python.exe -B "C:\Users\RLJ\Desktop\study\restler_bin\restler\../engine/restler.py" --restler_grammar "C:\Users\RLJ\Desktop\study\restler_bin\parallel_runs\parallel-20260615-173921\batch_3\task_7\grammar.py" --custom_mutations "C:\Users\RLJ\Desktop\study\restler_bin\parallel_runs\parallel-20260615-173921\batch_3\task_7\dict.json" --set_version 9.3.1    --no_ssl   --settings "C:\Users\RLJ\Desktop\study\restler_bin\engine_settings.json"     --include_user_agent --no_tokens_in_logs t --garbage_collection_interval 30 --fuzzing_mode directed-smoke-test'
    DateTime=2026-06-15T09:39:41.9367511Z
Restler Information: 0 : (24952) python.exe -B "C:\Users\RLJ\Desktop\study\restler_bin\restler\../engine/restler.py" --restler_grammar "C:\Users\RLJ\Desktop\study\restler_bin\parallel_runs\parallel-20260615-173921\batch_3\task_7\grammar.py" --custom_mutations "C:\Users\RLJ\Desktop\study\restler_bin\parallel_runs\parallel-20260615-173921\batch_3\task_7\dict.json" --set_version 9.3.1    --no_ssl   --settings "C:\Users\RLJ\Desktop\study\restler_bin\engine_settings.json"     --include_user_agent --no_tokens_in_logs t --garbage_collection_interval 30 --fuzzing_mode directed-smoke-test exited with code: 0
    DateTime=2026-06-15T09:39:41.9368481Z
Restler Information: 0 : Launching 'dotnet "C:\Users\RLJ\Desktop\study\restler_bin\restler\../resultsAnalyzer/Restler.ResultsAnalyzer.dll" analyze "C:\Users\RLJ\Desktop\study\restler_bin\parallel_runs\parallel-20260615-173921\batch_3\task_7\Test" --output_dir "C:\Users\RLJ\Desktop\study\restler_bin\parallel_runs\parallel-20260615-173921\batch_3\task_7\Test\ResponseBuckets" --dictionary_file "C:\Users\RLJ\Desktop\study\restler_bin\parallel_runs\parallel-20260615-173921\batch_3\task_7\dict.json" --max_instances_per_bucket 10'
    DateTime=2026-06-15T09:39:41.9556782Z
Restler Information: 0 : Process execution terminated in 00:00:00.3237419 with exit code 0x1: 'dotnet "C:\Users\RLJ\Desktop\study\restler_bin\restler\../resultsAnalyzer/Restler.ResultsAnalyzer.dll" analyze "C:\Users\RLJ\Desktop\study\restler_bin\parallel_runs\parallel-20260615-173921\batch_3\task_7\Test" --output_dir "C:\Users\RLJ\Desktop\study\restler_bin\parallel_runs\parallel-20260615-173921\batch_3\task_7\Test\ResponseBuckets" --dictionary_file "C:\Users\RLJ\Desktop\study\restler_bin\parallel_runs\parallel-20260615-173921\batch_3\task_7\dict.json" --max_instances_per_bucket 10'
    DateTime=2026-06-15T09:39:42.2797030Z
Restler Information: 0 : (23548) dotnet "C:\Users\RLJ\Desktop\study\restler_bin\restler\../resultsAnalyzer/Restler.ResultsAnalyzer.dll" analyze "C:\Users\RLJ\Desktop\study\restler_bin\parallel_runs\parallel-20260615-173921\batch_3\task_7\Test" --output_dir "C:\Users\RLJ\Desktop\study\restler_bin\parallel_runs\parallel-20260615-173921\batch_3\task_7\Test\ResponseBuckets" --dictionary_file "C:\Users\RLJ\Desktop\study\restler_bin\parallel_runs\parallel-20260615-173921\batch_3\task_7\dict.json" --max_instances_per_bucket 10 exited with code: 1
    DateTime=2026-06-15T09:39:42.2797724Z
Restler Error: 0 : Results analyzer for logs in C:\Users\RLJ\Desktop\study\restler_bin\parallel_runs\parallel-20260615-173921\batch_3\task_7\Test failed.
    DateTime=2026-06-15T09:39:42.2844524Z
Restler Information: 0 : Request coverage (successful / total): 1 / 1
    DateTime=2026-06-15T09:39:42.3837678Z
Restler Information: 0 : Attempted requests: 1 / 1
    DateTime=2026-06-15T09:39:42.3838262Z
Restler Information: 0 : No bugs were found.
    DateTime=2026-06-15T09:39:42.3854668Z
Restler Information: 0 : Task Test succeeded.
    DateTime=2026-06-15T09:39:42.3985083Z
Restler Information: 0 : Collecting logs...
    DateTime=2026-06-15T09:39:42.8277002Z
