Restler Information: 0 : Starting task FuzzLean...
    DateTime=2026-06-15T07:58:20.6079866Z
Restler Information: 0 : Launching 'python.exe --version'
    DateTime=2026-06-15T07:58:23.4785456Z
Restler Information: 0 : Process execution terminated in 00:00:00.0403211 with exit code 0x0: 'python.exe --version'
    DateTime=2026-06-15T07:58:23.5281175Z
Restler Information: 0 : (3320) python.exe --version exited with code: 0
    DateTime=2026-06-15T07:58:23.5336893Z
Restler Information: 0 : Launching 'python.exe -B "C:\Users\RLJ\Desktop\study\restler_bin\restler\../engine/restler.py" --restler_grammar "C:\Users\RLJ\Desktop\study\restler_bin\parallel_runs\parallel-20260615-155820\batch_0\task_1\grammar.py" --custom_mutations "C:\Users\RLJ\Desktop\study\restler_bin\parallel_runs\parallel-20260615-155820\batch_0\task_1\dict.json" --set_version 9.3.1    --no_ssl   --settings "C:\Users\RLJ\Desktop\study\restler_bin\engine_settings.json" --enable_checkers * --disable_checkers namespacerule --time_budget 0.005000   --include_user_agent --no_tokens_in_logs t --garbage_collection_interval 30 --fuzzing_mode directed-smoke-test'
    DateTime=2026-06-15T07:58:23.5460255Z
Restler Information: 0 : Process execution terminated in 00:00:18.6980493 with exit code 0x0: 'python.exe -B "C:\Users\RLJ\Desktop\study\restler_bin\restler\../engine/restler.py" --restler_grammar "C:\Users\RLJ\Desktop\study\restler_bin\parallel_runs\parallel-20260615-155820\batch_0\task_1\grammar.py" --custom_mutations "C:\Users\RLJ\Desktop\study\restler_bin\parallel_runs\parallel-20260615-155820\batch_0\task_1\dict.json" --set_version 9.3.1    --no_ssl   --settings "C:\Users\RLJ\Desktop\study\restler_bin\engine_settings.json" --enable_checkers * --disable_checkers namespacerule --time_budget 0.005000   --include_user_agent --no_tokens_in_logs t --garbage_collection_interval 30 --fuzzing_mode directed-smoke-test'
    DateTime=2026-06-15T07:58:42.2442974Z
Restler Information: 0 : (4908) python.exe -B "C:\Users\RLJ\Desktop\study\restler_bin\restler\../engine/restler.py" --restler_grammar "C:\Users\RLJ\Desktop\study\restler_bin\parallel_runs\parallel-20260615-155820\batch_0\task_1\grammar.py" --custom_mutations "C:\Users\RLJ\Desktop\study\restler_bin\parallel_runs\parallel-20260615-155820\batch_0\task_1\dict.json" --set_version 9.3.1    --no_ssl   --settings "C:\Users\RLJ\Desktop\study\restler_bin\engine_settings.json" --enable_checkers * --disable_checkers namespacerule --time_budget 0.005000   --include_user_agent --no_tokens_in_logs t --garbage_collection_interval 30 --fuzzing_mode directed-smoke-test exited with code: 0
    DateTime=2026-06-15T07:58:42.2443928Z
Restler Information: 0 : Launching 'dotnet "C:\Users\RLJ\Desktop\study\restler_bin\restler\../resultsAnalyzer/Restler.ResultsAnalyzer.dll" analyze "C:\Users\RLJ\Desktop\study\restler_bin\parallel_runs\parallel-20260615-155820\batch_0\task_1\FuzzLean" --output_dir "C:\Users\RLJ\Desktop\study\restler_bin\parallel_runs\parallel-20260615-155820\batch_0\task_1\FuzzLean\ResponseBuckets" --dictionary_file "C:\Users\RLJ\Desktop\study\restler_bin\parallel_runs\parallel-20260615-155820\batch_0\task_1\dict.json" --max_instances_per_bucket 10'
    DateTime=2026-06-15T07:58:42.2555558Z
Restler Information: 0 : Process execution terminated in 00:00:00.2298758 with exit code 0x1: 'dotnet "C:\Users\RLJ\Desktop\study\restler_bin\restler\../resultsAnalyzer/Restler.ResultsAnalyzer.dll" analyze "C:\Users\RLJ\Desktop\study\restler_bin\parallel_runs\parallel-20260615-155820\batch_0\task_1\FuzzLean" --output_dir "C:\Users\RLJ\Desktop\study\restler_bin\parallel_runs\parallel-20260615-155820\batch_0\task_1\FuzzLean\ResponseBuckets" --dictionary_file "C:\Users\RLJ\Desktop\study\restler_bin\parallel_runs\parallel-20260615-155820\batch_0\task_1\dict.json" --max_instances_per_bucket 10'
    DateTime=2026-06-15T07:58:42.4856169Z
Restler Information: 0 : (20704) dotnet "C:\Users\RLJ\Desktop\study\restler_bin\restler\../resultsAnalyzer/Restler.ResultsAnalyzer.dll" analyze "C:\Users\RLJ\Desktop\study\restler_bin\parallel_runs\parallel-20260615-155820\batch_0\task_1\FuzzLean" --output_dir "C:\Users\RLJ\Desktop\study\restler_bin\parallel_runs\parallel-20260615-155820\batch_0\task_1\FuzzLean\ResponseBuckets" --dictionary_file "C:\Users\RLJ\Desktop\study\restler_bin\parallel_runs\parallel-20260615-155820\batch_0\task_1\dict.json" --max_instances_per_bucket 10 exited with code: 1
    DateTime=2026-06-15T07:58:42.4857880Z
Restler Error: 0 : Results analyzer for logs in C:\Users\RLJ\Desktop\study\restler_bin\parallel_runs\parallel-20260615-155820\batch_0\task_1\FuzzLean failed.
    DateTime=2026-06-15T07:58:42.4902929Z
Restler Information: 0 : Request coverage (successful / total): 0 / 5
    DateTime=2026-06-15T07:58:42.5633501Z
Restler Information: 0 : Attempted requests: 2 / 5
    DateTime=2026-06-15T07:58:42.5634277Z
Restler Information: 0 : No bugs were found.
    DateTime=2026-06-15T07:58:42.5652726Z
Restler Information: 0 : See 'coverage_failures_to_investigate.txt' to investigate API coverage.
    DateTime=2026-06-15T07:58:42.6180207Z
Restler Information: 0 : Task FuzzLean succeeded.
    DateTime=2026-06-15T07:58:42.6205329Z
Restler Information: 0 : Collecting logs...
    DateTime=2026-06-15T07:58:43.0256519Z
