Restler Information: 0 : Starting task Test...
    DateTime=2026-06-15T10:10:02.8837828Z
Restler Information: 0 : Launching 'python.exe --version'
    DateTime=2026-06-15T10:10:04.1876588Z
Restler Information: 0 : Process execution terminated in 00:00:00.0447679 with exit code 0x0: 'python.exe --version'
    DateTime=2026-06-15T10:10:04.4117531Z
Restler Information: 0 : (24844) python.exe --version exited with code: 0
    DateTime=2026-06-15T10:10:04.4170690Z
Restler Information: 0 : Launching 'python.exe -B "C:\Users\RLJ\Desktop\study\restler_bin\restler\../engine/restler.py" --restler_grammar "C:\Users\RLJ\Desktop\study\restler_bin\parallel_runs\parallel-20260615-180950\batch_3\task_6_non_delete\grammar.py" --custom_mutations "C:\Users\RLJ\Desktop\study\restler_bin\parallel_runs\parallel-20260615-180950\batch_3\task_6_non_delete\dict.json" --set_version 9.3.1    --no_ssl   --settings "C:\Users\RLJ\Desktop\study\restler_bin\engine_settings.json"     --include_user_agent --no_tokens_in_logs t --garbage_collection_interval 30 --fuzzing_mode directed-smoke-test'
    DateTime=2026-06-15T10:10:04.4280694Z
Restler Information: 0 : Process execution terminated in 00:00:02.1405947 with exit code 0x0: 'python.exe -B "C:\Users\RLJ\Desktop\study\restler_bin\restler\../engine/restler.py" --restler_grammar "C:\Users\RLJ\Desktop\study\restler_bin\parallel_runs\parallel-20260615-180950\batch_3\task_6_non_delete\grammar.py" --custom_mutations "C:\Users\RLJ\Desktop\study\restler_bin\parallel_runs\parallel-20260615-180950\batch_3\task_6_non_delete\dict.json" --set_version 9.3.1    --no_ssl   --settings "C:\Users\RLJ\Desktop\study\restler_bin\engine_settings.json"     --include_user_agent --no_tokens_in_logs t --garbage_collection_interval 30 --fuzzing_mode directed-smoke-test'
    DateTime=2026-06-15T10:10:06.5688064Z
Restler Information: 0 : (15864) python.exe -B "C:\Users\RLJ\Desktop\study\restler_bin\restler\../engine/restler.py" --restler_grammar "C:\Users\RLJ\Desktop\study\restler_bin\parallel_runs\parallel-20260615-180950\batch_3\task_6_non_delete\grammar.py" --custom_mutations "C:\Users\RLJ\Desktop\study\restler_bin\parallel_runs\parallel-20260615-180950\batch_3\task_6_non_delete\dict.json" --set_version 9.3.1    --no_ssl   --settings "C:\Users\RLJ\Desktop\study\restler_bin\engine_settings.json"     --include_user_agent --no_tokens_in_logs t --garbage_collection_interval 30 --fuzzing_mode directed-smoke-test exited with code: 0
    DateTime=2026-06-15T10:10:06.5688919Z
Restler Information: 0 : Launching 'dotnet "C:\Users\RLJ\Desktop\study\restler_bin\restler\../resultsAnalyzer/Restler.ResultsAnalyzer.dll" analyze "C:\Users\RLJ\Desktop\study\restler_bin\parallel_runs\parallel-20260615-180950\batch_3\task_6_non_delete\Test" --output_dir "C:\Users\RLJ\Desktop\study\restler_bin\parallel_runs\parallel-20260615-180950\batch_3\task_6_non_delete\Test\ResponseBuckets" --dictionary_file "C:\Users\RLJ\Desktop\study\restler_bin\parallel_runs\parallel-20260615-180950\batch_3\task_6_non_delete\dict.json" --max_instances_per_bucket 10'
    DateTime=2026-06-15T10:10:06.5800743Z
Restler Information: 0 : Process execution terminated in 00:00:00.2595635 with exit code 0x1: 'dotnet "C:\Users\RLJ\Desktop\study\restler_bin\restler\../resultsAnalyzer/Restler.ResultsAnalyzer.dll" analyze "C:\Users\RLJ\Desktop\study\restler_bin\parallel_runs\parallel-20260615-180950\batch_3\task_6_non_delete\Test" --output_dir "C:\Users\RLJ\Desktop\study\restler_bin\parallel_runs\parallel-20260615-180950\batch_3\task_6_non_delete\Test\ResponseBuckets" --dictionary_file "C:\Users\RLJ\Desktop\study\restler_bin\parallel_runs\parallel-20260615-180950\batch_3\task_6_non_delete\dict.json" --max_instances_per_bucket 10'
    DateTime=2026-06-15T10:10:06.8397538Z
Restler Information: 0 : (14784) dotnet "C:\Users\RLJ\Desktop\study\restler_bin\restler\../resultsAnalyzer/Restler.ResultsAnalyzer.dll" analyze "C:\Users\RLJ\Desktop\study\restler_bin\parallel_runs\parallel-20260615-180950\batch_3\task_6_non_delete\Test" --output_dir "C:\Users\RLJ\Desktop\study\restler_bin\parallel_runs\parallel-20260615-180950\batch_3\task_6_non_delete\Test\ResponseBuckets" --dictionary_file "C:\Users\RLJ\Desktop\study\restler_bin\parallel_runs\parallel-20260615-180950\batch_3\task_6_non_delete\dict.json" --max_instances_per_bucket 10 exited with code: 1
    DateTime=2026-06-15T10:10:06.8398255Z
Restler Error: 0 : Results analyzer for logs in C:\Users\RLJ\Desktop\study\restler_bin\parallel_runs\parallel-20260615-180950\batch_3\task_6_non_delete\Test failed.
    DateTime=2026-06-15T10:10:06.8452938Z
Restler Information: 0 : Request coverage (successful / total): 3 / 4
    DateTime=2026-06-15T10:10:06.9495799Z
Restler Information: 0 : Attempted requests: 4 / 4
    DateTime=2026-06-15T10:10:06.9496538Z
Restler Information: 0 : Bugs were found!
    DateTime=2026-06-15T10:10:06.9542639Z
Restler Information: 0 : Bug buckets:
    DateTime=2026-06-15T10:10:06.9543198Z
Restler Information: 0 : 
main_driver_500: 1
    DateTime=2026-06-15T10:10:06.9551516Z
Restler Information: 0 : See 'coverage_failures_to_investigate.txt' to investigate API coverage.
    DateTime=2026-06-15T10:10:07.0257385Z
Restler Information: 0 : Task Test succeeded.
    DateTime=2026-06-15T10:10:07.0288625Z
Restler Information: 0 : Collecting logs...
    DateTime=2026-06-15T10:10:07.4710813Z
