Restler Information: 0 : Starting task Test...
    DateTime=2026-06-15T09:58:02.6558554Z
Restler Information: 0 : Launching 'python.exe --version'
    DateTime=2026-06-15T09:58:04.0585335Z
Restler Information: 0 : Process execution terminated in 00:00:00.0418966 with exit code 0x0: 'python.exe --version'
    DateTime=2026-06-15T09:58:04.2785309Z
Restler Information: 0 : (7096) python.exe --version exited with code: 0
    DateTime=2026-06-15T09:58:04.2847288Z
Restler Information: 0 : Launching 'python.exe -B "C:\Users\RLJ\Desktop\study\restler_bin\restler\../engine/restler.py" --restler_grammar "C:\Users\RLJ\Desktop\study\restler_bin\parallel_runs\parallel-20260615-175743\batch_3\task_7\grammar.py" --custom_mutations "C:\Users\RLJ\Desktop\study\restler_bin\parallel_runs\parallel-20260615-175743\batch_3\task_7\dict.json" --set_version 9.3.1    --no_ssl   --settings "C:\Users\RLJ\Desktop\study\restler_bin\engine_settings.json"     --include_user_agent --no_tokens_in_logs t --garbage_collection_interval 30 --fuzzing_mode directed-smoke-test'
    DateTime=2026-06-15T09:58:04.2992712Z
Restler Information: 0 : Process execution terminated in 00:00:00.7337763 with exit code 0x0: 'python.exe -B "C:\Users\RLJ\Desktop\study\restler_bin\restler\../engine/restler.py" --restler_grammar "C:\Users\RLJ\Desktop\study\restler_bin\parallel_runs\parallel-20260615-175743\batch_3\task_7\grammar.py" --custom_mutations "C:\Users\RLJ\Desktop\study\restler_bin\parallel_runs\parallel-20260615-175743\batch_3\task_7\dict.json" --set_version 9.3.1    --no_ssl   --settings "C:\Users\RLJ\Desktop\study\restler_bin\engine_settings.json"     --include_user_agent --no_tokens_in_logs t --garbage_collection_interval 30 --fuzzing_mode directed-smoke-test'
    DateTime=2026-06-15T09:58:05.0332116Z
Restler Information: 0 : (2304) python.exe -B "C:\Users\RLJ\Desktop\study\restler_bin\restler\../engine/restler.py" --restler_grammar "C:\Users\RLJ\Desktop\study\restler_bin\parallel_runs\parallel-20260615-175743\batch_3\task_7\grammar.py" --custom_mutations "C:\Users\RLJ\Desktop\study\restler_bin\parallel_runs\parallel-20260615-175743\batch_3\task_7\dict.json" --set_version 9.3.1    --no_ssl   --settings "C:\Users\RLJ\Desktop\study\restler_bin\engine_settings.json"     --include_user_agent --no_tokens_in_logs t --garbage_collection_interval 30 --fuzzing_mode directed-smoke-test exited with code: 0
    DateTime=2026-06-15T09:58:05.0333278Z
Restler Information: 0 : Launching 'dotnet "C:\Users\RLJ\Desktop\study\restler_bin\restler\../resultsAnalyzer/Restler.ResultsAnalyzer.dll" analyze "C:\Users\RLJ\Desktop\study\restler_bin\parallel_runs\parallel-20260615-175743\batch_3\task_7\Test" --output_dir "C:\Users\RLJ\Desktop\study\restler_bin\parallel_runs\parallel-20260615-175743\batch_3\task_7\Test\ResponseBuckets" --dictionary_file "C:\Users\RLJ\Desktop\study\restler_bin\parallel_runs\parallel-20260615-175743\batch_3\task_7\dict.json" --max_instances_per_bucket 10'
    DateTime=2026-06-15T09:58:05.0468753Z
Restler Information: 0 : Process execution terminated in 00:00:00.2753099 with exit code 0x1: 'dotnet "C:\Users\RLJ\Desktop\study\restler_bin\restler\../resultsAnalyzer/Restler.ResultsAnalyzer.dll" analyze "C:\Users\RLJ\Desktop\study\restler_bin\parallel_runs\parallel-20260615-175743\batch_3\task_7\Test" --output_dir "C:\Users\RLJ\Desktop\study\restler_bin\parallel_runs\parallel-20260615-175743\batch_3\task_7\Test\ResponseBuckets" --dictionary_file "C:\Users\RLJ\Desktop\study\restler_bin\parallel_runs\parallel-20260615-175743\batch_3\task_7\dict.json" --max_instances_per_bucket 10'
    DateTime=2026-06-15T09:58:05.3224617Z
Restler Information: 0 : (22064) dotnet "C:\Users\RLJ\Desktop\study\restler_bin\restler\../resultsAnalyzer/Restler.ResultsAnalyzer.dll" analyze "C:\Users\RLJ\Desktop\study\restler_bin\parallel_runs\parallel-20260615-175743\batch_3\task_7\Test" --output_dir "C:\Users\RLJ\Desktop\study\restler_bin\parallel_runs\parallel-20260615-175743\batch_3\task_7\Test\ResponseBuckets" --dictionary_file "C:\Users\RLJ\Desktop\study\restler_bin\parallel_runs\parallel-20260615-175743\batch_3\task_7\dict.json" --max_instances_per_bucket 10 exited with code: 1
    DateTime=2026-06-15T09:58:05.3225672Z
Restler Error: 0 : Results analyzer for logs in C:\Users\RLJ\Desktop\study\restler_bin\parallel_runs\parallel-20260615-175743\batch_3\task_7\Test failed.
    DateTime=2026-06-15T09:58:05.3289385Z
Restler Information: 0 : Request coverage (successful / total): 1 / 1
    DateTime=2026-06-15T09:58:05.4172563Z
Restler Information: 0 : Attempted requests: 1 / 1
    DateTime=2026-06-15T09:58:05.4173163Z
Restler Information: 0 : No bugs were found.
    DateTime=2026-06-15T09:58:05.4191215Z
Restler Information: 0 : Task Test succeeded.
    DateTime=2026-06-15T09:58:05.4305606Z
Restler Information: 0 : Collecting logs...
    DateTime=2026-06-15T09:58:05.9558801Z
