Restler Information: 0 : Starting task Test...
    DateTime=2026-06-15T09:16:43.8095190Z
Restler Information: 0 : Launching 'python.exe --version'
    DateTime=2026-06-15T09:16:45.2285794Z
Restler Information: 0 : Process execution terminated in 00:00:00.0365400 with exit code 0x0: 'python.exe --version'
    DateTime=2026-06-15T09:16:45.4597823Z
Restler Information: 0 : (16532) python.exe --version exited with code: 0
    DateTime=2026-06-15T09:16:45.4660367Z
Restler Information: 0 : Launching 'python.exe -B "C:\Users\RLJ\Desktop\study\restler_bin\restler\../engine/restler.py" --restler_grammar "C:\Users\RLJ\Desktop\study\restler_bin\combined_runs\semantic-parallel-20260615-171324\parallel_runs\parallel-20260615-171636\batch_1\task_2\grammar.py" --custom_mutations "C:\Users\RLJ\Desktop\study\restler_bin\combined_runs\semantic-parallel-20260615-171324\parallel_runs\parallel-20260615-171636\batch_1\task_2\dict.json" --set_version 9.3.1    --no_ssl   --settings "C:\Users\RLJ\Desktop\study\restler_bin\engine_settings.json"     --include_user_agent --no_tokens_in_logs t --garbage_collection_interval 30 --fuzzing_mode directed-smoke-test'
    DateTime=2026-06-15T09:16:45.4794922Z
Restler Information: 0 : Process execution terminated in 00:00:04.6536757 with exit code 0x0: 'python.exe -B "C:\Users\RLJ\Desktop\study\restler_bin\restler\../engine/restler.py" --restler_grammar "C:\Users\RLJ\Desktop\study\restler_bin\combined_runs\semantic-parallel-20260615-171324\parallel_runs\parallel-20260615-171636\batch_1\task_2\grammar.py" --custom_mutations "C:\Users\RLJ\Desktop\study\restler_bin\combined_runs\semantic-parallel-20260615-171324\parallel_runs\parallel-20260615-171636\batch_1\task_2\dict.json" --set_version 9.3.1    --no_ssl   --settings "C:\Users\RLJ\Desktop\study\restler_bin\engine_settings.json"     --include_user_agent --no_tokens_in_logs t --garbage_collection_interval 30 --fuzzing_mode directed-smoke-test'
    DateTime=2026-06-15T09:16:50.1333560Z
Restler Information: 0 : (8064) python.exe -B "C:\Users\RLJ\Desktop\study\restler_bin\restler\../engine/restler.py" --restler_grammar "C:\Users\RLJ\Desktop\study\restler_bin\combined_runs\semantic-parallel-20260615-171324\parallel_runs\parallel-20260615-171636\batch_1\task_2\grammar.py" --custom_mutations "C:\Users\RLJ\Desktop\study\restler_bin\combined_runs\semantic-parallel-20260615-171324\parallel_runs\parallel-20260615-171636\batch_1\task_2\dict.json" --set_version 9.3.1    --no_ssl   --settings "C:\Users\RLJ\Desktop\study\restler_bin\engine_settings.json"     --include_user_agent --no_tokens_in_logs t --garbage_collection_interval 30 --fuzzing_mode directed-smoke-test exited with code: 0
    DateTime=2026-06-15T09:16:50.1335378Z
Restler Information: 0 : Launching 'dotnet "C:\Users\RLJ\Desktop\study\restler_bin\restler\../resultsAnalyzer/Restler.ResultsAnalyzer.dll" analyze "C:\Users\RLJ\Desktop\study\restler_bin\combined_runs\semantic-parallel-20260615-171324\parallel_runs\parallel-20260615-171636\batch_1\task_2\Test" --output_dir "C:\Users\RLJ\Desktop\study\restler_bin\combined_runs\semantic-parallel-20260615-171324\parallel_runs\parallel-20260615-171636\batch_1\task_2\Test\ResponseBuckets" --dictionary_file "C:\Users\RLJ\Desktop\study\restler_bin\combined_runs\semantic-parallel-20260615-171324\parallel_runs\parallel-20260615-171636\batch_1\task_2\dict.json" --max_instances_per_bucket 10'
    DateTime=2026-06-15T09:16:50.1467118Z
Restler Information: 0 : Process execution terminated in 00:00:00.2215464 with exit code 0x1: 'dotnet "C:\Users\RLJ\Desktop\study\restler_bin\restler\../resultsAnalyzer/Restler.ResultsAnalyzer.dll" analyze "C:\Users\RLJ\Desktop\study\restler_bin\combined_runs\semantic-parallel-20260615-171324\parallel_runs\parallel-20260615-171636\batch_1\task_2\Test" --output_dir "C:\Users\RLJ\Desktop\study\restler_bin\combined_runs\semantic-parallel-20260615-171324\parallel_runs\parallel-20260615-171636\batch_1\task_2\Test\ResponseBuckets" --dictionary_file "C:\Users\RLJ\Desktop\study\restler_bin\combined_runs\semantic-parallel-20260615-171324\parallel_runs\parallel-20260615-171636\batch_1\task_2\dict.json" --max_instances_per_bucket 10'
    DateTime=2026-06-15T09:16:50.3684295Z
Restler Information: 0 : (18948) dotnet "C:\Users\RLJ\Desktop\study\restler_bin\restler\../resultsAnalyzer/Restler.ResultsAnalyzer.dll" analyze "C:\Users\RLJ\Desktop\study\restler_bin\combined_runs\semantic-parallel-20260615-171324\parallel_runs\parallel-20260615-171636\batch_1\task_2\Test" --output_dir "C:\Users\RLJ\Desktop\study\restler_bin\combined_runs\semantic-parallel-20260615-171324\parallel_runs\parallel-20260615-171636\batch_1\task_2\Test\ResponseBuckets" --dictionary_file "C:\Users\RLJ\Desktop\study\restler_bin\combined_runs\semantic-parallel-20260615-171324\parallel_runs\parallel-20260615-171636\batch_1\task_2\dict.json" --max_instances_per_bucket 10 exited with code: 1
    DateTime=2026-06-15T09:16:50.3685819Z
Restler Error: 0 : Results analyzer for logs in C:\Users\RLJ\Desktop\study\restler_bin\combined_runs\semantic-parallel-20260615-171324\parallel_runs\parallel-20260615-171636\batch_1\task_2\Test failed.
    DateTime=2026-06-15T09:16:50.3731921Z
Restler Information: 0 : Request coverage (successful / total): 0 / 5
    DateTime=2026-06-15T09:16:50.4712386Z
Restler Information: 0 : Attempted requests: 5 / 5
    DateTime=2026-06-15T09:16:50.4712974Z
Restler Information: 0 : No bugs were found.
    DateTime=2026-06-15T09:16:50.4727809Z
Restler Information: 0 : See 'coverage_failures_to_investigate.txt' to investigate API coverage.
    DateTime=2026-06-15T09:16:50.5370906Z
Restler Information: 0 : Task Test succeeded.
    DateTime=2026-06-15T09:16:50.5394887Z
Restler Information: 0 : Collecting logs...
    DateTime=2026-06-15T09:16:50.9987696Z
