Restler Information: 0 : Starting task Test...
    DateTime=2026-06-15T09:41:30.6562813Z
Restler Information: 0 : Launching 'python.exe --version'
    DateTime=2026-06-15T09:41:32.0506067Z
Restler Information: 0 : Process execution terminated in 00:00:00.0449862 with exit code 0x0: 'python.exe --version'
    DateTime=2026-06-15T09:41:32.3193597Z
Restler Information: 0 : (13352) python.exe --version exited with code: 0
    DateTime=2026-06-15T09:41:32.3244641Z
Restler Information: 0 : Launching 'python.exe -B "C:\Users\RLJ\Desktop\study\restler_bin\restler\../engine/restler.py" --restler_grammar "C:\Users\RLJ\Desktop\study\restler_bin\parallel_runs\parallel-20260615-174130\batch_0\task_0\grammar.py" --custom_mutations "C:\Users\RLJ\Desktop\study\restler_bin\parallel_runs\parallel-20260615-174130\batch_0\task_0\dict.json" --set_version 9.3.1    --no_ssl   --settings "C:\Users\RLJ\Desktop\study\restler_bin\engine_settings.json"     --include_user_agent --no_tokens_in_logs t --garbage_collection_interval 30 --fuzzing_mode directed-smoke-test'
    DateTime=2026-06-15T09:41:32.3374361Z
Restler Information: 0 : Process execution terminated in 00:00:04.4414335 with exit code 0x0: 'python.exe -B "C:\Users\RLJ\Desktop\study\restler_bin\restler\../engine/restler.py" --restler_grammar "C:\Users\RLJ\Desktop\study\restler_bin\parallel_runs\parallel-20260615-174130\batch_0\task_0\grammar.py" --custom_mutations "C:\Users\RLJ\Desktop\study\restler_bin\parallel_runs\parallel-20260615-174130\batch_0\task_0\dict.json" --set_version 9.3.1    --no_ssl   --settings "C:\Users\RLJ\Desktop\study\restler_bin\engine_settings.json"     --include_user_agent --no_tokens_in_logs t --garbage_collection_interval 30 --fuzzing_mode directed-smoke-test'
    DateTime=2026-06-15T09:41:36.7790993Z
Restler Information: 0 : (23656) python.exe -B "C:\Users\RLJ\Desktop\study\restler_bin\restler\../engine/restler.py" --restler_grammar "C:\Users\RLJ\Desktop\study\restler_bin\parallel_runs\parallel-20260615-174130\batch_0\task_0\grammar.py" --custom_mutations "C:\Users\RLJ\Desktop\study\restler_bin\parallel_runs\parallel-20260615-174130\batch_0\task_0\dict.json" --set_version 9.3.1    --no_ssl   --settings "C:\Users\RLJ\Desktop\study\restler_bin\engine_settings.json"     --include_user_agent --no_tokens_in_logs t --garbage_collection_interval 30 --fuzzing_mode directed-smoke-test exited with code: 0
    DateTime=2026-06-15T09:41:36.7791801Z
Restler Information: 0 : Launching 'dotnet "C:\Users\RLJ\Desktop\study\restler_bin\restler\../resultsAnalyzer/Restler.ResultsAnalyzer.dll" analyze "C:\Users\RLJ\Desktop\study\restler_bin\parallel_runs\parallel-20260615-174130\batch_0\task_0\Test" --output_dir "C:\Users\RLJ\Desktop\study\restler_bin\parallel_runs\parallel-20260615-174130\batch_0\task_0\Test\ResponseBuckets" --dictionary_file "C:\Users\RLJ\Desktop\study\restler_bin\parallel_runs\parallel-20260615-174130\batch_0\task_0\dict.json" --max_instances_per_bucket 10'
    DateTime=2026-06-15T09:41:36.7911707Z
Restler Information: 0 : Process execution terminated in 00:00:00.2444787 with exit code 0x1: 'dotnet "C:\Users\RLJ\Desktop\study\restler_bin\restler\../resultsAnalyzer/Restler.ResultsAnalyzer.dll" analyze "C:\Users\RLJ\Desktop\study\restler_bin\parallel_runs\parallel-20260615-174130\batch_0\task_0\Test" --output_dir "C:\Users\RLJ\Desktop\study\restler_bin\parallel_runs\parallel-20260615-174130\batch_0\task_0\Test\ResponseBuckets" --dictionary_file "C:\Users\RLJ\Desktop\study\restler_bin\parallel_runs\parallel-20260615-174130\batch_0\task_0\dict.json" --max_instances_per_bucket 10'
    DateTime=2026-06-15T09:41:37.0357896Z
Restler Information: 0 : (19432) dotnet "C:\Users\RLJ\Desktop\study\restler_bin\restler\../resultsAnalyzer/Restler.ResultsAnalyzer.dll" analyze "C:\Users\RLJ\Desktop\study\restler_bin\parallel_runs\parallel-20260615-174130\batch_0\task_0\Test" --output_dir "C:\Users\RLJ\Desktop\study\restler_bin\parallel_runs\parallel-20260615-174130\batch_0\task_0\Test\ResponseBuckets" --dictionary_file "C:\Users\RLJ\Desktop\study\restler_bin\parallel_runs\parallel-20260615-174130\batch_0\task_0\dict.json" --max_instances_per_bucket 10 exited with code: 1
    DateTime=2026-06-15T09:41:37.0358857Z
Restler Error: 0 : Results analyzer for logs in C:\Users\RLJ\Desktop\study\restler_bin\parallel_runs\parallel-20260615-174130\batch_0\task_0\Test failed.
    DateTime=2026-06-15T09:41:37.0414161Z
Restler Information: 0 : Request coverage (successful / total): 2 / 5
    DateTime=2026-06-15T09:41:37.1307642Z
Restler Information: 0 : Attempted requests: 5 / 5
    DateTime=2026-06-15T09:41:37.1308365Z
Restler Information: 0 : No bugs were found.
    DateTime=2026-06-15T09:41:37.1325215Z
Restler Information: 0 : See 'coverage_failures_to_investigate.txt' to investigate API coverage.
    DateTime=2026-06-15T09:41:37.1986812Z
Restler Information: 0 : Task Test succeeded.
    DateTime=2026-06-15T09:41:37.2016054Z
Restler Information: 0 : Collecting logs...
    DateTime=2026-06-15T09:41:37.6189087Z
