Restler Information: 0 : Starting task Test...
    DateTime=2026-06-15T10:11:35.6058178Z
Restler Information: 0 : Launching 'python.exe --version'
    DateTime=2026-06-15T10:11:37.0723618Z
Restler Information: 0 : Process execution terminated in 00:00:00.0412383 with exit code 0x0: 'python.exe --version'
    DateTime=2026-06-15T10:11:37.3436454Z
Restler Information: 0 : (328) python.exe --version exited with code: 0
    DateTime=2026-06-15T10:11:37.3491967Z
Restler Information: 0 : Launching 'python.exe -B "C:\Users\RLJ\Desktop\study\restler_bin\restler\../engine/restler.py" --restler_grammar "C:\Users\RLJ\Desktop\study\restler_bin\parallel_runs\parallel-20260615-181121\batch_3\task_7_non_delete\grammar.py" --custom_mutations "C:\Users\RLJ\Desktop\study\restler_bin\parallel_runs\parallel-20260615-181121\batch_3\task_7_non_delete\dict.json" --set_version 9.3.1    --no_ssl   --settings "C:\Users\RLJ\Desktop\study\restler_bin\engine_settings.json"     --include_user_agent --no_tokens_in_logs t --garbage_collection_interval 30 --fuzzing_mode directed-smoke-test'
    DateTime=2026-06-15T10:11:37.3616712Z
Restler Information: 0 : Process execution terminated in 00:00:00.8790089 with exit code 0x0: 'python.exe -B "C:\Users\RLJ\Desktop\study\restler_bin\restler\../engine/restler.py" --restler_grammar "C:\Users\RLJ\Desktop\study\restler_bin\parallel_runs\parallel-20260615-181121\batch_3\task_7_non_delete\grammar.py" --custom_mutations "C:\Users\RLJ\Desktop\study\restler_bin\parallel_runs\parallel-20260615-181121\batch_3\task_7_non_delete\dict.json" --set_version 9.3.1    --no_ssl   --settings "C:\Users\RLJ\Desktop\study\restler_bin\engine_settings.json"     --include_user_agent --no_tokens_in_logs t --garbage_collection_interval 30 --fuzzing_mode directed-smoke-test'
    DateTime=2026-06-15T10:11:38.2409218Z
Restler Information: 0 : (8948) python.exe -B "C:\Users\RLJ\Desktop\study\restler_bin\restler\../engine/restler.py" --restler_grammar "C:\Users\RLJ\Desktop\study\restler_bin\parallel_runs\parallel-20260615-181121\batch_3\task_7_non_delete\grammar.py" --custom_mutations "C:\Users\RLJ\Desktop\study\restler_bin\parallel_runs\parallel-20260615-181121\batch_3\task_7_non_delete\dict.json" --set_version 9.3.1    --no_ssl   --settings "C:\Users\RLJ\Desktop\study\restler_bin\engine_settings.json"     --include_user_agent --no_tokens_in_logs t --garbage_collection_interval 30 --fuzzing_mode directed-smoke-test exited with code: 0
    DateTime=2026-06-15T10:11:38.2410942Z
Restler Information: 0 : Launching 'dotnet "C:\Users\RLJ\Desktop\study\restler_bin\restler\../resultsAnalyzer/Restler.ResultsAnalyzer.dll" analyze "C:\Users\RLJ\Desktop\study\restler_bin\parallel_runs\parallel-20260615-181121\batch_3\task_7_non_delete\Test" --output_dir "C:\Users\RLJ\Desktop\study\restler_bin\parallel_runs\parallel-20260615-181121\batch_3\task_7_non_delete\Test\ResponseBuckets" --dictionary_file "C:\Users\RLJ\Desktop\study\restler_bin\parallel_runs\parallel-20260615-181121\batch_3\task_7_non_delete\dict.json" --max_instances_per_bucket 10'
    DateTime=2026-06-15T10:11:38.2636505Z
Restler Information: 0 : Process execution terminated in 00:00:00.3868183 with exit code 0x1: 'dotnet "C:\Users\RLJ\Desktop\study\restler_bin\restler\../resultsAnalyzer/Restler.ResultsAnalyzer.dll" analyze "C:\Users\RLJ\Desktop\study\restler_bin\parallel_runs\parallel-20260615-181121\batch_3\task_7_non_delete\Test" --output_dir "C:\Users\RLJ\Desktop\study\restler_bin\parallel_runs\parallel-20260615-181121\batch_3\task_7_non_delete\Test\ResponseBuckets" --dictionary_file "C:\Users\RLJ\Desktop\study\restler_bin\parallel_runs\parallel-20260615-181121\batch_3\task_7_non_delete\dict.json" --max_instances_per_bucket 10'
    DateTime=2026-06-15T10:11:38.6506028Z
Restler Information: 0 : (20648) dotnet "C:\Users\RLJ\Desktop\study\restler_bin\restler\../resultsAnalyzer/Restler.ResultsAnalyzer.dll" analyze "C:\Users\RLJ\Desktop\study\restler_bin\parallel_runs\parallel-20260615-181121\batch_3\task_7_non_delete\Test" --output_dir "C:\Users\RLJ\Desktop\study\restler_bin\parallel_runs\parallel-20260615-181121\batch_3\task_7_non_delete\Test\ResponseBuckets" --dictionary_file "C:\Users\RLJ\Desktop\study\restler_bin\parallel_runs\parallel-20260615-181121\batch_3\task_7_non_delete\dict.json" --max_instances_per_bucket 10 exited with code: 1
    DateTime=2026-06-15T10:11:38.6507146Z
Restler Error: 0 : Results analyzer for logs in C:\Users\RLJ\Desktop\study\restler_bin\parallel_runs\parallel-20260615-181121\batch_3\task_7_non_delete\Test failed.
    DateTime=2026-06-15T10:11:38.6561058Z
Restler Information: 0 : Request coverage (successful / total): 1 / 1
    DateTime=2026-06-15T10:11:38.7637935Z
Restler Information: 0 : Attempted requests: 1 / 1
    DateTime=2026-06-15T10:11:38.7638724Z
Restler Information: 0 : No bugs were found.
    DateTime=2026-06-15T10:11:38.7659986Z
Restler Information: 0 : Task Test succeeded.
    DateTime=2026-06-15T10:11:38.7796956Z
Restler Information: 0 : Collecting logs...
    DateTime=2026-06-15T10:11:39.2996217Z
