Restler Information: 0 : Starting task Test...
    DateTime=2026-06-15T10:11:26.1066844Z
Restler Information: 0 : Launching 'python.exe --version'
    DateTime=2026-06-15T10:11:28.8518037Z
Restler Information: 0 : Process execution terminated in 00:00:00.0408165 with exit code 0x0: 'python.exe --version'
    DateTime=2026-06-15T10:11:29.0813482Z
Restler Information: 0 : (10692) python.exe --version exited with code: 0
    DateTime=2026-06-15T10:11:29.0889789Z
Restler Information: 0 : Launching 'python.exe -B "C:\Users\RLJ\Desktop\study\restler_bin\restler\../engine/restler.py" --restler_grammar "C:\Users\RLJ\Desktop\study\restler_bin\parallel_runs\parallel-20260615-181121\batch_1\task_3_non_delete\grammar.py" --custom_mutations "C:\Users\RLJ\Desktop\study\restler_bin\parallel_runs\parallel-20260615-181121\batch_1\task_3_non_delete\dict.json" --set_version 9.3.1    --no_ssl   --settings "C:\Users\RLJ\Desktop\study\restler_bin\engine_settings.json"     --include_user_agent --no_tokens_in_logs t --garbage_collection_interval 30 --fuzzing_mode directed-smoke-test'
    DateTime=2026-06-15T10:11:29.1052329Z
Restler Information: 0 : Process execution terminated in 00:00:00.9328031 with exit code 0x0: 'python.exe -B "C:\Users\RLJ\Desktop\study\restler_bin\restler\../engine/restler.py" --restler_grammar "C:\Users\RLJ\Desktop\study\restler_bin\parallel_runs\parallel-20260615-181121\batch_1\task_3_non_delete\grammar.py" --custom_mutations "C:\Users\RLJ\Desktop\study\restler_bin\parallel_runs\parallel-20260615-181121\batch_1\task_3_non_delete\dict.json" --set_version 9.3.1    --no_ssl   --settings "C:\Users\RLJ\Desktop\study\restler_bin\engine_settings.json"     --include_user_agent --no_tokens_in_logs t --garbage_collection_interval 30 --fuzzing_mode directed-smoke-test'
    DateTime=2026-06-15T10:11:30.0381959Z
Restler Information: 0 : (22916) python.exe -B "C:\Users\RLJ\Desktop\study\restler_bin\restler\../engine/restler.py" --restler_grammar "C:\Users\RLJ\Desktop\study\restler_bin\parallel_runs\parallel-20260615-181121\batch_1\task_3_non_delete\grammar.py" --custom_mutations "C:\Users\RLJ\Desktop\study\restler_bin\parallel_runs\parallel-20260615-181121\batch_1\task_3_non_delete\dict.json" --set_version 9.3.1    --no_ssl   --settings "C:\Users\RLJ\Desktop\study\restler_bin\engine_settings.json"     --include_user_agent --no_tokens_in_logs t --garbage_collection_interval 30 --fuzzing_mode directed-smoke-test exited with code: 0
    DateTime=2026-06-15T10:11:30.0382840Z
Restler Information: 0 : Launching 'dotnet "C:\Users\RLJ\Desktop\study\restler_bin\restler\../resultsAnalyzer/Restler.ResultsAnalyzer.dll" analyze "C:\Users\RLJ\Desktop\study\restler_bin\parallel_runs\parallel-20260615-181121\batch_1\task_3_non_delete\Test" --output_dir "C:\Users\RLJ\Desktop\study\restler_bin\parallel_runs\parallel-20260615-181121\batch_1\task_3_non_delete\Test\ResponseBuckets" --dictionary_file "C:\Users\RLJ\Desktop\study\restler_bin\parallel_runs\parallel-20260615-181121\batch_1\task_3_non_delete\dict.json" --max_instances_per_bucket 10'
    DateTime=2026-06-15T10:11:30.0499337Z
Restler Information: 0 : Process execution terminated in 00:00:00.2437574 with exit code 0x1: 'dotnet "C:\Users\RLJ\Desktop\study\restler_bin\restler\../resultsAnalyzer/Restler.ResultsAnalyzer.dll" analyze "C:\Users\RLJ\Desktop\study\restler_bin\parallel_runs\parallel-20260615-181121\batch_1\task_3_non_delete\Test" --output_dir "C:\Users\RLJ\Desktop\study\restler_bin\parallel_runs\parallel-20260615-181121\batch_1\task_3_non_delete\Test\ResponseBuckets" --dictionary_file "C:\Users\RLJ\Desktop\study\restler_bin\parallel_runs\parallel-20260615-181121\batch_1\task_3_non_delete\dict.json" --max_instances_per_bucket 10'
    DateTime=2026-06-15T10:11:30.2938361Z
Restler Information: 0 : (3576) dotnet "C:\Users\RLJ\Desktop\study\restler_bin\restler\../resultsAnalyzer/Restler.ResultsAnalyzer.dll" analyze "C:\Users\RLJ\Desktop\study\restler_bin\parallel_runs\parallel-20260615-181121\batch_1\task_3_non_delete\Test" --output_dir "C:\Users\RLJ\Desktop\study\restler_bin\parallel_runs\parallel-20260615-181121\batch_1\task_3_non_delete\Test\ResponseBuckets" --dictionary_file "C:\Users\RLJ\Desktop\study\restler_bin\parallel_runs\parallel-20260615-181121\batch_1\task_3_non_delete\dict.json" --max_instances_per_bucket 10 exited with code: 1
    DateTime=2026-06-15T10:11:30.2939767Z
Restler Error: 0 : Results analyzer for logs in C:\Users\RLJ\Desktop\study\restler_bin\parallel_runs\parallel-20260615-181121\batch_1\task_3_non_delete\Test failed.
    DateTime=2026-06-15T10:11:30.2995416Z
Restler Information: 0 : Request coverage (successful / total): 4 / 4
    DateTime=2026-06-15T10:11:30.3800627Z
Restler Information: 0 : Attempted requests: 4 / 4
    DateTime=2026-06-15T10:11:30.3801365Z
Restler Information: 0 : No bugs were found.
    DateTime=2026-06-15T10:11:30.3822147Z
Restler Information: 0 : Task Test succeeded.
    DateTime=2026-06-15T10:11:30.3929282Z
Restler Information: 0 : Collecting logs...
    DateTime=2026-06-15T10:11:30.8912308Z
