Restler Information: 0 : Starting task Test...
    DateTime=2026-06-15T10:15:02.5819867Z
Restler Information: 0 : Launching 'python.exe --version'
    DateTime=2026-06-15T10:15:04.0341234Z
Restler Information: 0 : Process execution terminated in 00:00:00.0380635 with exit code 0x0: 'python.exe --version'
    DateTime=2026-06-15T10:15:04.2538804Z
Restler Information: 0 : (24768) python.exe --version exited with code: 0
    DateTime=2026-06-15T10:15:04.2594050Z
Restler Information: 0 : Launching 'python.exe -B "C:\Users\RLJ\Desktop\study\restler_bin\restler\../engine/restler.py" --restler_grammar "C:\Users\RLJ\Desktop\study\restler_bin\parallel_runs\parallel-20260615-181438\batch_6\task_4_delete\grammar.py" --custom_mutations "C:\Users\RLJ\Desktop\study\restler_bin\parallel_runs\parallel-20260615-181438\batch_6\task_4_delete\dict.json" --set_version 9.3.1    --no_ssl   --settings "C:\Users\RLJ\Desktop\study\restler_bin\engine_settings.json"     --include_user_agent --no_tokens_in_logs t --garbage_collection_interval 30 --fuzzing_mode directed-smoke-test'
    DateTime=2026-06-15T10:15:04.2722284Z
Restler Information: 0 : Process execution terminated in 00:00:00.7318329 with exit code 0x0: 'python.exe -B "C:\Users\RLJ\Desktop\study\restler_bin\restler\../engine/restler.py" --restler_grammar "C:\Users\RLJ\Desktop\study\restler_bin\parallel_runs\parallel-20260615-181438\batch_6\task_4_delete\grammar.py" --custom_mutations "C:\Users\RLJ\Desktop\study\restler_bin\parallel_runs\parallel-20260615-181438\batch_6\task_4_delete\dict.json" --set_version 9.3.1    --no_ssl   --settings "C:\Users\RLJ\Desktop\study\restler_bin\engine_settings.json"     --include_user_agent --no_tokens_in_logs t --garbage_collection_interval 30 --fuzzing_mode directed-smoke-test'
    DateTime=2026-06-15T10:15:05.0041915Z
Restler Information: 0 : (17068) python.exe -B "C:\Users\RLJ\Desktop\study\restler_bin\restler\../engine/restler.py" --restler_grammar "C:\Users\RLJ\Desktop\study\restler_bin\parallel_runs\parallel-20260615-181438\batch_6\task_4_delete\grammar.py" --custom_mutations "C:\Users\RLJ\Desktop\study\restler_bin\parallel_runs\parallel-20260615-181438\batch_6\task_4_delete\dict.json" --set_version 9.3.1    --no_ssl   --settings "C:\Users\RLJ\Desktop\study\restler_bin\engine_settings.json"     --include_user_agent --no_tokens_in_logs t --garbage_collection_interval 30 --fuzzing_mode directed-smoke-test exited with code: 0
    DateTime=2026-06-15T10:15:05.0042603Z
Restler Information: 0 : Launching 'dotnet "C:\Users\RLJ\Desktop\study\restler_bin\restler\../resultsAnalyzer/Restler.ResultsAnalyzer.dll" analyze "C:\Users\RLJ\Desktop\study\restler_bin\parallel_runs\parallel-20260615-181438\batch_6\task_4_delete\Test" --output_dir "C:\Users\RLJ\Desktop\study\restler_bin\parallel_runs\parallel-20260615-181438\batch_6\task_4_delete\Test\ResponseBuckets" --dictionary_file "C:\Users\RLJ\Desktop\study\restler_bin\parallel_runs\parallel-20260615-181438\batch_6\task_4_delete\dict.json" --max_instances_per_bucket 10'
    DateTime=2026-06-15T10:15:05.0156325Z
Restler Information: 0 : Process execution terminated in 00:00:00.2789923 with exit code 0x1: 'dotnet "C:\Users\RLJ\Desktop\study\restler_bin\restler\../resultsAnalyzer/Restler.ResultsAnalyzer.dll" analyze "C:\Users\RLJ\Desktop\study\restler_bin\parallel_runs\parallel-20260615-181438\batch_6\task_4_delete\Test" --output_dir "C:\Users\RLJ\Desktop\study\restler_bin\parallel_runs\parallel-20260615-181438\batch_6\task_4_delete\Test\ResponseBuckets" --dictionary_file "C:\Users\RLJ\Desktop\study\restler_bin\parallel_runs\parallel-20260615-181438\batch_6\task_4_delete\dict.json" --max_instances_per_bucket 10'
    DateTime=2026-06-15T10:15:05.2948032Z
Restler Information: 0 : (19588) dotnet "C:\Users\RLJ\Desktop\study\restler_bin\restler\../resultsAnalyzer/Restler.ResultsAnalyzer.dll" analyze "C:\Users\RLJ\Desktop\study\restler_bin\parallel_runs\parallel-20260615-181438\batch_6\task_4_delete\Test" --output_dir "C:\Users\RLJ\Desktop\study\restler_bin\parallel_runs\parallel-20260615-181438\batch_6\task_4_delete\Test\ResponseBuckets" --dictionary_file "C:\Users\RLJ\Desktop\study\restler_bin\parallel_runs\parallel-20260615-181438\batch_6\task_4_delete\dict.json" --max_instances_per_bucket 10 exited with code: 1
    DateTime=2026-06-15T10:15:05.2949497Z
Restler Error: 0 : Results analyzer for logs in C:\Users\RLJ\Desktop\study\restler_bin\parallel_runs\parallel-20260615-181438\batch_6\task_4_delete\Test failed.
    DateTime=2026-06-15T10:15:05.3006056Z
Restler Information: 0 : Request coverage (successful / total): 0 / 1
    DateTime=2026-06-15T10:15:05.4007577Z
Restler Information: 0 : Attempted requests: 1 / 1
    DateTime=2026-06-15T10:15:05.4008195Z
Restler Information: 0 : No bugs were found.
    DateTime=2026-06-15T10:15:05.4026735Z
Restler Information: 0 : See 'coverage_failures_to_investigate.txt' to investigate API coverage.
    DateTime=2026-06-15T10:15:05.4669541Z
Restler Information: 0 : Task Test succeeded.
    DateTime=2026-06-15T10:15:05.4693831Z
Restler Information: 0 : Collecting logs...
    DateTime=2026-06-15T10:15:05.9540978Z
