Restler Information: 0 : Starting task Test...
    DateTime=2026-06-15T10:08:07.1140806Z
Restler Information: 0 : Launching 'python.exe --version'
    DateTime=2026-06-15T10:08:08.5547112Z
Restler Information: 0 : Process execution terminated in 00:00:00.0388793 with exit code 0x0: 'python.exe --version'
    DateTime=2026-06-15T10:08:08.7788497Z
Restler Information: 0 : (7436) python.exe --version exited with code: 0
    DateTime=2026-06-15T10:08:08.7841427Z
Restler Information: 0 : Launching 'python.exe -B "C:\Users\RLJ\Desktop\study\restler_bin\restler\../engine/restler.py" --restler_grammar "C:\Users\RLJ\Desktop\study\restler_bin\parallel_runs\parallel-20260615-180748\batch_4\task_0_delete\grammar.py" --custom_mutations "C:\Users\RLJ\Desktop\study\restler_bin\parallel_runs\parallel-20260615-180748\batch_4\task_0_delete\dict.json" --set_version 9.3.1    --no_ssl   --settings "C:\Users\RLJ\Desktop\study\restler_bin\engine_settings.json"     --include_user_agent --no_tokens_in_logs t --garbage_collection_interval 30 --fuzzing_mode directed-smoke-test'
    DateTime=2026-06-15T10:08:08.7973824Z
Restler Information: 0 : Process execution terminated in 00:00:00.7352312 with exit code 0x0: 'python.exe -B "C:\Users\RLJ\Desktop\study\restler_bin\restler\../engine/restler.py" --restler_grammar "C:\Users\RLJ\Desktop\study\restler_bin\parallel_runs\parallel-20260615-180748\batch_4\task_0_delete\grammar.py" --custom_mutations "C:\Users\RLJ\Desktop\study\restler_bin\parallel_runs\parallel-20260615-180748\batch_4\task_0_delete\dict.json" --set_version 9.3.1    --no_ssl   --settings "C:\Users\RLJ\Desktop\study\restler_bin\engine_settings.json"     --include_user_agent --no_tokens_in_logs t --garbage_collection_interval 30 --fuzzing_mode directed-smoke-test'
    DateTime=2026-06-15T10:08:09.5328167Z
Restler Information: 0 : (25324) python.exe -B "C:\Users\RLJ\Desktop\study\restler_bin\restler\../engine/restler.py" --restler_grammar "C:\Users\RLJ\Desktop\study\restler_bin\parallel_runs\parallel-20260615-180748\batch_4\task_0_delete\grammar.py" --custom_mutations "C:\Users\RLJ\Desktop\study\restler_bin\parallel_runs\parallel-20260615-180748\batch_4\task_0_delete\dict.json" --set_version 9.3.1    --no_ssl   --settings "C:\Users\RLJ\Desktop\study\restler_bin\engine_settings.json"     --include_user_agent --no_tokens_in_logs t --garbage_collection_interval 30 --fuzzing_mode directed-smoke-test exited with code: 0
    DateTime=2026-06-15T10:08:09.5329198Z
Restler Information: 0 : Launching 'dotnet "C:\Users\RLJ\Desktop\study\restler_bin\restler\../resultsAnalyzer/Restler.ResultsAnalyzer.dll" analyze "C:\Users\RLJ\Desktop\study\restler_bin\parallel_runs\parallel-20260615-180748\batch_4\task_0_delete\Test" --output_dir "C:\Users\RLJ\Desktop\study\restler_bin\parallel_runs\parallel-20260615-180748\batch_4\task_0_delete\Test\ResponseBuckets" --dictionary_file "C:\Users\RLJ\Desktop\study\restler_bin\parallel_runs\parallel-20260615-180748\batch_4\task_0_delete\dict.json" --max_instances_per_bucket 10'
    DateTime=2026-06-15T10:08:09.5442681Z
Restler Information: 0 : Process execution terminated in 00:00:00.2171473 with exit code 0x1: 'dotnet "C:\Users\RLJ\Desktop\study\restler_bin\restler\../resultsAnalyzer/Restler.ResultsAnalyzer.dll" analyze "C:\Users\RLJ\Desktop\study\restler_bin\parallel_runs\parallel-20260615-180748\batch_4\task_0_delete\Test" --output_dir "C:\Users\RLJ\Desktop\study\restler_bin\parallel_runs\parallel-20260615-180748\batch_4\task_0_delete\Test\ResponseBuckets" --dictionary_file "C:\Users\RLJ\Desktop\study\restler_bin\parallel_runs\parallel-20260615-180748\batch_4\task_0_delete\dict.json" --max_instances_per_bucket 10'
    DateTime=2026-06-15T10:08:09.7615365Z
Restler Information: 0 : (23688) dotnet "C:\Users\RLJ\Desktop\study\restler_bin\restler\../resultsAnalyzer/Restler.ResultsAnalyzer.dll" analyze "C:\Users\RLJ\Desktop\study\restler_bin\parallel_runs\parallel-20260615-180748\batch_4\task_0_delete\Test" --output_dir "C:\Users\RLJ\Desktop\study\restler_bin\parallel_runs\parallel-20260615-180748\batch_4\task_0_delete\Test\ResponseBuckets" --dictionary_file "C:\Users\RLJ\Desktop\study\restler_bin\parallel_runs\parallel-20260615-180748\batch_4\task_0_delete\dict.json" --max_instances_per_bucket 10 exited with code: 1
    DateTime=2026-06-15T10:08:09.7616691Z
Restler Error: 0 : Results analyzer for logs in C:\Users\RLJ\Desktop\study\restler_bin\parallel_runs\parallel-20260615-180748\batch_4\task_0_delete\Test failed.
    DateTime=2026-06-15T10:08:09.7672931Z
Restler Information: 0 : Request coverage (successful / total): 1 / 1
    DateTime=2026-06-15T10:08:09.8478543Z
Restler Information: 0 : Attempted requests: 1 / 1
    DateTime=2026-06-15T10:08:09.8479164Z
Restler Information: 0 : No bugs were found.
    DateTime=2026-06-15T10:08:09.8495512Z
Restler Information: 0 : Task Test succeeded.
    DateTime=2026-06-15T10:08:09.8592287Z
Restler Information: 0 : Collecting logs...
    DateTime=2026-06-15T10:08:10.2916074Z
