Restler Information: 0 : Starting task Test...
    DateTime=2026-06-15T09:56:00.1571897Z
Restler Information: 0 : Launching 'python.exe --version'
    DateTime=2026-06-15T09:56:01.5766228Z
Restler Information: 0 : Process execution terminated in 00:00:00.0392928 with exit code 0x0: 'python.exe --version'
    DateTime=2026-06-15T09:56:01.7969244Z
Restler Information: 0 : (25148) python.exe --version exited with code: 0
    DateTime=2026-06-15T09:56:01.8019447Z
Restler Information: 0 : Launching 'python.exe -B "C:\Users\RLJ\Desktop\study\restler_bin\restler\../engine/restler.py" --restler_grammar "C:\Users\RLJ\Desktop\study\restler_bin\parallel_runs\parallel-20260615-175546\batch_2\task_4\grammar.py" --custom_mutations "C:\Users\RLJ\Desktop\study\restler_bin\parallel_runs\parallel-20260615-175546\batch_2\task_4\dict.json" --set_version 9.3.1    --no_ssl   --settings "C:\Users\RLJ\Desktop\study\restler_bin\engine_settings.json"     --include_user_agent --no_tokens_in_logs t --garbage_collection_interval 30 --fuzzing_mode directed-smoke-test'
    DateTime=2026-06-15T09:56:01.8143719Z
Restler Information: 0 : Process execution terminated in 00:00:00.6949120 with exit code 0x0: 'python.exe -B "C:\Users\RLJ\Desktop\study\restler_bin\restler\../engine/restler.py" --restler_grammar "C:\Users\RLJ\Desktop\study\restler_bin\parallel_runs\parallel-20260615-175546\batch_2\task_4\grammar.py" --custom_mutations "C:\Users\RLJ\Desktop\study\restler_bin\parallel_runs\parallel-20260615-175546\batch_2\task_4\dict.json" --set_version 9.3.1    --no_ssl   --settings "C:\Users\RLJ\Desktop\study\restler_bin\engine_settings.json"     --include_user_agent --no_tokens_in_logs t --garbage_collection_interval 30 --fuzzing_mode directed-smoke-test'
    DateTime=2026-06-15T09:56:02.5099974Z
Restler Information: 0 : (22948) python.exe -B "C:\Users\RLJ\Desktop\study\restler_bin\restler\../engine/restler.py" --restler_grammar "C:\Users\RLJ\Desktop\study\restler_bin\parallel_runs\parallel-20260615-175546\batch_2\task_4\grammar.py" --custom_mutations "C:\Users\RLJ\Desktop\study\restler_bin\parallel_runs\parallel-20260615-175546\batch_2\task_4\dict.json" --set_version 9.3.1    --no_ssl   --settings "C:\Users\RLJ\Desktop\study\restler_bin\engine_settings.json"     --include_user_agent --no_tokens_in_logs t --garbage_collection_interval 30 --fuzzing_mode directed-smoke-test exited with code: 0
    DateTime=2026-06-15T09:56:02.5102028Z
Restler Information: 0 : Launching 'dotnet "C:\Users\RLJ\Desktop\study\restler_bin\restler\../resultsAnalyzer/Restler.ResultsAnalyzer.dll" analyze "C:\Users\RLJ\Desktop\study\restler_bin\parallel_runs\parallel-20260615-175546\batch_2\task_4\Test" --output_dir "C:\Users\RLJ\Desktop\study\restler_bin\parallel_runs\parallel-20260615-175546\batch_2\task_4\Test\ResponseBuckets" --dictionary_file "C:\Users\RLJ\Desktop\study\restler_bin\parallel_runs\parallel-20260615-175546\batch_2\task_4\dict.json" --max_instances_per_bucket 10'
    DateTime=2026-06-15T09:56:02.5229579Z
Restler Information: 0 : Process execution terminated in 00:00:00.2358227 with exit code 0x1: 'dotnet "C:\Users\RLJ\Desktop\study\restler_bin\restler\../resultsAnalyzer/Restler.ResultsAnalyzer.dll" analyze "C:\Users\RLJ\Desktop\study\restler_bin\parallel_runs\parallel-20260615-175546\batch_2\task_4\Test" --output_dir "C:\Users\RLJ\Desktop\study\restler_bin\parallel_runs\parallel-20260615-175546\batch_2\task_4\Test\ResponseBuckets" --dictionary_file "C:\Users\RLJ\Desktop\study\restler_bin\parallel_runs\parallel-20260615-175546\batch_2\task_4\dict.json" --max_instances_per_bucket 10'
    DateTime=2026-06-15T09:56:02.7589366Z
Restler Information: 0 : (2176) dotnet "C:\Users\RLJ\Desktop\study\restler_bin\restler\../resultsAnalyzer/Restler.ResultsAnalyzer.dll" analyze "C:\Users\RLJ\Desktop\study\restler_bin\parallel_runs\parallel-20260615-175546\batch_2\task_4\Test" --output_dir "C:\Users\RLJ\Desktop\study\restler_bin\parallel_runs\parallel-20260615-175546\batch_2\task_4\Test\ResponseBuckets" --dictionary_file "C:\Users\RLJ\Desktop\study\restler_bin\parallel_runs\parallel-20260615-175546\batch_2\task_4\dict.json" --max_instances_per_bucket 10 exited with code: 1
    DateTime=2026-06-15T09:56:02.7590763Z
Restler Error: 0 : Results analyzer for logs in C:\Users\RLJ\Desktop\study\restler_bin\parallel_runs\parallel-20260615-175546\batch_2\task_4\Test failed.
    DateTime=2026-06-15T09:56:02.7638257Z
Restler Information: 0 : Request coverage (successful / total): 0 / 5
    DateTime=2026-06-15T09:56:02.8536840Z
Restler Information: 0 : Attempted requests: 0 / 5
    DateTime=2026-06-15T09:56:02.8537375Z
Restler Information: 0 : No bugs were found.
    DateTime=2026-06-15T09:56:02.8553312Z
Restler Information: 0 : Spec coverage file speccov-min.json not found.
    DateTime=2026-06-15T09:56:02.8685902Z
Restler Information: 0 : Task Test succeeded.
    DateTime=2026-06-15T09:56:02.8715013Z
Restler Information: 0 : Collecting logs...
    DateTime=2026-06-15T09:56:03.3347554Z
