Restler Information: 0 : Starting task Test...
    DateTime=2026-06-15T09:37:21.7704338Z
Restler Information: 0 : Launching 'python.exe --version'
    DateTime=2026-06-15T09:37:23.1319594Z
Restler Information: 0 : Process execution terminated in 00:00:00.0425835 with exit code 0x0: 'python.exe --version'
    DateTime=2026-06-15T09:37:23.3713039Z
Restler Information: 0 : (21344) python.exe --version exited with code: 0
    DateTime=2026-06-15T09:37:23.3763588Z
Restler Information: 0 : Launching 'python.exe -B "C:\Users\RLJ\Desktop\study\restler_bin\restler\../engine/restler.py" --restler_grammar "C:\Users\RLJ\Desktop\study\restler_bin\parallel_runs\parallel-20260615-173709\batch_2\task_4\grammar.py" --custom_mutations "C:\Users\RLJ\Desktop\study\restler_bin\parallel_runs\parallel-20260615-173709\batch_2\task_4\dict.json" --set_version 9.3.1    --no_ssl   --settings "C:\Users\RLJ\Desktop\study\restler_bin\engine_settings.json"     --include_user_agent --no_tokens_in_logs t --garbage_collection_interval 30 --fuzzing_mode directed-smoke-test'
    DateTime=2026-06-15T09:37:23.3878756Z
Restler Information: 0 : Process execution terminated in 00:00:01.4834052 with exit code 0x0: 'python.exe -B "C:\Users\RLJ\Desktop\study\restler_bin\restler\../engine/restler.py" --restler_grammar "C:\Users\RLJ\Desktop\study\restler_bin\parallel_runs\parallel-20260615-173709\batch_2\task_4\grammar.py" --custom_mutations "C:\Users\RLJ\Desktop\study\restler_bin\parallel_runs\parallel-20260615-173709\batch_2\task_4\dict.json" --set_version 9.3.1    --no_ssl   --settings "C:\Users\RLJ\Desktop\study\restler_bin\engine_settings.json"     --include_user_agent --no_tokens_in_logs t --garbage_collection_interval 30 --fuzzing_mode directed-smoke-test'
    DateTime=2026-06-15T09:37:24.8714683Z
Restler Information: 0 : (24600) python.exe -B "C:\Users\RLJ\Desktop\study\restler_bin\restler\../engine/restler.py" --restler_grammar "C:\Users\RLJ\Desktop\study\restler_bin\parallel_runs\parallel-20260615-173709\batch_2\task_4\grammar.py" --custom_mutations "C:\Users\RLJ\Desktop\study\restler_bin\parallel_runs\parallel-20260615-173709\batch_2\task_4\dict.json" --set_version 9.3.1    --no_ssl   --settings "C:\Users\RLJ\Desktop\study\restler_bin\engine_settings.json"     --include_user_agent --no_tokens_in_logs t --garbage_collection_interval 30 --fuzzing_mode directed-smoke-test exited with code: 0
    DateTime=2026-06-15T09:37:24.8715469Z
Restler Information: 0 : Launching 'dotnet "C:\Users\RLJ\Desktop\study\restler_bin\restler\../resultsAnalyzer/Restler.ResultsAnalyzer.dll" analyze "C:\Users\RLJ\Desktop\study\restler_bin\parallel_runs\parallel-20260615-173709\batch_2\task_4\Test" --output_dir "C:\Users\RLJ\Desktop\study\restler_bin\parallel_runs\parallel-20260615-173709\batch_2\task_4\Test\ResponseBuckets" --dictionary_file "C:\Users\RLJ\Desktop\study\restler_bin\parallel_runs\parallel-20260615-173709\batch_2\task_4\dict.json" --max_instances_per_bucket 10'
    DateTime=2026-06-15T09:37:24.8836840Z
Restler Information: 0 : Process execution terminated in 00:00:00.2502245 with exit code 0x1: 'dotnet "C:\Users\RLJ\Desktop\study\restler_bin\restler\../resultsAnalyzer/Restler.ResultsAnalyzer.dll" analyze "C:\Users\RLJ\Desktop\study\restler_bin\parallel_runs\parallel-20260615-173709\batch_2\task_4\Test" --output_dir "C:\Users\RLJ\Desktop\study\restler_bin\parallel_runs\parallel-20260615-173709\batch_2\task_4\Test\ResponseBuckets" --dictionary_file "C:\Users\RLJ\Desktop\study\restler_bin\parallel_runs\parallel-20260615-173709\batch_2\task_4\dict.json" --max_instances_per_bucket 10'
    DateTime=2026-06-15T09:37:25.1340621Z
Restler Information: 0 : (8108) dotnet "C:\Users\RLJ\Desktop\study\restler_bin\restler\../resultsAnalyzer/Restler.ResultsAnalyzer.dll" analyze "C:\Users\RLJ\Desktop\study\restler_bin\parallel_runs\parallel-20260615-173709\batch_2\task_4\Test" --output_dir "C:\Users\RLJ\Desktop\study\restler_bin\parallel_runs\parallel-20260615-173709\batch_2\task_4\Test\ResponseBuckets" --dictionary_file "C:\Users\RLJ\Desktop\study\restler_bin\parallel_runs\parallel-20260615-173709\batch_2\task_4\dict.json" --max_instances_per_bucket 10 exited with code: 1
    DateTime=2026-06-15T09:37:25.1341528Z
Restler Error: 0 : Results analyzer for logs in C:\Users\RLJ\Desktop\study\restler_bin\parallel_runs\parallel-20260615-173709\batch_2\task_4\Test failed.
    DateTime=2026-06-15T09:37:25.1409672Z
Restler Information: 0 : Request coverage (successful / total): 2 / 5
    DateTime=2026-06-15T09:37:25.2647821Z
Restler Information: 0 : Attempted requests: 5 / 5
    DateTime=2026-06-15T09:37:25.2648703Z
Restler Information: 0 : No bugs were found.
    DateTime=2026-06-15T09:37:25.2682417Z
Restler Information: 0 : See 'coverage_failures_to_investigate.txt' to investigate API coverage.
    DateTime=2026-06-15T09:37:25.3438780Z
Restler Information: 0 : Task Test succeeded.
    DateTime=2026-06-15T09:37:25.3474543Z
Restler Information: 0 : Collecting logs...
    DateTime=2026-06-15T09:37:25.8224574Z
