Restler Information: 0 : Starting task Test...
    DateTime=2026-06-15T07:38:53.1311435Z
Restler Information: 0 : Launching 'python.exe --version'
    DateTime=2026-06-15T07:38:55.2689116Z
Restler Information: 0 : Process execution terminated in 00:00:00.0397565 with exit code 0x0: 'python.exe --version'
    DateTime=2026-06-15T07:38:55.4891036Z
Restler Information: 0 : (16932) python.exe --version exited with code: 0
    DateTime=2026-06-15T07:38:55.4936019Z
Restler Information: 0 : Launching 'python.exe -B "C:\Users\RLJ\Desktop\study\restler_bin\restler\../engine/restler.py" --restler_grammar "C:\Users\RLJ\Desktop\study\restler_bin\parallel_runs\parallel-20260615-153842\batch_2\task_5\grammar.py" --custom_mutations "C:\Users\RLJ\Desktop\study\restler_bin\parallel_runs\parallel-20260615-153842\batch_2\task_5\dict.json" --set_version 9.3.1    --no_ssl   --settings "C:\Users\RLJ\Desktop\study\restler_bin\engine_settings.json"     --include_user_agent --no_tokens_in_logs t --garbage_collection_interval 30 --fuzzing_mode directed-smoke-test'
    DateTime=2026-06-15T07:38:55.5029694Z
Restler Information: 0 : Process execution terminated in 00:00:02.3796191 with exit code 0x0: 'python.exe -B "C:\Users\RLJ\Desktop\study\restler_bin\restler\../engine/restler.py" --restler_grammar "C:\Users\RLJ\Desktop\study\restler_bin\parallel_runs\parallel-20260615-153842\batch_2\task_5\grammar.py" --custom_mutations "C:\Users\RLJ\Desktop\study\restler_bin\parallel_runs\parallel-20260615-153842\batch_2\task_5\dict.json" --set_version 9.3.1    --no_ssl   --settings "C:\Users\RLJ\Desktop\study\restler_bin\engine_settings.json"     --include_user_agent --no_tokens_in_logs t --garbage_collection_interval 30 --fuzzing_mode directed-smoke-test'
    DateTime=2026-06-15T07:38:57.8829508Z
Restler Information: 0 : (20512) python.exe -B "C:\Users\RLJ\Desktop\study\restler_bin\restler\../engine/restler.py" --restler_grammar "C:\Users\RLJ\Desktop\study\restler_bin\parallel_runs\parallel-20260615-153842\batch_2\task_5\grammar.py" --custom_mutations "C:\Users\RLJ\Desktop\study\restler_bin\parallel_runs\parallel-20260615-153842\batch_2\task_5\dict.json" --set_version 9.3.1    --no_ssl   --settings "C:\Users\RLJ\Desktop\study\restler_bin\engine_settings.json"     --include_user_agent --no_tokens_in_logs t --garbage_collection_interval 30 --fuzzing_mode directed-smoke-test exited with code: 0
    DateTime=2026-06-15T07:38:57.8833382Z
Restler Information: 0 : Launching 'dotnet "C:\Users\RLJ\Desktop\study\restler_bin\restler\../resultsAnalyzer/Restler.ResultsAnalyzer.dll" analyze "C:\Users\RLJ\Desktop\study\restler_bin\parallel_runs\parallel-20260615-153842\batch_2\task_5\Test" --output_dir "C:\Users\RLJ\Desktop\study\restler_bin\parallel_runs\parallel-20260615-153842\batch_2\task_5\Test\ResponseBuckets" --dictionary_file "C:\Users\RLJ\Desktop\study\restler_bin\parallel_runs\parallel-20260615-153842\batch_2\task_5\dict.json" --max_instances_per_bucket 10'
    DateTime=2026-06-15T07:38:57.8963277Z
Restler Information: 0 : Process execution terminated in 00:00:00.2882454 with exit code 0x1: 'dotnet "C:\Users\RLJ\Desktop\study\restler_bin\restler\../resultsAnalyzer/Restler.ResultsAnalyzer.dll" analyze "C:\Users\RLJ\Desktop\study\restler_bin\parallel_runs\parallel-20260615-153842\batch_2\task_5\Test" --output_dir "C:\Users\RLJ\Desktop\study\restler_bin\parallel_runs\parallel-20260615-153842\batch_2\task_5\Test\ResponseBuckets" --dictionary_file "C:\Users\RLJ\Desktop\study\restler_bin\parallel_runs\parallel-20260615-153842\batch_2\task_5\dict.json" --max_instances_per_bucket 10'
    DateTime=2026-06-15T07:38:58.1847346Z
Restler Information: 0 : (19072) dotnet "C:\Users\RLJ\Desktop\study\restler_bin\restler\../resultsAnalyzer/Restler.ResultsAnalyzer.dll" analyze "C:\Users\RLJ\Desktop\study\restler_bin\parallel_runs\parallel-20260615-153842\batch_2\task_5\Test" --output_dir "C:\Users\RLJ\Desktop\study\restler_bin\parallel_runs\parallel-20260615-153842\batch_2\task_5\Test\ResponseBuckets" --dictionary_file "C:\Users\RLJ\Desktop\study\restler_bin\parallel_runs\parallel-20260615-153842\batch_2\task_5\dict.json" --max_instances_per_bucket 10 exited with code: 1
    DateTime=2026-06-15T07:38:58.1848279Z
Restler Error: 0 : Results analyzer for logs in C:\Users\RLJ\Desktop\study\restler_bin\parallel_runs\parallel-20260615-153842\batch_2\task_5\Test failed.
    DateTime=2026-06-15T07:38:58.1910507Z
Restler Information: 0 : Request coverage (successful / total): 3 / 5
    DateTime=2026-06-15T07:38:58.2883908Z
Restler Information: 0 : Attempted requests: 5 / 5
    DateTime=2026-06-15T07:38:58.2885272Z
Restler Information: 0 : No bugs were found.
    DateTime=2026-06-15T07:38:58.2902400Z
Restler Information: 0 : See 'coverage_failures_to_investigate.txt' to investigate API coverage.
    DateTime=2026-06-15T07:38:58.3645767Z
Restler Information: 0 : Task Test succeeded.
    DateTime=2026-06-15T07:38:58.3674185Z
Restler Information: 0 : Collecting logs...
    DateTime=2026-06-15T07:38:58.9851274Z
