Restler Information: 0 : Starting task Test...
    DateTime=2026-06-15T10:07:48.6192459Z
Restler Information: 0 : Launching 'python.exe --version'
    DateTime=2026-06-15T10:07:50.0458485Z
Restler Information: 0 : Process execution terminated in 00:00:00.0502963 with exit code 0x0: 'python.exe --version'
    DateTime=2026-06-15T10:07:50.3339422Z
Restler Information: 0 : (19212) python.exe --version exited with code: 0
    DateTime=2026-06-15T10:07:50.3407806Z
Restler Information: 0 : Launching 'python.exe -B "C:\Users\RLJ\Desktop\study\restler_bin\restler\../engine/restler.py" --restler_grammar "C:\Users\RLJ\Desktop\study\restler_bin\parallel_runs\parallel-20260615-180748\batch_0\task_1_non_delete\grammar.py" --custom_mutations "C:\Users\RLJ\Desktop\study\restler_bin\parallel_runs\parallel-20260615-180748\batch_0\task_1_non_delete\dict.json" --set_version 9.3.1    --no_ssl   --settings "C:\Users\RLJ\Desktop\study\restler_bin\engine_settings.json"     --include_user_agent --no_tokens_in_logs t --garbage_collection_interval 30 --fuzzing_mode directed-smoke-test'
    DateTime=2026-06-15T10:07:50.3512975Z
Restler Information: 0 : Process execution terminated in 00:00:00.9347555 with exit code 0x0: 'python.exe -B "C:\Users\RLJ\Desktop\study\restler_bin\restler\../engine/restler.py" --restler_grammar "C:\Users\RLJ\Desktop\study\restler_bin\parallel_runs\parallel-20260615-180748\batch_0\task_1_non_delete\grammar.py" --custom_mutations "C:\Users\RLJ\Desktop\study\restler_bin\parallel_runs\parallel-20260615-180748\batch_0\task_1_non_delete\dict.json" --set_version 9.3.1    --no_ssl   --settings "C:\Users\RLJ\Desktop\study\restler_bin\engine_settings.json"     --include_user_agent --no_tokens_in_logs t --garbage_collection_interval 30 --fuzzing_mode directed-smoke-test'
    DateTime=2026-06-15T10:07:51.2863295Z
Restler Information: 0 : (23920) python.exe -B "C:\Users\RLJ\Desktop\study\restler_bin\restler\../engine/restler.py" --restler_grammar "C:\Users\RLJ\Desktop\study\restler_bin\parallel_runs\parallel-20260615-180748\batch_0\task_1_non_delete\grammar.py" --custom_mutations "C:\Users\RLJ\Desktop\study\restler_bin\parallel_runs\parallel-20260615-180748\batch_0\task_1_non_delete\dict.json" --set_version 9.3.1    --no_ssl   --settings "C:\Users\RLJ\Desktop\study\restler_bin\engine_settings.json"     --include_user_agent --no_tokens_in_logs t --garbage_collection_interval 30 --fuzzing_mode directed-smoke-test exited with code: 0
    DateTime=2026-06-15T10:07:51.2864768Z
Restler Information: 0 : Launching 'dotnet "C:\Users\RLJ\Desktop\study\restler_bin\restler\../resultsAnalyzer/Restler.ResultsAnalyzer.dll" analyze "C:\Users\RLJ\Desktop\study\restler_bin\parallel_runs\parallel-20260615-180748\batch_0\task_1_non_delete\Test" --output_dir "C:\Users\RLJ\Desktop\study\restler_bin\parallel_runs\parallel-20260615-180748\batch_0\task_1_non_delete\Test\ResponseBuckets" --dictionary_file "C:\Users\RLJ\Desktop\study\restler_bin\parallel_runs\parallel-20260615-180748\batch_0\task_1_non_delete\dict.json" --max_instances_per_bucket 10'
    DateTime=2026-06-15T10:07:51.3011227Z
Restler Information: 0 : Process execution terminated in 00:00:00.2245388 with exit code 0x1: 'dotnet "C:\Users\RLJ\Desktop\study\restler_bin\restler\../resultsAnalyzer/Restler.ResultsAnalyzer.dll" analyze "C:\Users\RLJ\Desktop\study\restler_bin\parallel_runs\parallel-20260615-180748\batch_0\task_1_non_delete\Test" --output_dir "C:\Users\RLJ\Desktop\study\restler_bin\parallel_runs\parallel-20260615-180748\batch_0\task_1_non_delete\Test\ResponseBuckets" --dictionary_file "C:\Users\RLJ\Desktop\study\restler_bin\parallel_runs\parallel-20260615-180748\batch_0\task_1_non_delete\dict.json" --max_instances_per_bucket 10'
    DateTime=2026-06-15T10:07:51.5257947Z
Restler Information: 0 : (17548) dotnet "C:\Users\RLJ\Desktop\study\restler_bin\restler\../resultsAnalyzer/Restler.ResultsAnalyzer.dll" analyze "C:\Users\RLJ\Desktop\study\restler_bin\parallel_runs\parallel-20260615-180748\batch_0\task_1_non_delete\Test" --output_dir "C:\Users\RLJ\Desktop\study\restler_bin\parallel_runs\parallel-20260615-180748\batch_0\task_1_non_delete\Test\ResponseBuckets" --dictionary_file "C:\Users\RLJ\Desktop\study\restler_bin\parallel_runs\parallel-20260615-180748\batch_0\task_1_non_delete\dict.json" --max_instances_per_bucket 10 exited with code: 1
    DateTime=2026-06-15T10:07:51.5259653Z
Restler Error: 0 : Results analyzer for logs in C:\Users\RLJ\Desktop\study\restler_bin\parallel_runs\parallel-20260615-180748\batch_0\task_1_non_delete\Test failed.
    DateTime=2026-06-15T10:07:51.5314455Z
Restler Information: 0 : Request coverage (successful / total): 4 / 4
    DateTime=2026-06-15T10:07:51.6214016Z
Restler Information: 0 : Attempted requests: 4 / 4
    DateTime=2026-06-15T10:07:51.6214780Z
Restler Information: 0 : No bugs were found.
    DateTime=2026-06-15T10:07:51.6230235Z
Restler Information: 0 : Task Test succeeded.
    DateTime=2026-06-15T10:07:51.6328681Z
Restler Information: 0 : Collecting logs...
    DateTime=2026-06-15T10:07:52.0325717Z
