Restler Information: 0 : Starting task Test...
    DateTime=2026-06-15T09:16:51.2676021Z
Restler Information: 0 : Launching 'python.exe --version'
    DateTime=2026-06-15T09:16:52.6914821Z
Restler Information: 0 : Process execution terminated in 00:00:00.0364987 with exit code 0x0: 'python.exe --version'
    DateTime=2026-06-15T09:16:52.9091176Z
Restler Information: 0 : (25552) python.exe --version exited with code: 0
    DateTime=2026-06-15T09:16:52.9147149Z
Restler Information: 0 : Launching 'python.exe -B "C:\Users\RLJ\Desktop\study\restler_bin\restler\../engine/restler.py" --restler_grammar "C:\Users\RLJ\Desktop\study\restler_bin\combined_runs\semantic-parallel-20260615-171324\parallel_runs\parallel-20260615-171636\batch_2\task_5\grammar.py" --custom_mutations "C:\Users\RLJ\Desktop\study\restler_bin\combined_runs\semantic-parallel-20260615-171324\parallel_runs\parallel-20260615-171636\batch_2\task_5\dict.json" --set_version 9.3.1    --no_ssl   --settings "C:\Users\RLJ\Desktop\study\restler_bin\engine_settings.json"     --include_user_agent --no_tokens_in_logs t --garbage_collection_interval 30 --fuzzing_mode directed-smoke-test'
    DateTime=2026-06-15T09:16:52.9245957Z
Restler Information: 0 : Process execution terminated in 00:00:02.9413481 with exit code 0x0: 'python.exe -B "C:\Users\RLJ\Desktop\study\restler_bin\restler\../engine/restler.py" --restler_grammar "C:\Users\RLJ\Desktop\study\restler_bin\combined_runs\semantic-parallel-20260615-171324\parallel_runs\parallel-20260615-171636\batch_2\task_5\grammar.py" --custom_mutations "C:\Users\RLJ\Desktop\study\restler_bin\combined_runs\semantic-parallel-20260615-171324\parallel_runs\parallel-20260615-171636\batch_2\task_5\dict.json" --set_version 9.3.1    --no_ssl   --settings "C:\Users\RLJ\Desktop\study\restler_bin\engine_settings.json"     --include_user_agent --no_tokens_in_logs t --garbage_collection_interval 30 --fuzzing_mode directed-smoke-test'
    DateTime=2026-06-15T09:16:55.8660728Z
Restler Information: 0 : (11016) python.exe -B "C:\Users\RLJ\Desktop\study\restler_bin\restler\../engine/restler.py" --restler_grammar "C:\Users\RLJ\Desktop\study\restler_bin\combined_runs\semantic-parallel-20260615-171324\parallel_runs\parallel-20260615-171636\batch_2\task_5\grammar.py" --custom_mutations "C:\Users\RLJ\Desktop\study\restler_bin\combined_runs\semantic-parallel-20260615-171324\parallel_runs\parallel-20260615-171636\batch_2\task_5\dict.json" --set_version 9.3.1    --no_ssl   --settings "C:\Users\RLJ\Desktop\study\restler_bin\engine_settings.json"     --include_user_agent --no_tokens_in_logs t --garbage_collection_interval 30 --fuzzing_mode directed-smoke-test exited with code: 0
    DateTime=2026-06-15T09:16:55.8661530Z
Restler Information: 0 : Launching 'dotnet "C:\Users\RLJ\Desktop\study\restler_bin\restler\../resultsAnalyzer/Restler.ResultsAnalyzer.dll" analyze "C:\Users\RLJ\Desktop\study\restler_bin\combined_runs\semantic-parallel-20260615-171324\parallel_runs\parallel-20260615-171636\batch_2\task_5\Test" --output_dir "C:\Users\RLJ\Desktop\study\restler_bin\combined_runs\semantic-parallel-20260615-171324\parallel_runs\parallel-20260615-171636\batch_2\task_5\Test\ResponseBuckets" --dictionary_file "C:\Users\RLJ\Desktop\study\restler_bin\combined_runs\semantic-parallel-20260615-171324\parallel_runs\parallel-20260615-171636\batch_2\task_5\dict.json" --max_instances_per_bucket 10'
    DateTime=2026-06-15T09:16:55.8774392Z
Restler Information: 0 : Process execution terminated in 00:00:00.2467395 with exit code 0x1: 'dotnet "C:\Users\RLJ\Desktop\study\restler_bin\restler\../resultsAnalyzer/Restler.ResultsAnalyzer.dll" analyze "C:\Users\RLJ\Desktop\study\restler_bin\combined_runs\semantic-parallel-20260615-171324\parallel_runs\parallel-20260615-171636\batch_2\task_5\Test" --output_dir "C:\Users\RLJ\Desktop\study\restler_bin\combined_runs\semantic-parallel-20260615-171324\parallel_runs\parallel-20260615-171636\batch_2\task_5\Test\ResponseBuckets" --dictionary_file "C:\Users\RLJ\Desktop\study\restler_bin\combined_runs\semantic-parallel-20260615-171324\parallel_runs\parallel-20260615-171636\batch_2\task_5\dict.json" --max_instances_per_bucket 10'
    DateTime=2026-06-15T09:16:56.1243948Z
Restler Information: 0 : (17648) dotnet "C:\Users\RLJ\Desktop\study\restler_bin\restler\../resultsAnalyzer/Restler.ResultsAnalyzer.dll" analyze "C:\Users\RLJ\Desktop\study\restler_bin\combined_runs\semantic-parallel-20260615-171324\parallel_runs\parallel-20260615-171636\batch_2\task_5\Test" --output_dir "C:\Users\RLJ\Desktop\study\restler_bin\combined_runs\semantic-parallel-20260615-171324\parallel_runs\parallel-20260615-171636\batch_2\task_5\Test\ResponseBuckets" --dictionary_file "C:\Users\RLJ\Desktop\study\restler_bin\combined_runs\semantic-parallel-20260615-171324\parallel_runs\parallel-20260615-171636\batch_2\task_5\dict.json" --max_instances_per_bucket 10 exited with code: 1
    DateTime=2026-06-15T09:16:56.1244798Z
Restler Error: 0 : Results analyzer for logs in C:\Users\RLJ\Desktop\study\restler_bin\combined_runs\semantic-parallel-20260615-171324\parallel_runs\parallel-20260615-171636\batch_2\task_5\Test failed.
    DateTime=2026-06-15T09:16:56.1305511Z
Restler Information: 0 : Request coverage (successful / total): 2 / 5
    DateTime=2026-06-15T09:16:56.2316205Z
Restler Information: 0 : Attempted requests: 5 / 5
    DateTime=2026-06-15T09:16:56.2316974Z
Restler Information: 0 : No bugs were found.
    DateTime=2026-06-15T09:16:56.2336462Z
Restler Information: 0 : See 'coverage_failures_to_investigate.txt' to investigate API coverage.
    DateTime=2026-06-15T09:16:56.3012922Z
Restler Information: 0 : Task Test succeeded.
    DateTime=2026-06-15T09:16:56.3034888Z
Restler Information: 0 : Collecting logs...
    DateTime=2026-06-15T09:16:56.7132899Z
