Restler Information: 0 : Starting task Test...
    DateTime=2026-06-15T10:10:02.8707840Z
Restler Information: 0 : Launching 'python.exe --version'
    DateTime=2026-06-15T10:10:04.1997566Z
Restler Information: 0 : Process execution terminated in 00:00:00.0457044 with exit code 0x0: 'python.exe --version'
    DateTime=2026-06-15T10:10:04.4302234Z
Restler Information: 0 : (7096) python.exe --version exited with code: 0
    DateTime=2026-06-15T10:10:04.4354749Z
Restler Information: 0 : Launching 'python.exe -B "C:\Users\RLJ\Desktop\study\restler_bin\restler\../engine/restler.py" --restler_grammar "C:\Users\RLJ\Desktop\study\restler_bin\parallel_runs\parallel-20260615-180950\batch_3\task_7_non_delete\grammar.py" --custom_mutations "C:\Users\RLJ\Desktop\study\restler_bin\parallel_runs\parallel-20260615-180950\batch_3\task_7_non_delete\dict.json" --set_version 9.3.1    --no_ssl   --settings "C:\Users\RLJ\Desktop\study\restler_bin\engine_settings.json"     --include_user_agent --no_tokens_in_logs t --garbage_collection_interval 30 --fuzzing_mode directed-smoke-test'
    DateTime=2026-06-15T10:10:04.4474599Z
Restler Information: 0 : Process execution terminated in 00:00:00.6806126 with exit code 0x0: 'python.exe -B "C:\Users\RLJ\Desktop\study\restler_bin\restler\../engine/restler.py" --restler_grammar "C:\Users\RLJ\Desktop\study\restler_bin\parallel_runs\parallel-20260615-180950\batch_3\task_7_non_delete\grammar.py" --custom_mutations "C:\Users\RLJ\Desktop\study\restler_bin\parallel_runs\parallel-20260615-180950\batch_3\task_7_non_delete\dict.json" --set_version 9.3.1    --no_ssl   --settings "C:\Users\RLJ\Desktop\study\restler_bin\engine_settings.json"     --include_user_agent --no_tokens_in_logs t --garbage_collection_interval 30 --fuzzing_mode directed-smoke-test'
    DateTime=2026-06-15T10:10:05.1282360Z
Restler Information: 0 : (11876) python.exe -B "C:\Users\RLJ\Desktop\study\restler_bin\restler\../engine/restler.py" --restler_grammar "C:\Users\RLJ\Desktop\study\restler_bin\parallel_runs\parallel-20260615-180950\batch_3\task_7_non_delete\grammar.py" --custom_mutations "C:\Users\RLJ\Desktop\study\restler_bin\parallel_runs\parallel-20260615-180950\batch_3\task_7_non_delete\dict.json" --set_version 9.3.1    --no_ssl   --settings "C:\Users\RLJ\Desktop\study\restler_bin\engine_settings.json"     --include_user_agent --no_tokens_in_logs t --garbage_collection_interval 30 --fuzzing_mode directed-smoke-test exited with code: 0
    DateTime=2026-06-15T10:10:05.1283449Z
Restler Information: 0 : Launching 'dotnet "C:\Users\RLJ\Desktop\study\restler_bin\restler\../resultsAnalyzer/Restler.ResultsAnalyzer.dll" analyze "C:\Users\RLJ\Desktop\study\restler_bin\parallel_runs\parallel-20260615-180950\batch_3\task_7_non_delete\Test" --output_dir "C:\Users\RLJ\Desktop\study\restler_bin\parallel_runs\parallel-20260615-180950\batch_3\task_7_non_delete\Test\ResponseBuckets" --dictionary_file "C:\Users\RLJ\Desktop\study\restler_bin\parallel_runs\parallel-20260615-180950\batch_3\task_7_non_delete\dict.json" --max_instances_per_bucket 10'
    DateTime=2026-06-15T10:10:05.1396273Z
Restler Information: 0 : Process execution terminated in 00:00:00.2459624 with exit code 0x1: 'dotnet "C:\Users\RLJ\Desktop\study\restler_bin\restler\../resultsAnalyzer/Restler.ResultsAnalyzer.dll" analyze "C:\Users\RLJ\Desktop\study\restler_bin\parallel_runs\parallel-20260615-180950\batch_3\task_7_non_delete\Test" --output_dir "C:\Users\RLJ\Desktop\study\restler_bin\parallel_runs\parallel-20260615-180950\batch_3\task_7_non_delete\Test\ResponseBuckets" --dictionary_file "C:\Users\RLJ\Desktop\study\restler_bin\parallel_runs\parallel-20260615-180950\batch_3\task_7_non_delete\dict.json" --max_instances_per_bucket 10'
    DateTime=2026-06-15T10:10:05.3856911Z
Restler Information: 0 : (24164) dotnet "C:\Users\RLJ\Desktop\study\restler_bin\restler\../resultsAnalyzer/Restler.ResultsAnalyzer.dll" analyze "C:\Users\RLJ\Desktop\study\restler_bin\parallel_runs\parallel-20260615-180950\batch_3\task_7_non_delete\Test" --output_dir "C:\Users\RLJ\Desktop\study\restler_bin\parallel_runs\parallel-20260615-180950\batch_3\task_7_non_delete\Test\ResponseBuckets" --dictionary_file "C:\Users\RLJ\Desktop\study\restler_bin\parallel_runs\parallel-20260615-180950\batch_3\task_7_non_delete\dict.json" --max_instances_per_bucket 10 exited with code: 1
    DateTime=2026-06-15T10:10:05.3857908Z
Restler Error: 0 : Results analyzer for logs in C:\Users\RLJ\Desktop\study\restler_bin\parallel_runs\parallel-20260615-180950\batch_3\task_7_non_delete\Test failed.
    DateTime=2026-06-15T10:10:05.3915305Z
Restler Information: 0 : Request coverage (successful / total): 1 / 1
    DateTime=2026-06-15T10:10:05.4875409Z
Restler Information: 0 : Attempted requests: 1 / 1
    DateTime=2026-06-15T10:10:05.4876032Z
Restler Information: 0 : No bugs were found.
    DateTime=2026-06-15T10:10:05.4891229Z
Restler Information: 0 : Task Test succeeded.
    DateTime=2026-06-15T10:10:05.4998879Z
Restler Information: 0 : Collecting logs...
    DateTime=2026-06-15T10:10:05.9707538Z
