Restler Information: 0 : Starting task Test...
    DateTime=2026-06-15T09:37:26.6886531Z
Restler Information: 0 : Launching 'python.exe --version'
    DateTime=2026-06-15T09:37:28.0384634Z
Restler Information: 0 : Process execution terminated in 00:00:00.0472452 with exit code 0x0: 'python.exe --version'
    DateTime=2026-06-15T09:37:28.2956187Z
Restler Information: 0 : (2980) python.exe --version exited with code: 0
    DateTime=2026-06-15T09:37:28.3015418Z
Restler Information: 0 : Launching 'python.exe -B "C:\Users\RLJ\Desktop\study\restler_bin\restler\../engine/restler.py" --restler_grammar "C:\Users\RLJ\Desktop\study\restler_bin\parallel_runs\parallel-20260615-173709\batch_3\task_7\grammar.py" --custom_mutations "C:\Users\RLJ\Desktop\study\restler_bin\parallel_runs\parallel-20260615-173709\batch_3\task_7\dict.json" --set_version 9.3.1    --no_ssl   --settings "C:\Users\RLJ\Desktop\study\restler_bin\engine_settings.json"     --include_user_agent --no_tokens_in_logs t --garbage_collection_interval 30 --fuzzing_mode directed-smoke-test'
    DateTime=2026-06-15T09:37:28.3139490Z
Restler Information: 0 : Process execution terminated in 00:00:00.7658973 with exit code 0x0: 'python.exe -B "C:\Users\RLJ\Desktop\study\restler_bin\restler\../engine/restler.py" --restler_grammar "C:\Users\RLJ\Desktop\study\restler_bin\parallel_runs\parallel-20260615-173709\batch_3\task_7\grammar.py" --custom_mutations "C:\Users\RLJ\Desktop\study\restler_bin\parallel_runs\parallel-20260615-173709\batch_3\task_7\dict.json" --set_version 9.3.1    --no_ssl   --settings "C:\Users\RLJ\Desktop\study\restler_bin\engine_settings.json"     --include_user_agent --no_tokens_in_logs t --garbage_collection_interval 30 --fuzzing_mode directed-smoke-test'
    DateTime=2026-06-15T09:37:29.0799617Z
Restler Information: 0 : (14420) python.exe -B "C:\Users\RLJ\Desktop\study\restler_bin\restler\../engine/restler.py" --restler_grammar "C:\Users\RLJ\Desktop\study\restler_bin\parallel_runs\parallel-20260615-173709\batch_3\task_7\grammar.py" --custom_mutations "C:\Users\RLJ\Desktop\study\restler_bin\parallel_runs\parallel-20260615-173709\batch_3\task_7\dict.json" --set_version 9.3.1    --no_ssl   --settings "C:\Users\RLJ\Desktop\study\restler_bin\engine_settings.json"     --include_user_agent --no_tokens_in_logs t --garbage_collection_interval 30 --fuzzing_mode directed-smoke-test exited with code: 0
    DateTime=2026-06-15T09:37:29.0800401Z
Restler Information: 0 : Launching 'dotnet "C:\Users\RLJ\Desktop\study\restler_bin\restler\../resultsAnalyzer/Restler.ResultsAnalyzer.dll" analyze "C:\Users\RLJ\Desktop\study\restler_bin\parallel_runs\parallel-20260615-173709\batch_3\task_7\Test" --output_dir "C:\Users\RLJ\Desktop\study\restler_bin\parallel_runs\parallel-20260615-173709\batch_3\task_7\Test\ResponseBuckets" --dictionary_file "C:\Users\RLJ\Desktop\study\restler_bin\parallel_runs\parallel-20260615-173709\batch_3\task_7\dict.json" --max_instances_per_bucket 10'
    DateTime=2026-06-15T09:37:29.0913474Z
Restler Information: 0 : Process execution terminated in 00:00:00.2527562 with exit code 0x1: 'dotnet "C:\Users\RLJ\Desktop\study\restler_bin\restler\../resultsAnalyzer/Restler.ResultsAnalyzer.dll" analyze "C:\Users\RLJ\Desktop\study\restler_bin\parallel_runs\parallel-20260615-173709\batch_3\task_7\Test" --output_dir "C:\Users\RLJ\Desktop\study\restler_bin\parallel_runs\parallel-20260615-173709\batch_3\task_7\Test\ResponseBuckets" --dictionary_file "C:\Users\RLJ\Desktop\study\restler_bin\parallel_runs\parallel-20260615-173709\batch_3\task_7\dict.json" --max_instances_per_bucket 10'
    DateTime=2026-06-15T09:37:29.3443582Z
Restler Information: 0 : (24312) dotnet "C:\Users\RLJ\Desktop\study\restler_bin\restler\../resultsAnalyzer/Restler.ResultsAnalyzer.dll" analyze "C:\Users\RLJ\Desktop\study\restler_bin\parallel_runs\parallel-20260615-173709\batch_3\task_7\Test" --output_dir "C:\Users\RLJ\Desktop\study\restler_bin\parallel_runs\parallel-20260615-173709\batch_3\task_7\Test\ResponseBuckets" --dictionary_file "C:\Users\RLJ\Desktop\study\restler_bin\parallel_runs\parallel-20260615-173709\batch_3\task_7\dict.json" --max_instances_per_bucket 10 exited with code: 1
    DateTime=2026-06-15T09:37:29.3444789Z
Restler Error: 0 : Results analyzer for logs in C:\Users\RLJ\Desktop\study\restler_bin\parallel_runs\parallel-20260615-173709\batch_3\task_7\Test failed.
    DateTime=2026-06-15T09:37:29.3494294Z
Restler Information: 0 : Request coverage (successful / total): 1 / 1
    DateTime=2026-06-15T09:37:29.4443295Z
Restler Information: 0 : Attempted requests: 1 / 1
    DateTime=2026-06-15T09:37:29.4444127Z
Restler Information: 0 : No bugs were found.
    DateTime=2026-06-15T09:37:29.4463769Z
Restler Information: 0 : Task Test succeeded.
    DateTime=2026-06-15T09:37:29.4585105Z
Restler Information: 0 : Collecting logs...
    DateTime=2026-06-15T09:37:29.9107631Z
