Restler Information: 0 : Starting task Test...
    DateTime=2026-06-15T09:36:36.8966870Z
Restler Information: 0 : Launching 'python.exe --version'
    DateTime=2026-06-15T09:36:38.2447840Z
Restler Information: 0 : Process execution terminated in 00:00:00.0388304 with exit code 0x0: 'python.exe --version'
    DateTime=2026-06-15T09:36:38.4626522Z
Restler Information: 0 : (17604) python.exe --version exited with code: 0
    DateTime=2026-06-15T09:36:38.4671600Z
Restler Information: 0 : Launching 'python.exe -B "C:\Users\RLJ\Desktop\study\restler_bin\restler\../engine/restler.py" --restler_grammar "C:\Users\RLJ\Desktop\study\restler_bin\parallel_runs\parallel-20260615-173615\batch_3\task_6\grammar.py" --custom_mutations "C:\Users\RLJ\Desktop\study\restler_bin\parallel_runs\parallel-20260615-173615\batch_3\task_6\dict.json" --set_version 9.3.1    --no_ssl   --settings "C:\Users\RLJ\Desktop\study\restler_bin\engine_settings.json"     --include_user_agent --no_tokens_in_logs t --garbage_collection_interval 30 --fuzzing_mode directed-smoke-test'
    DateTime=2026-06-15T09:36:38.4765188Z
Restler Information: 0 : Process execution terminated in 00:00:02.9561877 with exit code 0x0: 'python.exe -B "C:\Users\RLJ\Desktop\study\restler_bin\restler\../engine/restler.py" --restler_grammar "C:\Users\RLJ\Desktop\study\restler_bin\parallel_runs\parallel-20260615-173615\batch_3\task_6\grammar.py" --custom_mutations "C:\Users\RLJ\Desktop\study\restler_bin\parallel_runs\parallel-20260615-173615\batch_3\task_6\dict.json" --set_version 9.3.1    --no_ssl   --settings "C:\Users\RLJ\Desktop\study\restler_bin\engine_settings.json"     --include_user_agent --no_tokens_in_logs t --garbage_collection_interval 30 --fuzzing_mode directed-smoke-test'
    DateTime=2026-06-15T09:36:41.4328320Z
Restler Information: 0 : (12880) python.exe -B "C:\Users\RLJ\Desktop\study\restler_bin\restler\../engine/restler.py" --restler_grammar "C:\Users\RLJ\Desktop\study\restler_bin\parallel_runs\parallel-20260615-173615\batch_3\task_6\grammar.py" --custom_mutations "C:\Users\RLJ\Desktop\study\restler_bin\parallel_runs\parallel-20260615-173615\batch_3\task_6\dict.json" --set_version 9.3.1    --no_ssl   --settings "C:\Users\RLJ\Desktop\study\restler_bin\engine_settings.json"     --include_user_agent --no_tokens_in_logs t --garbage_collection_interval 30 --fuzzing_mode directed-smoke-test exited with code: 0
    DateTime=2026-06-15T09:36:41.4329328Z
Restler Information: 0 : Launching 'dotnet "C:\Users\RLJ\Desktop\study\restler_bin\restler\../resultsAnalyzer/Restler.ResultsAnalyzer.dll" analyze "C:\Users\RLJ\Desktop\study\restler_bin\parallel_runs\parallel-20260615-173615\batch_3\task_6\Test" --output_dir "C:\Users\RLJ\Desktop\study\restler_bin\parallel_runs\parallel-20260615-173615\batch_3\task_6\Test\ResponseBuckets" --dictionary_file "C:\Users\RLJ\Desktop\study\restler_bin\parallel_runs\parallel-20260615-173615\batch_3\task_6\dict.json" --max_instances_per_bucket 10'
    DateTime=2026-06-15T09:36:41.4443832Z
Restler Information: 0 : Process execution terminated in 00:00:00.2358566 with exit code 0x1: 'dotnet "C:\Users\RLJ\Desktop\study\restler_bin\restler\../resultsAnalyzer/Restler.ResultsAnalyzer.dll" analyze "C:\Users\RLJ\Desktop\study\restler_bin\parallel_runs\parallel-20260615-173615\batch_3\task_6\Test" --output_dir "C:\Users\RLJ\Desktop\study\restler_bin\parallel_runs\parallel-20260615-173615\batch_3\task_6\Test\ResponseBuckets" --dictionary_file "C:\Users\RLJ\Desktop\study\restler_bin\parallel_runs\parallel-20260615-173615\batch_3\task_6\dict.json" --max_instances_per_bucket 10'
    DateTime=2026-06-15T09:36:41.6804156Z
Restler Information: 0 : (8968) dotnet "C:\Users\RLJ\Desktop\study\restler_bin\restler\../resultsAnalyzer/Restler.ResultsAnalyzer.dll" analyze "C:\Users\RLJ\Desktop\study\restler_bin\parallel_runs\parallel-20260615-173615\batch_3\task_6\Test" --output_dir "C:\Users\RLJ\Desktop\study\restler_bin\parallel_runs\parallel-20260615-173615\batch_3\task_6\Test\ResponseBuckets" --dictionary_file "C:\Users\RLJ\Desktop\study\restler_bin\parallel_runs\parallel-20260615-173615\batch_3\task_6\dict.json" --max_instances_per_bucket 10 exited with code: 1
    DateTime=2026-06-15T09:36:41.6805698Z
Restler Error: 0 : Results analyzer for logs in C:\Users\RLJ\Desktop\study\restler_bin\parallel_runs\parallel-20260615-173615\batch_3\task_6\Test failed.
    DateTime=2026-06-15T09:36:41.6856460Z
Restler Information: 0 : Request coverage (successful / total): 2 / 5
    DateTime=2026-06-15T09:36:41.7620483Z
Restler Information: 0 : Attempted requests: 5 / 5
    DateTime=2026-06-15T09:36:41.7621089Z
Restler Information: 0 : No bugs were found.
    DateTime=2026-06-15T09:36:41.7636695Z
Restler Information: 0 : See 'coverage_failures_to_investigate.txt' to investigate API coverage.
    DateTime=2026-06-15T09:36:41.8249574Z
Restler Information: 0 : Task Test succeeded.
    DateTime=2026-06-15T09:36:41.8273156Z
Restler Information: 0 : Collecting logs...
    DateTime=2026-06-15T09:36:42.3143203Z
