Restler Information: 0 : Starting task Test...
    DateTime=2026-06-15T09:39:28.5785175Z
Restler Information: 0 : Launching 'python.exe --version'
    DateTime=2026-06-15T09:39:29.9304984Z
Restler Information: 0 : Process execution terminated in 00:00:00.0361084 with exit code 0x0: 'python.exe --version'
    DateTime=2026-06-15T09:39:30.1477371Z
Restler Information: 0 : (7188) python.exe --version exited with code: 0
    DateTime=2026-06-15T09:39:30.1533276Z
Restler Information: 0 : Launching 'python.exe -B "C:\Users\RLJ\Desktop\study\restler_bin\restler\../engine/restler.py" --restler_grammar "C:\Users\RLJ\Desktop\study\restler_bin\parallel_runs\parallel-20260615-173921\batch_1\task_2\grammar.py" --custom_mutations "C:\Users\RLJ\Desktop\study\restler_bin\parallel_runs\parallel-20260615-173921\batch_1\task_2\dict.json" --set_version 9.3.1    --no_ssl   --settings "C:\Users\RLJ\Desktop\study\restler_bin\engine_settings.json"     --include_user_agent --no_tokens_in_logs t --garbage_collection_interval 30 --fuzzing_mode directed-smoke-test'
    DateTime=2026-06-15T09:39:30.1639010Z
Restler Information: 0 : Process execution terminated in 00:00:02.3381068 with exit code 0x0: 'python.exe -B "C:\Users\RLJ\Desktop\study\restler_bin\restler\../engine/restler.py" --restler_grammar "C:\Users\RLJ\Desktop\study\restler_bin\parallel_runs\parallel-20260615-173921\batch_1\task_2\grammar.py" --custom_mutations "C:\Users\RLJ\Desktop\study\restler_bin\parallel_runs\parallel-20260615-173921\batch_1\task_2\dict.json" --set_version 9.3.1    --no_ssl   --settings "C:\Users\RLJ\Desktop\study\restler_bin\engine_settings.json"     --include_user_agent --no_tokens_in_logs t --garbage_collection_interval 30 --fuzzing_mode directed-smoke-test'
    DateTime=2026-06-15T09:39:32.5022096Z
Restler Information: 0 : (19120) python.exe -B "C:\Users\RLJ\Desktop\study\restler_bin\restler\../engine/restler.py" --restler_grammar "C:\Users\RLJ\Desktop\study\restler_bin\parallel_runs\parallel-20260615-173921\batch_1\task_2\grammar.py" --custom_mutations "C:\Users\RLJ\Desktop\study\restler_bin\parallel_runs\parallel-20260615-173921\batch_1\task_2\dict.json" --set_version 9.3.1    --no_ssl   --settings "C:\Users\RLJ\Desktop\study\restler_bin\engine_settings.json"     --include_user_agent --no_tokens_in_logs t --garbage_collection_interval 30 --fuzzing_mode directed-smoke-test exited with code: 0
    DateTime=2026-06-15T09:39:32.5022995Z
Restler Information: 0 : Launching 'dotnet "C:\Users\RLJ\Desktop\study\restler_bin\restler\../resultsAnalyzer/Restler.ResultsAnalyzer.dll" analyze "C:\Users\RLJ\Desktop\study\restler_bin\parallel_runs\parallel-20260615-173921\batch_1\task_2\Test" --output_dir "C:\Users\RLJ\Desktop\study\restler_bin\parallel_runs\parallel-20260615-173921\batch_1\task_2\Test\ResponseBuckets" --dictionary_file "C:\Users\RLJ\Desktop\study\restler_bin\parallel_runs\parallel-20260615-173921\batch_1\task_2\dict.json" --max_instances_per_bucket 10'
    DateTime=2026-06-15T09:39:32.5151200Z
Restler Information: 0 : Process execution terminated in 00:00:00.2541168 with exit code 0x1: 'dotnet "C:\Users\RLJ\Desktop\study\restler_bin\restler\../resultsAnalyzer/Restler.ResultsAnalyzer.dll" analyze "C:\Users\RLJ\Desktop\study\restler_bin\parallel_runs\parallel-20260615-173921\batch_1\task_2\Test" --output_dir "C:\Users\RLJ\Desktop\study\restler_bin\parallel_runs\parallel-20260615-173921\batch_1\task_2\Test\ResponseBuckets" --dictionary_file "C:\Users\RLJ\Desktop\study\restler_bin\parallel_runs\parallel-20260615-173921\batch_1\task_2\dict.json" --max_instances_per_bucket 10'
    DateTime=2026-06-15T09:39:32.7694184Z
Restler Information: 0 : (11044) dotnet "C:\Users\RLJ\Desktop\study\restler_bin\restler\../resultsAnalyzer/Restler.ResultsAnalyzer.dll" analyze "C:\Users\RLJ\Desktop\study\restler_bin\parallel_runs\parallel-20260615-173921\batch_1\task_2\Test" --output_dir "C:\Users\RLJ\Desktop\study\restler_bin\parallel_runs\parallel-20260615-173921\batch_1\task_2\Test\ResponseBuckets" --dictionary_file "C:\Users\RLJ\Desktop\study\restler_bin\parallel_runs\parallel-20260615-173921\batch_1\task_2\dict.json" --max_instances_per_bucket 10 exited with code: 1
    DateTime=2026-06-15T09:39:32.7695803Z
Restler Error: 0 : Results analyzer for logs in C:\Users\RLJ\Desktop\study\restler_bin\parallel_runs\parallel-20260615-173921\batch_1\task_2\Test failed.
    DateTime=2026-06-15T09:39:32.7759876Z
Restler Information: 0 : Request coverage (successful / total): 1 / 5
    DateTime=2026-06-15T09:39:32.8775001Z
Restler Information: 0 : Attempted requests: 5 / 5
    DateTime=2026-06-15T09:39:32.8775534Z
Restler Information: 0 : No bugs were found.
    DateTime=2026-06-15T09:39:32.8789804Z
Restler Information: 0 : See 'coverage_failures_to_investigate.txt' to investigate API coverage.
    DateTime=2026-06-15T09:39:32.9492367Z
Restler Information: 0 : Task Test succeeded.
    DateTime=2026-06-15T09:39:32.9527106Z
Restler Information: 0 : Collecting logs...
    DateTime=2026-06-15T09:39:33.4247652Z
