Restler Information: 0 : Starting task Test...
    DateTime=2026-06-15T09:37:21.7704510Z
Restler Information: 0 : Launching 'python.exe --version'
    DateTime=2026-06-15T09:37:23.1354165Z
Restler Information: 0 : Process execution terminated in 00:00:00.0474234 with exit code 0x0: 'python.exe --version'
    DateTime=2026-06-15T09:37:23.3794837Z
Restler Information: 0 : (22908) python.exe --version exited with code: 0
    DateTime=2026-06-15T09:37:23.3848397Z
Restler Information: 0 : Launching 'python.exe -B "C:\Users\RLJ\Desktop\study\restler_bin\restler\../engine/restler.py" --restler_grammar "C:\Users\RLJ\Desktop\study\restler_bin\parallel_runs\parallel-20260615-173709\batch_2\task_5\grammar.py" --custom_mutations "C:\Users\RLJ\Desktop\study\restler_bin\parallel_runs\parallel-20260615-173709\batch_2\task_5\dict.json" --set_version 9.3.1    --no_ssl   --settings "C:\Users\RLJ\Desktop\study\restler_bin\engine_settings.json"     --include_user_agent --no_tokens_in_logs t --garbage_collection_interval 30 --fuzzing_mode directed-smoke-test'
    DateTime=2026-06-15T09:37:23.3968262Z
Restler Information: 0 : Process execution terminated in 00:00:02.1177467 with exit code 0x0: 'python.exe -B "C:\Users\RLJ\Desktop\study\restler_bin\restler\../engine/restler.py" --restler_grammar "C:\Users\RLJ\Desktop\study\restler_bin\parallel_runs\parallel-20260615-173709\batch_2\task_5\grammar.py" --custom_mutations "C:\Users\RLJ\Desktop\study\restler_bin\parallel_runs\parallel-20260615-173709\batch_2\task_5\dict.json" --set_version 9.3.1    --no_ssl   --settings "C:\Users\RLJ\Desktop\study\restler_bin\engine_settings.json"     --include_user_agent --no_tokens_in_logs t --garbage_collection_interval 30 --fuzzing_mode directed-smoke-test'
    DateTime=2026-06-15T09:37:25.5147540Z
Restler Information: 0 : (16372) python.exe -B "C:\Users\RLJ\Desktop\study\restler_bin\restler\../engine/restler.py" --restler_grammar "C:\Users\RLJ\Desktop\study\restler_bin\parallel_runs\parallel-20260615-173709\batch_2\task_5\grammar.py" --custom_mutations "C:\Users\RLJ\Desktop\study\restler_bin\parallel_runs\parallel-20260615-173709\batch_2\task_5\dict.json" --set_version 9.3.1    --no_ssl   --settings "C:\Users\RLJ\Desktop\study\restler_bin\engine_settings.json"     --include_user_agent --no_tokens_in_logs t --garbage_collection_interval 30 --fuzzing_mode directed-smoke-test exited with code: 0
    DateTime=2026-06-15T09:37:25.5148826Z
Restler Information: 0 : Launching 'dotnet "C:\Users\RLJ\Desktop\study\restler_bin\restler\../resultsAnalyzer/Restler.ResultsAnalyzer.dll" analyze "C:\Users\RLJ\Desktop\study\restler_bin\parallel_runs\parallel-20260615-173709\batch_2\task_5\Test" --output_dir "C:\Users\RLJ\Desktop\study\restler_bin\parallel_runs\parallel-20260615-173709\batch_2\task_5\Test\ResponseBuckets" --dictionary_file "C:\Users\RLJ\Desktop\study\restler_bin\parallel_runs\parallel-20260615-173709\batch_2\task_5\dict.json" --max_instances_per_bucket 10'
    DateTime=2026-06-15T09:37:25.5282481Z
Restler Information: 0 : Process execution terminated in 00:00:00.2666982 with exit code 0x1: 'dotnet "C:\Users\RLJ\Desktop\study\restler_bin\restler\../resultsAnalyzer/Restler.ResultsAnalyzer.dll" analyze "C:\Users\RLJ\Desktop\study\restler_bin\parallel_runs\parallel-20260615-173709\batch_2\task_5\Test" --output_dir "C:\Users\RLJ\Desktop\study\restler_bin\parallel_runs\parallel-20260615-173709\batch_2\task_5\Test\ResponseBuckets" --dictionary_file "C:\Users\RLJ\Desktop\study\restler_bin\parallel_runs\parallel-20260615-173709\batch_2\task_5\dict.json" --max_instances_per_bucket 10'
    DateTime=2026-06-15T09:37:25.7950913Z
Restler Information: 0 : (19236) dotnet "C:\Users\RLJ\Desktop\study\restler_bin\restler\../resultsAnalyzer/Restler.ResultsAnalyzer.dll" analyze "C:\Users\RLJ\Desktop\study\restler_bin\parallel_runs\parallel-20260615-173709\batch_2\task_5\Test" --output_dir "C:\Users\RLJ\Desktop\study\restler_bin\parallel_runs\parallel-20260615-173709\batch_2\task_5\Test\ResponseBuckets" --dictionary_file "C:\Users\RLJ\Desktop\study\restler_bin\parallel_runs\parallel-20260615-173709\batch_2\task_5\dict.json" --max_instances_per_bucket 10 exited with code: 1
    DateTime=2026-06-15T09:37:25.7951561Z
Restler Error: 0 : Results analyzer for logs in C:\Users\RLJ\Desktop\study\restler_bin\parallel_runs\parallel-20260615-173709\batch_2\task_5\Test failed.
    DateTime=2026-06-15T09:37:25.8001436Z
Restler Information: 0 : Request coverage (successful / total): 3 / 5
    DateTime=2026-06-15T09:37:25.8958385Z
Restler Information: 0 : Attempted requests: 5 / 5
    DateTime=2026-06-15T09:37:25.8959047Z
Restler Information: 0 : No bugs were found.
    DateTime=2026-06-15T09:37:25.8975170Z
Restler Information: 0 : See 'coverage_failures_to_investigate.txt' to investigate API coverage.
    DateTime=2026-06-15T09:37:25.9689893Z
Restler Information: 0 : Task Test succeeded.
    DateTime=2026-06-15T09:37:25.9726805Z
Restler Information: 0 : Collecting logs...
    DateTime=2026-06-15T09:37:26.4228160Z
