Restler Information: 0 : Starting task Test...
    DateTime=2026-06-15T07:39:59.4922849Z
Restler Information: 0 : Launching 'python.exe --version'
    DateTime=2026-06-15T07:40:00.9123589Z
Restler Information: 0 : Process execution terminated in 00:00:00.0594604 with exit code 0x0: 'python.exe --version'
    DateTime=2026-06-15T07:40:01.2032055Z
Restler Information: 0 : (23968) python.exe --version exited with code: 0
    DateTime=2026-06-15T07:40:01.2099053Z
Restler Information: 0 : Launching 'python.exe -B "C:\Users\RLJ\Desktop\study\restler_bin\restler\../engine/restler.py" --restler_grammar "C:\Users\RLJ\Desktop\study\restler_bin\parallel_runs\parallel-20260615-153959\batch_0\task_0\grammar.py" --custom_mutations "C:\Users\RLJ\Desktop\study\restler_bin\parallel_runs\parallel-20260615-153959\batch_0\task_0\dict.json" --set_version 9.3.1    --no_ssl   --settings "C:\Users\RLJ\Desktop\study\restler_bin\engine_settings.json"     --include_user_agent --no_tokens_in_logs t --garbage_collection_interval 30 --fuzzing_mode directed-smoke-test'
    DateTime=2026-06-15T07:40:01.2252677Z
Restler Information: 0 : Process execution terminated in 00:00:04.4944511 with exit code 0x0: 'python.exe -B "C:\Users\RLJ\Desktop\study\restler_bin\restler\../engine/restler.py" --restler_grammar "C:\Users\RLJ\Desktop\study\restler_bin\parallel_runs\parallel-20260615-153959\batch_0\task_0\grammar.py" --custom_mutations "C:\Users\RLJ\Desktop\study\restler_bin\parallel_runs\parallel-20260615-153959\batch_0\task_0\dict.json" --set_version 9.3.1    --no_ssl   --settings "C:\Users\RLJ\Desktop\study\restler_bin\engine_settings.json"     --include_user_agent --no_tokens_in_logs t --garbage_collection_interval 30 --fuzzing_mode directed-smoke-test'
    DateTime=2026-06-15T07:40:05.7198380Z
Restler Information: 0 : (25056) python.exe -B "C:\Users\RLJ\Desktop\study\restler_bin\restler\../engine/restler.py" --restler_grammar "C:\Users\RLJ\Desktop\study\restler_bin\parallel_runs\parallel-20260615-153959\batch_0\task_0\grammar.py" --custom_mutations "C:\Users\RLJ\Desktop\study\restler_bin\parallel_runs\parallel-20260615-153959\batch_0\task_0\dict.json" --set_version 9.3.1    --no_ssl   --settings "C:\Users\RLJ\Desktop\study\restler_bin\engine_settings.json"     --include_user_agent --no_tokens_in_logs t --garbage_collection_interval 30 --fuzzing_mode directed-smoke-test exited with code: 0
    DateTime=2026-06-15T07:40:05.7199155Z
Restler Information: 0 : Launching 'dotnet "C:\Users\RLJ\Desktop\study\restler_bin\restler\../resultsAnalyzer/Restler.ResultsAnalyzer.dll" analyze "C:\Users\RLJ\Desktop\study\restler_bin\parallel_runs\parallel-20260615-153959\batch_0\task_0\Test" --output_dir "C:\Users\RLJ\Desktop\study\restler_bin\parallel_runs\parallel-20260615-153959\batch_0\task_0\Test\ResponseBuckets" --dictionary_file "C:\Users\RLJ\Desktop\study\restler_bin\parallel_runs\parallel-20260615-153959\batch_0\task_0\dict.json" --max_instances_per_bucket 10'
    DateTime=2026-06-15T07:40:05.7309252Z
Restler Information: 0 : Process execution terminated in 00:00:00.2414999 with exit code 0x1: 'dotnet "C:\Users\RLJ\Desktop\study\restler_bin\restler\../resultsAnalyzer/Restler.ResultsAnalyzer.dll" analyze "C:\Users\RLJ\Desktop\study\restler_bin\parallel_runs\parallel-20260615-153959\batch_0\task_0\Test" --output_dir "C:\Users\RLJ\Desktop\study\restler_bin\parallel_runs\parallel-20260615-153959\batch_0\task_0\Test\ResponseBuckets" --dictionary_file "C:\Users\RLJ\Desktop\study\restler_bin\parallel_runs\parallel-20260615-153959\batch_0\task_0\dict.json" --max_instances_per_bucket 10'
    DateTime=2026-06-15T07:40:05.9725650Z
Restler Information: 0 : (24268) dotnet "C:\Users\RLJ\Desktop\study\restler_bin\restler\../resultsAnalyzer/Restler.ResultsAnalyzer.dll" analyze "C:\Users\RLJ\Desktop\study\restler_bin\parallel_runs\parallel-20260615-153959\batch_0\task_0\Test" --output_dir "C:\Users\RLJ\Desktop\study\restler_bin\parallel_runs\parallel-20260615-153959\batch_0\task_0\Test\ResponseBuckets" --dictionary_file "C:\Users\RLJ\Desktop\study\restler_bin\parallel_runs\parallel-20260615-153959\batch_0\task_0\dict.json" --max_instances_per_bucket 10 exited with code: 1
    DateTime=2026-06-15T07:40:05.9726406Z
Restler Error: 0 : Results analyzer for logs in C:\Users\RLJ\Desktop\study\restler_bin\parallel_runs\parallel-20260615-153959\batch_0\task_0\Test failed.
    DateTime=2026-06-15T07:40:05.9765132Z
Restler Information: 0 : Request coverage (successful / total): 2 / 5
    DateTime=2026-06-15T07:40:06.0544788Z
Restler Information: 0 : Attempted requests: 5 / 5
    DateTime=2026-06-15T07:40:06.0545430Z
Restler Information: 0 : No bugs were found.
    DateTime=2026-06-15T07:40:06.0560279Z
Restler Information: 0 : See 'coverage_failures_to_investigate.txt' to investigate API coverage.
    DateTime=2026-06-15T07:40:06.1187228Z
Restler Information: 0 : Task Test succeeded.
    DateTime=2026-06-15T07:40:06.1209590Z
Restler Information: 0 : Collecting logs...
    DateTime=2026-06-15T07:40:06.6037547Z
