Restler Information: 0 : Starting task Test...
    DateTime=2026-06-15T07:38:47.5903687Z
Restler Information: 0 : Launching 'python.exe --version'
    DateTime=2026-06-15T07:38:49.2210402Z
Restler Information: 0 : Process execution terminated in 00:00:00.0474430 with exit code 0x0: 'python.exe --version'
    DateTime=2026-06-15T07:38:49.4550169Z
Restler Information: 0 : (23828) python.exe --version exited with code: 0
    DateTime=2026-06-15T07:38:49.4610926Z
Restler Information: 0 : Launching 'python.exe -B "C:\Users\RLJ\Desktop\study\restler_bin\restler\../engine/restler.py" --restler_grammar "C:\Users\RLJ\Desktop\study\restler_bin\parallel_runs\parallel-20260615-153842\batch_1\task_3\grammar.py" --custom_mutations "C:\Users\RLJ\Desktop\study\restler_bin\parallel_runs\parallel-20260615-153842\batch_1\task_3\dict.json" --set_version 9.3.1    --no_ssl   --settings "C:\Users\RLJ\Desktop\study\restler_bin\engine_settings.json"     --include_user_agent --no_tokens_in_logs t --garbage_collection_interval 30 --fuzzing_mode directed-smoke-test'
    DateTime=2026-06-15T07:38:49.4723683Z
Restler Information: 0 : Process execution terminated in 00:00:01.8296782 with exit code 0x0: 'python.exe -B "C:\Users\RLJ\Desktop\study\restler_bin\restler\../engine/restler.py" --restler_grammar "C:\Users\RLJ\Desktop\study\restler_bin\parallel_runs\parallel-20260615-153842\batch_1\task_3\grammar.py" --custom_mutations "C:\Users\RLJ\Desktop\study\restler_bin\parallel_runs\parallel-20260615-153842\batch_1\task_3\dict.json" --set_version 9.3.1    --no_ssl   --settings "C:\Users\RLJ\Desktop\study\restler_bin\engine_settings.json"     --include_user_agent --no_tokens_in_logs t --garbage_collection_interval 30 --fuzzing_mode directed-smoke-test'
    DateTime=2026-06-15T07:38:51.3021643Z
Restler Information: 0 : (4528) python.exe -B "C:\Users\RLJ\Desktop\study\restler_bin\restler\../engine/restler.py" --restler_grammar "C:\Users\RLJ\Desktop\study\restler_bin\parallel_runs\parallel-20260615-153842\batch_1\task_3\grammar.py" --custom_mutations "C:\Users\RLJ\Desktop\study\restler_bin\parallel_runs\parallel-20260615-153842\batch_1\task_3\dict.json" --set_version 9.3.1    --no_ssl   --settings "C:\Users\RLJ\Desktop\study\restler_bin\engine_settings.json"     --include_user_agent --no_tokens_in_logs t --garbage_collection_interval 30 --fuzzing_mode directed-smoke-test exited with code: 0
    DateTime=2026-06-15T07:38:51.3022313Z
Restler Information: 0 : Launching 'dotnet "C:\Users\RLJ\Desktop\study\restler_bin\restler\../resultsAnalyzer/Restler.ResultsAnalyzer.dll" analyze "C:\Users\RLJ\Desktop\study\restler_bin\parallel_runs\parallel-20260615-153842\batch_1\task_3\Test" --output_dir "C:\Users\RLJ\Desktop\study\restler_bin\parallel_runs\parallel-20260615-153842\batch_1\task_3\Test\ResponseBuckets" --dictionary_file "C:\Users\RLJ\Desktop\study\restler_bin\parallel_runs\parallel-20260615-153842\batch_1\task_3\dict.json" --max_instances_per_bucket 10'
    DateTime=2026-06-15T07:38:51.3176841Z
Restler Information: 0 : Process execution terminated in 00:00:00.3122653 with exit code 0x1: 'dotnet "C:\Users\RLJ\Desktop\study\restler_bin\restler\../resultsAnalyzer/Restler.ResultsAnalyzer.dll" analyze "C:\Users\RLJ\Desktop\study\restler_bin\parallel_runs\parallel-20260615-153842\batch_1\task_3\Test" --output_dir "C:\Users\RLJ\Desktop\study\restler_bin\parallel_runs\parallel-20260615-153842\batch_1\task_3\Test\ResponseBuckets" --dictionary_file "C:\Users\RLJ\Desktop\study\restler_bin\parallel_runs\parallel-20260615-153842\batch_1\task_3\dict.json" --max_instances_per_bucket 10'
    DateTime=2026-06-15T07:38:51.6300894Z
Restler Information: 0 : (22200) dotnet "C:\Users\RLJ\Desktop\study\restler_bin\restler\../resultsAnalyzer/Restler.ResultsAnalyzer.dll" analyze "C:\Users\RLJ\Desktop\study\restler_bin\parallel_runs\parallel-20260615-153842\batch_1\task_3\Test" --output_dir "C:\Users\RLJ\Desktop\study\restler_bin\parallel_runs\parallel-20260615-153842\batch_1\task_3\Test\ResponseBuckets" --dictionary_file "C:\Users\RLJ\Desktop\study\restler_bin\parallel_runs\parallel-20260615-153842\batch_1\task_3\dict.json" --max_instances_per_bucket 10 exited with code: 1
    DateTime=2026-06-15T07:38:51.6301609Z
Restler Error: 0 : Results analyzer for logs in C:\Users\RLJ\Desktop\study\restler_bin\parallel_runs\parallel-20260615-153842\batch_1\task_3\Test failed.
    DateTime=2026-06-15T07:38:51.6345061Z
Restler Information: 0 : Request coverage (successful / total): 2 / 5
    DateTime=2026-06-15T07:38:51.7432267Z
Restler Information: 0 : Attempted requests: 5 / 5
    DateTime=2026-06-15T07:38:51.7432886Z
Restler Information: 0 : No bugs were found.
    DateTime=2026-06-15T07:38:51.7448265Z
Restler Information: 0 : See 'coverage_failures_to_investigate.txt' to investigate API coverage.
    DateTime=2026-06-15T07:38:51.8100642Z
Restler Information: 0 : Task Test succeeded.
    DateTime=2026-06-15T07:38:51.8130507Z
Restler Information: 0 : Collecting logs...
    DateTime=2026-06-15T07:38:52.3543654Z
