Restler Information: 0 : Starting task Test...
    DateTime=2026-06-15T09:40:15.8875216Z
Restler Information: 0 : Launching 'python.exe --version'
    DateTime=2026-06-15T09:40:17.2591085Z
Restler Information: 0 : Process execution terminated in 00:00:00.0453791 with exit code 0x0: 'python.exe --version'
    DateTime=2026-06-15T09:40:17.4982904Z
Restler Information: 0 : (24888) python.exe --version exited with code: 0
    DateTime=2026-06-15T09:40:17.5037924Z
Restler Information: 0 : Launching 'python.exe -B "C:\Users\RLJ\Desktop\study\restler_bin\restler\../engine/restler.py" --restler_grammar "C:\Users\RLJ\Desktop\study\restler_bin\parallel_runs\parallel-20260615-174003\batch_2\task_4\grammar.py" --custom_mutations "C:\Users\RLJ\Desktop\study\restler_bin\parallel_runs\parallel-20260615-174003\batch_2\task_4\dict.json" --set_version 9.3.1    --no_ssl   --settings "C:\Users\RLJ\Desktop\study\restler_bin\engine_settings.json"     --include_user_agent --no_tokens_in_logs t --garbage_collection_interval 30 --fuzzing_mode directed-smoke-test'
    DateTime=2026-06-15T09:40:17.5168475Z
Restler Information: 0 : Process execution terminated in 00:00:01.4697361 with exit code 0x0: 'python.exe -B "C:\Users\RLJ\Desktop\study\restler_bin\restler\../engine/restler.py" --restler_grammar "C:\Users\RLJ\Desktop\study\restler_bin\parallel_runs\parallel-20260615-174003\batch_2\task_4\grammar.py" --custom_mutations "C:\Users\RLJ\Desktop\study\restler_bin\parallel_runs\parallel-20260615-174003\batch_2\task_4\dict.json" --set_version 9.3.1    --no_ssl   --settings "C:\Users\RLJ\Desktop\study\restler_bin\engine_settings.json"     --include_user_agent --no_tokens_in_logs t --garbage_collection_interval 30 --fuzzing_mode directed-smoke-test'
    DateTime=2026-06-15T09:40:18.9867897Z
Restler Information: 0 : (5236) python.exe -B "C:\Users\RLJ\Desktop\study\restler_bin\restler\../engine/restler.py" --restler_grammar "C:\Users\RLJ\Desktop\study\restler_bin\parallel_runs\parallel-20260615-174003\batch_2\task_4\grammar.py" --custom_mutations "C:\Users\RLJ\Desktop\study\restler_bin\parallel_runs\parallel-20260615-174003\batch_2\task_4\dict.json" --set_version 9.3.1    --no_ssl   --settings "C:\Users\RLJ\Desktop\study\restler_bin\engine_settings.json"     --include_user_agent --no_tokens_in_logs t --garbage_collection_interval 30 --fuzzing_mode directed-smoke-test exited with code: 0
    DateTime=2026-06-15T09:40:18.9868825Z
Restler Information: 0 : Launching 'dotnet "C:\Users\RLJ\Desktop\study\restler_bin\restler\../resultsAnalyzer/Restler.ResultsAnalyzer.dll" analyze "C:\Users\RLJ\Desktop\study\restler_bin\parallel_runs\parallel-20260615-174003\batch_2\task_4\Test" --output_dir "C:\Users\RLJ\Desktop\study\restler_bin\parallel_runs\parallel-20260615-174003\batch_2\task_4\Test\ResponseBuckets" --dictionary_file "C:\Users\RLJ\Desktop\study\restler_bin\parallel_runs\parallel-20260615-174003\batch_2\task_4\dict.json" --max_instances_per_bucket 10'
    DateTime=2026-06-15T09:40:18.9975739Z
Restler Information: 0 : Process execution terminated in 00:00:00.2826297 with exit code 0x1: 'dotnet "C:\Users\RLJ\Desktop\study\restler_bin\restler\../resultsAnalyzer/Restler.ResultsAnalyzer.dll" analyze "C:\Users\RLJ\Desktop\study\restler_bin\parallel_runs\parallel-20260615-174003\batch_2\task_4\Test" --output_dir "C:\Users\RLJ\Desktop\study\restler_bin\parallel_runs\parallel-20260615-174003\batch_2\task_4\Test\ResponseBuckets" --dictionary_file "C:\Users\RLJ\Desktop\study\restler_bin\parallel_runs\parallel-20260615-174003\batch_2\task_4\dict.json" --max_instances_per_bucket 10'
    DateTime=2026-06-15T09:40:19.2803928Z
Restler Information: 0 : (23004) dotnet "C:\Users\RLJ\Desktop\study\restler_bin\restler\../resultsAnalyzer/Restler.ResultsAnalyzer.dll" analyze "C:\Users\RLJ\Desktop\study\restler_bin\parallel_runs\parallel-20260615-174003\batch_2\task_4\Test" --output_dir "C:\Users\RLJ\Desktop\study\restler_bin\parallel_runs\parallel-20260615-174003\batch_2\task_4\Test\ResponseBuckets" --dictionary_file "C:\Users\RLJ\Desktop\study\restler_bin\parallel_runs\parallel-20260615-174003\batch_2\task_4\dict.json" --max_instances_per_bucket 10 exited with code: 1
    DateTime=2026-06-15T09:40:19.2804865Z
Restler Error: 0 : Results analyzer for logs in C:\Users\RLJ\Desktop\study\restler_bin\parallel_runs\parallel-20260615-174003\batch_2\task_4\Test failed.
    DateTime=2026-06-15T09:40:19.2865617Z
Restler Information: 0 : Request coverage (successful / total): 2 / 5
    DateTime=2026-06-15T09:40:19.3839477Z
Restler Information: 0 : Attempted requests: 5 / 5
    DateTime=2026-06-15T09:40:19.3840037Z
Restler Information: 0 : No bugs were found.
    DateTime=2026-06-15T09:40:19.3858882Z
Restler Information: 0 : See 'coverage_failures_to_investigate.txt' to investigate API coverage.
    DateTime=2026-06-15T09:40:19.4622644Z
Restler Information: 0 : Task Test succeeded.
    DateTime=2026-06-15T09:40:19.4654516Z
Restler Information: 0 : Collecting logs...
    DateTime=2026-06-15T09:40:19.9317350Z
