Restler Information: 0 : Starting task Test...
    DateTime=2026-06-15T07:39:00.2182643Z
Restler Information: 0 : Launching 'python.exe --version'
    DateTime=2026-06-15T07:39:04.0226993Z
Restler Information: 0 : Process execution terminated in 00:00:00.0378698 with exit code 0x0: 'python.exe --version'
    DateTime=2026-06-15T07:39:04.2435807Z
Restler Information: 0 : (7444) python.exe --version exited with code: 0
    DateTime=2026-06-15T07:39:04.2483479Z
Restler Information: 0 : Launching 'python.exe -B "C:\Users\RLJ\Desktop\study\restler_bin\restler\../engine/restler.py" --restler_grammar "C:\Users\RLJ\Desktop\study\restler_bin\parallel_runs\parallel-20260615-153842\batch_3\task_6\grammar.py" --custom_mutations "C:\Users\RLJ\Desktop\study\restler_bin\parallel_runs\parallel-20260615-153842\batch_3\task_6\dict.json" --set_version 9.3.1    --no_ssl   --settings "C:\Users\RLJ\Desktop\study\restler_bin\engine_settings.json"     --include_user_agent --no_tokens_in_logs t --garbage_collection_interval 30 --fuzzing_mode directed-smoke-test'
    DateTime=2026-06-15T07:39:04.2595639Z
Restler Information: 0 : Process execution terminated in 00:00:01.9980979 with exit code 0x0: 'python.exe -B "C:\Users\RLJ\Desktop\study\restler_bin\restler\../engine/restler.py" --restler_grammar "C:\Users\RLJ\Desktop\study\restler_bin\parallel_runs\parallel-20260615-153842\batch_3\task_6\grammar.py" --custom_mutations "C:\Users\RLJ\Desktop\study\restler_bin\parallel_runs\parallel-20260615-153842\batch_3\task_6\dict.json" --set_version 9.3.1    --no_ssl   --settings "C:\Users\RLJ\Desktop\study\restler_bin\engine_settings.json"     --include_user_agent --no_tokens_in_logs t --garbage_collection_interval 30 --fuzzing_mode directed-smoke-test'
    DateTime=2026-06-15T07:39:06.2578392Z
Restler Information: 0 : (5196) python.exe -B "C:\Users\RLJ\Desktop\study\restler_bin\restler\../engine/restler.py" --restler_grammar "C:\Users\RLJ\Desktop\study\restler_bin\parallel_runs\parallel-20260615-153842\batch_3\task_6\grammar.py" --custom_mutations "C:\Users\RLJ\Desktop\study\restler_bin\parallel_runs\parallel-20260615-153842\batch_3\task_6\dict.json" --set_version 9.3.1    --no_ssl   --settings "C:\Users\RLJ\Desktop\study\restler_bin\engine_settings.json"     --include_user_agent --no_tokens_in_logs t --garbage_collection_interval 30 --fuzzing_mode directed-smoke-test exited with code: 0
    DateTime=2026-06-15T07:39:06.2579395Z
Restler Information: 0 : Launching 'dotnet "C:\Users\RLJ\Desktop\study\restler_bin\restler\../resultsAnalyzer/Restler.ResultsAnalyzer.dll" analyze "C:\Users\RLJ\Desktop\study\restler_bin\parallel_runs\parallel-20260615-153842\batch_3\task_6\Test" --output_dir "C:\Users\RLJ\Desktop\study\restler_bin\parallel_runs\parallel-20260615-153842\batch_3\task_6\Test\ResponseBuckets" --dictionary_file "C:\Users\RLJ\Desktop\study\restler_bin\parallel_runs\parallel-20260615-153842\batch_3\task_6\dict.json" --max_instances_per_bucket 10'
    DateTime=2026-06-15T07:39:06.2767033Z
Restler Information: 0 : Process execution terminated in 00:00:00.3187755 with exit code 0x1: 'dotnet "C:\Users\RLJ\Desktop\study\restler_bin\restler\../resultsAnalyzer/Restler.ResultsAnalyzer.dll" analyze "C:\Users\RLJ\Desktop\study\restler_bin\parallel_runs\parallel-20260615-153842\batch_3\task_6\Test" --output_dir "C:\Users\RLJ\Desktop\study\restler_bin\parallel_runs\parallel-20260615-153842\batch_3\task_6\Test\ResponseBuckets" --dictionary_file "C:\Users\RLJ\Desktop\study\restler_bin\parallel_runs\parallel-20260615-153842\batch_3\task_6\dict.json" --max_instances_per_bucket 10'
    DateTime=2026-06-15T07:39:06.5956307Z
Restler Information: 0 : (3220) dotnet "C:\Users\RLJ\Desktop\study\restler_bin\restler\../resultsAnalyzer/Restler.ResultsAnalyzer.dll" analyze "C:\Users\RLJ\Desktop\study\restler_bin\parallel_runs\parallel-20260615-153842\batch_3\task_6\Test" --output_dir "C:\Users\RLJ\Desktop\study\restler_bin\parallel_runs\parallel-20260615-153842\batch_3\task_6\Test\ResponseBuckets" --dictionary_file "C:\Users\RLJ\Desktop\study\restler_bin\parallel_runs\parallel-20260615-153842\batch_3\task_6\dict.json" --max_instances_per_bucket 10 exited with code: 1
    DateTime=2026-06-15T07:39:06.5956994Z
Restler Error: 0 : Results analyzer for logs in C:\Users\RLJ\Desktop\study\restler_bin\parallel_runs\parallel-20260615-153842\batch_3\task_6\Test failed.
    DateTime=2026-06-15T07:39:06.6011011Z
Restler Information: 0 : Request coverage (successful / total): 3 / 5
    DateTime=2026-06-15T07:39:06.7059317Z
Restler Information: 0 : Attempted requests: 5 / 5
    DateTime=2026-06-15T07:39:06.7059883Z
Restler Information: 0 : No bugs were found.
    DateTime=2026-06-15T07:39:06.7074050Z
Restler Information: 0 : See 'coverage_failures_to_investigate.txt' to investigate API coverage.
    DateTime=2026-06-15T07:39:06.7792646Z
Restler Information: 0 : Task Test succeeded.
    DateTime=2026-06-15T07:39:06.7828034Z
Restler Information: 0 : Collecting logs...
    DateTime=2026-06-15T07:39:07.2854087Z
