Restler Information: 0 : Starting task Test...
    DateTime=2026-06-15T10:08:02.0273482Z
Restler Information: 0 : Launching 'python.exe --version'
    DateTime=2026-06-15T10:08:03.3715353Z
Restler Information: 0 : Process execution terminated in 00:00:00.0373616 with exit code 0x0: 'python.exe --version'
    DateTime=2026-06-15T10:08:03.5875046Z
Restler Information: 0 : (11932) python.exe --version exited with code: 0
    DateTime=2026-06-15T10:08:03.5924894Z
Restler Information: 0 : Launching 'python.exe -B "C:\Users\RLJ\Desktop\study\restler_bin\restler\../engine/restler.py" --restler_grammar "C:\Users\RLJ\Desktop\study\restler_bin\parallel_runs\parallel-20260615-180748\batch_3\task_7_non_delete\grammar.py" --custom_mutations "C:\Users\RLJ\Desktop\study\restler_bin\parallel_runs\parallel-20260615-180748\batch_3\task_7_non_delete\dict.json" --set_version 9.3.1    --no_ssl   --settings "C:\Users\RLJ\Desktop\study\restler_bin\engine_settings.json"     --include_user_agent --no_tokens_in_logs t --garbage_collection_interval 30 --fuzzing_mode directed-smoke-test'
    DateTime=2026-06-15T10:08:03.6038298Z
Restler Information: 0 : Process execution terminated in 00:00:00.8050520 with exit code 0x0: 'python.exe -B "C:\Users\RLJ\Desktop\study\restler_bin\restler\../engine/restler.py" --restler_grammar "C:\Users\RLJ\Desktop\study\restler_bin\parallel_runs\parallel-20260615-180748\batch_3\task_7_non_delete\grammar.py" --custom_mutations "C:\Users\RLJ\Desktop\study\restler_bin\parallel_runs\parallel-20260615-180748\batch_3\task_7_non_delete\dict.json" --set_version 9.3.1    --no_ssl   --settings "C:\Users\RLJ\Desktop\study\restler_bin\engine_settings.json"     --include_user_agent --no_tokens_in_logs t --garbage_collection_interval 30 --fuzzing_mode directed-smoke-test'
    DateTime=2026-06-15T10:08:04.4092000Z
Restler Information: 0 : (10356) python.exe -B "C:\Users\RLJ\Desktop\study\restler_bin\restler\../engine/restler.py" --restler_grammar "C:\Users\RLJ\Desktop\study\restler_bin\parallel_runs\parallel-20260615-180748\batch_3\task_7_non_delete\grammar.py" --custom_mutations "C:\Users\RLJ\Desktop\study\restler_bin\parallel_runs\parallel-20260615-180748\batch_3\task_7_non_delete\dict.json" --set_version 9.3.1    --no_ssl   --settings "C:\Users\RLJ\Desktop\study\restler_bin\engine_settings.json"     --include_user_agent --no_tokens_in_logs t --garbage_collection_interval 30 --fuzzing_mode directed-smoke-test exited with code: 0
    DateTime=2026-06-15T10:08:04.4093421Z
Restler Information: 0 : Launching 'dotnet "C:\Users\RLJ\Desktop\study\restler_bin\restler\../resultsAnalyzer/Restler.ResultsAnalyzer.dll" analyze "C:\Users\RLJ\Desktop\study\restler_bin\parallel_runs\parallel-20260615-180748\batch_3\task_7_non_delete\Test" --output_dir "C:\Users\RLJ\Desktop\study\restler_bin\parallel_runs\parallel-20260615-180748\batch_3\task_7_non_delete\Test\ResponseBuckets" --dictionary_file "C:\Users\RLJ\Desktop\study\restler_bin\parallel_runs\parallel-20260615-180748\batch_3\task_7_non_delete\dict.json" --max_instances_per_bucket 10'
    DateTime=2026-06-15T10:08:04.4234922Z
Restler Information: 0 : Process execution terminated in 00:00:00.2808239 with exit code 0x1: 'dotnet "C:\Users\RLJ\Desktop\study\restler_bin\restler\../resultsAnalyzer/Restler.ResultsAnalyzer.dll" analyze "C:\Users\RLJ\Desktop\study\restler_bin\parallel_runs\parallel-20260615-180748\batch_3\task_7_non_delete\Test" --output_dir "C:\Users\RLJ\Desktop\study\restler_bin\parallel_runs\parallel-20260615-180748\batch_3\task_7_non_delete\Test\ResponseBuckets" --dictionary_file "C:\Users\RLJ\Desktop\study\restler_bin\parallel_runs\parallel-20260615-180748\batch_3\task_7_non_delete\dict.json" --max_instances_per_bucket 10'
    DateTime=2026-06-15T10:08:04.7044472Z
Restler Information: 0 : (16708) dotnet "C:\Users\RLJ\Desktop\study\restler_bin\restler\../resultsAnalyzer/Restler.ResultsAnalyzer.dll" analyze "C:\Users\RLJ\Desktop\study\restler_bin\parallel_runs\parallel-20260615-180748\batch_3\task_7_non_delete\Test" --output_dir "C:\Users\RLJ\Desktop\study\restler_bin\parallel_runs\parallel-20260615-180748\batch_3\task_7_non_delete\Test\ResponseBuckets" --dictionary_file "C:\Users\RLJ\Desktop\study\restler_bin\parallel_runs\parallel-20260615-180748\batch_3\task_7_non_delete\dict.json" --max_instances_per_bucket 10 exited with code: 1
    DateTime=2026-06-15T10:08:04.7045198Z
Restler Error: 0 : Results analyzer for logs in C:\Users\RLJ\Desktop\study\restler_bin\parallel_runs\parallel-20260615-180748\batch_3\task_7_non_delete\Test failed.
    DateTime=2026-06-15T10:08:04.7091098Z
Restler Information: 0 : Request coverage (successful / total): 1 / 1
    DateTime=2026-06-15T10:08:04.8063754Z
Restler Information: 0 : Attempted requests: 1 / 1
    DateTime=2026-06-15T10:08:04.8064451Z
Restler Information: 0 : No bugs were found.
    DateTime=2026-06-15T10:08:04.8081393Z
Restler Information: 0 : Task Test succeeded.
    DateTime=2026-06-15T10:08:04.8192910Z
Restler Information: 0 : Collecting logs...
    DateTime=2026-06-15T10:08:05.2846863Z
