Restler Information: 0 : Starting task Test...
    DateTime=2026-06-15T10:09:58.2912194Z
Restler Information: 0 : Launching 'python.exe --version'
    DateTime=2026-06-15T10:09:59.6965735Z
Restler Information: 0 : Process execution terminated in 00:00:00.0431781 with exit code 0x0: 'python.exe --version'
    DateTime=2026-06-15T10:09:59.9218945Z
Restler Information: 0 : (24344) python.exe --version exited with code: 0
    DateTime=2026-06-15T10:09:59.9268734Z
Restler Information: 0 : Launching 'python.exe -B "C:\Users\RLJ\Desktop\study\restler_bin\restler\../engine/restler.py" --restler_grammar "C:\Users\RLJ\Desktop\study\restler_bin\parallel_runs\parallel-20260615-180950\batch_2\task_5_non_delete\grammar.py" --custom_mutations "C:\Users\RLJ\Desktop\study\restler_bin\parallel_runs\parallel-20260615-180950\batch_2\task_5_non_delete\dict.json" --set_version 9.3.1    --no_ssl   --settings "C:\Users\RLJ\Desktop\study\restler_bin\engine_settings.json"     --include_user_agent --no_tokens_in_logs t --garbage_collection_interval 30 --fuzzing_mode directed-smoke-test'
    DateTime=2026-06-15T10:09:59.9370550Z
Restler Information: 0 : Process execution terminated in 00:00:00.8955853 with exit code 0x0: 'python.exe -B "C:\Users\RLJ\Desktop\study\restler_bin\restler\../engine/restler.py" --restler_grammar "C:\Users\RLJ\Desktop\study\restler_bin\parallel_runs\parallel-20260615-180950\batch_2\task_5_non_delete\grammar.py" --custom_mutations "C:\Users\RLJ\Desktop\study\restler_bin\parallel_runs\parallel-20260615-180950\batch_2\task_5_non_delete\dict.json" --set_version 9.3.1    --no_ssl   --settings "C:\Users\RLJ\Desktop\study\restler_bin\engine_settings.json"     --include_user_agent --no_tokens_in_logs t --garbage_collection_interval 30 --fuzzing_mode directed-smoke-test'
    DateTime=2026-06-15T10:10:00.8327639Z
Restler Information: 0 : (22952) python.exe -B "C:\Users\RLJ\Desktop\study\restler_bin\restler\../engine/restler.py" --restler_grammar "C:\Users\RLJ\Desktop\study\restler_bin\parallel_runs\parallel-20260615-180950\batch_2\task_5_non_delete\grammar.py" --custom_mutations "C:\Users\RLJ\Desktop\study\restler_bin\parallel_runs\parallel-20260615-180950\batch_2\task_5_non_delete\dict.json" --set_version 9.3.1    --no_ssl   --settings "C:\Users\RLJ\Desktop\study\restler_bin\engine_settings.json"     --include_user_agent --no_tokens_in_logs t --garbage_collection_interval 30 --fuzzing_mode directed-smoke-test exited with code: 0
    DateTime=2026-06-15T10:10:00.8328417Z
Restler Information: 0 : Launching 'dotnet "C:\Users\RLJ\Desktop\study\restler_bin\restler\../resultsAnalyzer/Restler.ResultsAnalyzer.dll" analyze "C:\Users\RLJ\Desktop\study\restler_bin\parallel_runs\parallel-20260615-180950\batch_2\task_5_non_delete\Test" --output_dir "C:\Users\RLJ\Desktop\study\restler_bin\parallel_runs\parallel-20260615-180950\batch_2\task_5_non_delete\Test\ResponseBuckets" --dictionary_file "C:\Users\RLJ\Desktop\study\restler_bin\parallel_runs\parallel-20260615-180950\batch_2\task_5_non_delete\dict.json" --max_instances_per_bucket 10'
    DateTime=2026-06-15T10:10:00.8470306Z
Restler Information: 0 : Process execution terminated in 00:00:00.2985262 with exit code 0x1: 'dotnet "C:\Users\RLJ\Desktop\study\restler_bin\restler\../resultsAnalyzer/Restler.ResultsAnalyzer.dll" analyze "C:\Users\RLJ\Desktop\study\restler_bin\parallel_runs\parallel-20260615-180950\batch_2\task_5_non_delete\Test" --output_dir "C:\Users\RLJ\Desktop\study\restler_bin\parallel_runs\parallel-20260615-180950\batch_2\task_5_non_delete\Test\ResponseBuckets" --dictionary_file "C:\Users\RLJ\Desktop\study\restler_bin\parallel_runs\parallel-20260615-180950\batch_2\task_5_non_delete\dict.json" --max_instances_per_bucket 10'
    DateTime=2026-06-15T10:10:01.1456745Z
Restler Information: 0 : (22824) dotnet "C:\Users\RLJ\Desktop\study\restler_bin\restler\../resultsAnalyzer/Restler.ResultsAnalyzer.dll" analyze "C:\Users\RLJ\Desktop\study\restler_bin\parallel_runs\parallel-20260615-180950\batch_2\task_5_non_delete\Test" --output_dir "C:\Users\RLJ\Desktop\study\restler_bin\parallel_runs\parallel-20260615-180950\batch_2\task_5_non_delete\Test\ResponseBuckets" --dictionary_file "C:\Users\RLJ\Desktop\study\restler_bin\parallel_runs\parallel-20260615-180950\batch_2\task_5_non_delete\dict.json" --max_instances_per_bucket 10 exited with code: 1
    DateTime=2026-06-15T10:10:01.1457640Z
Restler Error: 0 : Results analyzer for logs in C:\Users\RLJ\Desktop\study\restler_bin\parallel_runs\parallel-20260615-180950\batch_2\task_5_non_delete\Test failed.
    DateTime=2026-06-15T10:10:01.1520773Z
Restler Information: 0 : Request coverage (successful / total): 4 / 4
    DateTime=2026-06-15T10:10:01.2749003Z
Restler Information: 0 : Attempted requests: 4 / 4
    DateTime=2026-06-15T10:10:01.2749626Z
Restler Information: 0 : No bugs were found.
    DateTime=2026-06-15T10:10:01.2771538Z
Restler Information: 0 : Task Test succeeded.
    DateTime=2026-06-15T10:10:01.2910488Z
Restler Information: 0 : Collecting logs...
    DateTime=2026-06-15T10:10:01.7671896Z
